Component: ARM Compiler 5.06 update 7 (build 960) Tool: armlink [4d3601]

==============================================================================

Section Cross References

    system_stm32f0xx.o(i.SystemCoreClockUpdate) refers to uidiv.o(.text) for __aeabi_uidivmod
    system_stm32f0xx.o(i.SystemCoreClockUpdate) refers to system_stm32f0xx.o(.data) for .data
    system_stm32f0xx.o(i.SystemInit) refers to system_stm32f0xx.o(i.SetSysClock) for SetSysClock
    startup_stm32f070x6.o(RESET) refers to startup_stm32f070x6.o(STACK) for __initial_sp
    startup_stm32f070x6.o(RESET) refers to startup_stm32f070x6.o(.text) for Reset_Handler
    startup_stm32f070x6.o(RESET) refers to stm32f0xx_it.o(i.SysTick_Handler) for SysTick_Handler
    startup_stm32f070x6.o(RESET) refers to stm32f0xx_it.o(i.USART1_IRQHandler) for USART1_IRQHandler
    startup_stm32f070x6.o(RESET) refers to stm32f0xx_it.o(i.USART2_IRQHandler) for USART2_IRQHandler
    startup_stm32f070x6.o(.text) refers to startup_stm32f070x6.o(STACK) for __initial_sp
    startup_stm32f070x6.o(.text) refers to system_stm32f0xx.o(i.SystemInit) for SystemInit
    startup_stm32f070x6.o(.text) refers to entry.o(.ARM.Collect$$$$00000000) for __main
    main.o(i.IapCheck) refers to bsp_driver.o(i.flash_write_halfword) for flash_write_halfword
    main.o(i.IapCheck) refers to stm32f0xx_it.o(i.millis) for millis
    main.o(i.IapCheck) refers to printf8.o(i.__0printf$8) for __2printf
    main.o(i.IapCheck) refers to bsp_driver.o(i.jumpToApplication) for jumpToApplication
    main.o(i.IapCheck) refers to ymodem.o(i.ymodem_init) for ymodem_init
    main.o(i.IapCheck) refers to bsp_driver.o(i.flash_erase) for flash_erase
    main.o(i.IapCheck) refers to stm32f0xx_it.o(i.delay_ms) for delay_ms
    main.o(i.IapCheck) refers to bsp_driver.o(i.UartMbsSendData) for UartMbsSendData
    main.o(i.IapCheck) refers to ymodem.o(.bss) for ymodem_session
    main.o(i.main) refers to system_stm32f0xx.o(i.SystemCoreClockUpdate) for SystemCoreClockUpdate
    main.o(i.main) refers to bsp_driver.o(i.gpio_init) for gpio_init
    main.o(i.main) refers to bsp_driver.o(i.uart_init) for uart_init
    main.o(i.main) refers to main.o(i.IapCheck) for IapCheck
    main.o(i.main) refers to modbus_user.o(i.MBS_MappingInit) for MBS_MappingInit
    main.o(i.main) refers to bsp_driver.o(i.FlashDataRead) for FlashDataRead
    main.o(i.main) refers to app.o(i.system_run) for system_run
    stm32f0xx_it.o(i.SysTick_Handler) refers to stm32f0xx_it.o(.data) for sys_ms
    stm32f0xx_it.o(i.SysTick_Handler) refers to bsp_driver.o(.bss) for uart_ir_state
    stm32f0xx_it.o(i.SysTick_Handler) refers to bsp_driver.o(.bss) for uart_rs485_state
    stm32f0xx_it.o(i.USART1_IRQHandler) refers to bsp_driver.o(.bss) for uart_ir_state
    stm32f0xx_it.o(i.USART2_IRQHandler) refers to bsp_driver.o(.bss) for uart_rs485_state
    stm32f0xx_it.o(i.delay_ms) refers to stm32f0xx_it.o(.data) for sys_ms
    stm32f0xx_it.o(i.fputc) refers to stm32f0xx_usart.o(i.USART_SendData) for USART_SendData
    stm32f0xx_it.o(i.fputc) refers to stm32f0xx_usart.o(i.USART_GetFlagStatus) for USART_GetFlagStatus
    stm32f0xx_it.o(i.millis) refers to stm32f0xx_it.o(.data) for sys_ms
    bsp_driver.o(i.FlashDataRead) refers to bsp_driver.o(.data) for offset1
    bsp_driver.o(i.FlashDataRead) refers to ir_ctrl.o(.bss) for IR_state
    bsp_driver.o(i.FlashDataRead) refers to modbus_user.o(.bss) for mbsCoilValue
    bsp_driver.o(i.FlashDataSave) refers to bsp_driver.o(i.flash_erase) for flash_erase
    bsp_driver.o(i.FlashDataSave) refers to bsp_driver.o(i.flash_write) for flash_write
    bsp_driver.o(i.FlashDataSave) refers to bsp_driver.o(.data) for offset1
    bsp_driver.o(i.FlashDataSave) refers to ir_ctrl.o(.bss) for IR_state
    bsp_driver.o(i.UartMbsSendData) refers to stm32f0xx_gpio.o(i.GPIO_SetBits) for GPIO_SetBits
    bsp_driver.o(i.UartMbsSendData) refers to stm32f0xx_gpio.o(i.GPIO_ResetBits) for GPIO_ResetBits
    bsp_driver.o(i.flash_erase) refers to stm32f0xx_it.o(i.millis) for millis
    bsp_driver.o(i.flash_erase) refers to printf8.o(i.__0printf$8) for __2printf
    bsp_driver.o(i.flash_erase) refers to stm32f0xx_flash.o(i.FLASH_Unlock) for FLASH_Unlock
    bsp_driver.o(i.flash_erase) refers to stm32f0xx_flash.o(i.FLASH_ClearFlag) for FLASH_ClearFlag
    bsp_driver.o(i.flash_erase) refers to stm32f0xx_flash.o(i.FLASH_ErasePage) for FLASH_ErasePage
    bsp_driver.o(i.flash_erase) refers to stm32f0xx_flash.o(i.FLASH_Lock) for FLASH_Lock
    bsp_driver.o(i.flash_program_bytes) refers to stm32f0xx_it.o(i.millis) for millis
    bsp_driver.o(i.flash_program_bytes) refers to printf8.o(i.__0printf$8) for __2printf
    bsp_driver.o(i.flash_program_bytes) refers to memcpya.o(.text) for __aeabi_memcpy
    bsp_driver.o(i.flash_program_bytes) refers to stm32f0xx_flash.o(i.FLASH_Unlock) for FLASH_Unlock
    bsp_driver.o(i.flash_program_bytes) refers to stm32f0xx_flash.o(i.FLASH_ClearFlag) for FLASH_ClearFlag
[...]
    printf4.o(i.__0vprintf$4) refers to stdout.o(.data) for __stdout
    printf4.o(i.__0vsnprintf$4) refers to printf4.o(i._printf_core) for _printf_core
    printf4.o(i.__0vsnprintf$4) refers to printf4.o(i._snputc) for _snputc
    printf4.o(i.__0vsprintf$4) refers to printf4.o(i._printf_core) for _printf_core
    printf4.o(i.__0vsprintf$4) refers to printf4.o(i._sputc) for _sputc
    printf4.o(i._printf_core) refers to uldiv.o(.text) for __aeabi_uldivmod
    printf5.o(i.__0fprintf$5) refers to printf5.o(i._printf_core) for _printf_core
    printf5.o(i.__0fprintf$5) refers to stm32f0xx_it.o(i.fputc) for fputc
    printf5.o(i.__0printf$5) refers to printf5.o(i._printf_core) for _printf_core
    printf5.o(i.__0printf$5) refers to stm32f0xx_it.o(i.fputc) for fputc
    printf5.o(i.__0printf$5) refers to stdout.o(.data) for __stdout
    printf5.o(i.__0snprintf$5) refers to printf5.o(i._printf_core) for _printf_core
    printf5.o(i.__0snprintf$5) refers to printf5.o(i._snputc) for _snputc
    printf5.o(i.__0sprintf$5) refers to printf5.o(i._printf_core) for _printf_core
    printf5.o(i.__0sprintf$5) refers to printf5.o(i._sputc) for _sputc
    printf5.o(i.__0vfprintf$5) refers to printf5.o(i._printf_core) for _printf_core
    printf5.o(i.__0vfprintf$5) refers to stm32f0xx_it.o(i.fputc) for fputc
    printf5.o(i.__0vprintf$5) refers to printf5.o(i._printf_core) for _printf_core
    printf5.o(i.__0vprintf$5) refers to stm32f0xx_it.o(i.fputc) for fputc
    printf5.o(i.__0vprintf$5) refers to stdout.o(.data) for __stdout
    printf5.o(i.__0vsnprintf$5) refers to printf5.o(i._printf_core) for _printf_core
    printf5.o(i.__0vsnprintf$5) refers to printf5.o(i._snputc) for _snputc
    printf5.o(i.__0vsprintf$5) refers to printf5.o(i._printf_core) for _printf_core
    printf5.o(i.__0vsprintf$5) refers to printf5.o(i._sputc) for _sputc
    printf5.o(i._printf_core) refers to uldiv.o(.text) for __aeabi_uldivmod
    printf6.o(i.__0fprintf$6) refers to printf6.o(i._printf_core) for _printf_core
    printf6.o(i.__0fprintf$6) refers to stm32f0xx_it.o(i.fputc) for fputc
    printf6.o(i.__0printf$6) refers to printf6.o(i._printf_core) for _printf_core
    printf6.o(i.__0printf$6) refers to stm32f0xx_it.o(i.fputc) for fputc
    printf6.o(i.__0printf$6) refers to stdout.o(.data) for __stdout
    printf6.o(i.__0snprintf$6) refers to printf6.o(i._printf_core) for _printf_core
    printf6.o(i.__0snprintf$6) refers to printf6.o(i._snputc) for _snputc
    printf6.o(i.__0sprintf$6) refers to printf6.o(i._printf_core) for _printf_core
    printf6.o(i.__0sprintf$6) refers to printf6.o(i._sputc) for _sputc
    printf6.o(i.__0vfprintf$6) refers to printf6.o(i._printf_core) for _printf_core
    printf6.o(i.__0vfprintf$6) refers to stm32f0xx_it.o(i.fputc) for fputc
    printf6.o(i.__0vprintf$6) refers to printf6.o(i._printf_core) for _printf_core
    printf6.o(i.__0vprintf$6) refers to stm32f0xx_it.o(i.fputc) for fputc
    printf6.o(i.__0vprintf$6) refers to stdout.o(.data) for __stdout
    printf6.o(i.__0vsnprintf$6) refers to printf6.o(i._printf_core) for _printf_core
    printf6.o(i.__0vsnprintf$6) refers to printf6.o(i._snputc) for _snputc
    printf6.o(i.__0vsprintf$6) refers to printf6.o(i._printf_core) for _printf_core
    printf6.o(i.__0vsprintf$6) refers to printf6.o(i._sputc) for _sputc
    printf6.o(i._printf_core) refers to printf6.o(i._printf_pre_padding) for _printf_pre_padding
    printf6.o(i._printf_core) refers to printf6.o(i._printf_post_padding) for _printf_post_padding
    printf6.o(i._printf_core) refers to uidiv.o(.text) for __aeabi_uidivmod
    printf7.o(i.__0fprintf$7) refers to printf7.o(i._printf_core) for _printf_core
    printf7.o(i.__0fprintf$7) refers to stm32f0xx_it.o(i.fputc) for fputc
    printf7.o(i.__0printf$7) refers to printf7.o(i._printf_core) for _printf_core
    printf7.o(i.__0printf$7) refers to stm32f0xx_it.o(i.fputc) for fputc
    printf7.o(i.__0printf$7) refers to stdout.o(.data) for __stdout
    printf7.o(i.__0snprintf$7) refers to printf7.o(i._printf_core) for _printf_core
    printf7.o(i.__0snprintf$7) refers to printf7.o(i._snputc) for _snputc
    printf7.o(i.__0sprintf$7) refers to printf7.o(i._printf_core) for _printf_core
    printf7.o(i.__0sprintf$7) refers to printf7.o(i._sputc) for _sputc
    printf7.o(i.__0vfprintf$7) refers to printf7.o(i._printf_core) for _printf_core
    printf7.o(i.__0vfprintf$7) refers to stm32f0xx_it.o(i.fputc) for fputc
    printf7.o(i.__0vprintf$7) refers to printf7.o(i._printf_core) for _printf_core
    printf7.o(i.__0vprintf$7) refers to stm32f0xx_it.o(i.fputc) for fputc
    printf7.o(i.__0vprintf$7) refers to stdout.o(.data) for __stdout
    printf7.o(i.__0vsnprintf$7) refers to printf7.o(i._printf_core) for _printf_core
    printf7.o(i.__0vsnprintf$7) refers to printf7.o(i._snputc) for _snputc
    printf7.o(i.__0vsprintf$7) refers to printf7.o(i._printf_core) for _printf_core
    printf7.o(i.__0vsprintf$7) refers to printf7.o(i._sputc) for _sputc
    printf7.o(i._printf_core) refers to printf7.o(i._printf_pre_padding) for _printf_pre_padding
    printf7.o(i._printf_core) refers to printf7.o(i._printf_post_padding) for _printf_post_padding
    printf7.o(i._printf_core) refers to uldiv.o(.text) for __aeabi_uldivmod
    printf8.o(i.__0fprintf$8) refers to printf8.o(i._printf_core) for _printf_core
    printf8.o(i.__0fprintf$8) refers to stm32f0xx_it.o(i.fputc) for fputc
    printf8.o(i.__0printf$8) refers to printf8.o(i._printf_core) for _printf_core
    printf8.o(i.__0printf$8) refers to stm32f0xx_it.o(i.fputc) for fputc
    printf8.o(i.__0printf$8) refers to stdout.o(.data) for __stdout
    printf8.o(i.__0snprintf$8) refers to printf8.o(i._printf_core) for _printf_core
    printf8.o(i.__0snprintf$8) refers to printf8.o(i._snputc) for _snputc
    printf8.o(i.__0sprintf$8) refers to printf8.o(i._printf_core) for _printf_core
    printf8.o(i.__0sprintf$8) refers to printf8.o(i._sputc) for _sputc
    printf8.o(i.__0vfprintf$8) refers to printf8.o(i._printf_core) for _printf_core
    printf8.o(i.__0vfprintf$8) refers to stm32f0xx_it.o(i.fputc) for fputc
    printf8.o(i.__0vprintf$8) refers to printf8.o(i._printf_core) for _printf_core
    printf8.o(i.__0vprintf$8) refers to stm32f0xx_it.o(i.fputc) for fputc
    printf8.o(i.__0vprintf$8) refers to stdout.o(.data) for __stdout
    printf8.o(i.__0vsnprintf$8) refers to printf8.o(i._printf_core) for _printf_core
    printf8.o(i.__0vsnprintf$8) refers to printf8.o(i._snputc) for _snputc
    printf8.o(i.__0vsprintf$8) refers to printf8.o(i._printf_core) for _printf_core
    printf8.o(i.__0vsprintf$8) refers to printf8.o(i._sputc) for _sputc
    printf8.o(i._printf_core) refers to printf8.o(i._printf_pre_padding) for _printf_pre_padding
    printf8.o(i._printf_core) refers to printf8.o(i._printf_post_padding) for _printf_post_padding
    printf8.o(i._printf_core) refers to uldiv.o(.text) for __aeabi_uldivmod
    printfa.o(i.__0fprintf) refers (Special) to iusefp.o(.text) for __I$use$fp
    printfa.o(i.__0fprintf) refers to printfa.o(i._printf_core) for _printf_core
    printfa.o(i.__0fprintf) refers to stm32f0xx_it.o(i.fputc) for fputc
    printfa.o(i.__0printf) refers (Special) to iusefp.o(.text) for __I$use$fp
    printfa.o(i.__0printf) refers to printfa.o(i._printf_core) for _printf_core
    printfa.o(i.__0printf) refers to stm32f0xx_it.o(i.fputc) for fputc
    printfa.o(i.__0printf) refers to stdout.o(.data) for __stdout
    printfa.o(i.__0snprintf) refers (Special) to iusefp.o(.text) for __I$use$fp
    printfa.o(i.__0snprintf) refers to printfa.o(i._printf_core) for _printf_core
    printfa.o(i.__0snprintf) refers to printfa.o(i._snputc) for _snputc
    printfa.o(i.__0sprintf) refers (Special) to iusefp.o(.text) for __I$use$fp
    printfa.o(i.__0sprintf) refers to printfa.o(i._printf_core) for _printf_core
    printfa.o(i.__0sprintf) refers to printfa.o(i._sputc) for _sputc
    printfa.o(i.__0vfprintf) refers (Special) to iusefp.o(.text) for __I$use$fp
    printfa.o(i.__0vfprintf) refers to printfa.o(i._printf_core) for _printf_core
    printfa.o(i.__0vfprintf) refers to stm32f0xx_it.o(i.fputc) for fputc
    printfa.o(i.__0vprintf) refers (Special) to iusefp.o(.text) for __I$use$fp
    printfa.o(i.__0vprintf) refers to printfa.o(i._printf_core) for _printf_core
    printfa.o(i.__0vprintf) refers to stm32f0xx_it.o(i.fputc) for fputc
    printfa.o(i.__0vprintf) refers to stdout.o(.data) for __stdout
    printfa.o(i.__0vsnprintf) refers (Special) to iusefp.o(.text) for __I$use$fp
    printfa.o(i.__0vsnprintf) refers to printfa.o(i._printf_core) for _printf_core
    printfa.o(i.__0vsnprintf) refers to printfa.o(i._snputc) for _snputc
    printfa.o(i.__0vsprintf) refers (Special) to iusefp.o(.text) for __I$use$fp
    printfa.o(i.__0vsprintf) refers to printfa.o(i._printf_core) for _printf_core
    printfa.o(i.__0vsprintf) refers to printfa.o(i._sputc) for _sputc
    printfa.o(i._fp_digits) refers (Special) to iusefp.o(.text) for __I$use$fp
    printfa.o(i._fp_digits) refers to dmul.o(.text) for __aeabi_dmul
    printfa.o(i._fp_digits) refers to ddiv.o(.text) for __aeabi_ddiv
    printfa.o(i._fp_digits) refers to cdrcmple.o(.text) for __aeabi_cdrcmple
    printfa.o(i._fp_digits) refers to dadd.o(.text) for __aeabi_dadd
    printfa.o(i._fp_digits) refers to dfixul.o(.text) for __aeabi_d2ulz
    printfa.o(i._fp_digits) refers to uldiv.o(.text) for __aeabi_uldivmod
    printfa.o(i._printf_core) refers (Special) to iusefp.o(.text) for __I$use$fp
    printfa.o(i._printf_core) refers to printfa.o(i._printf_pre_padding) for _printf_pre_padding
    printfa.o(i._printf_core) refers to uldiv.o(.text) for __aeabi_uldivmod
    printfa.o(i._printf_core) refers to printfa.o(i._printf_post_padding) for _printf_post_padding
    printfa.o(i._printf_core) refers to printfa.o(i._fp_digits) for _fp_digits
    printfa.o(i._printf_core) refers to uidiv.o(.text) for __aeabi_uidivmod
    printfa.o(i._printf_post_padding) refers (Special) to iusefp.o(.text) for __I$use$fp
    printfa.o(i._printf_pre_padding) refers (Special) to iusefp.o(.text) for __I$use$fp
    printfa.o(i._snputc) refers (Special) to iusefp.o(.text) for __I$use$fp
    printfa.o(i._sputc) refers (Special) to iusefp.o(.text) for __I$use$fp
    entry2.o(.ARM.Collect$$$$00000001) refers to entry2.o(.ARM.Collect$$$$00002712) for __lit__00000000
    entry2.o(.ARM.Collect$$$$00002712) refers to startup_stm32f070x6.o(STACK) for __initial_sp
    entry2.o(__vectab_stack_and_reset_area) refers to startup_stm32f070x6.o(STACK) for __initial_sp
    entry2.o(__vectab_stack_and_reset_area) refers to entry.o(.ARM.Collect$$$$00000000) for __main
    entry5.o(.ARM.Collect$$$$00000004) refers to init.o(.text) for __scatterload
    entry9a.o(.ARM.Collect$$$$0000000B) refers to main.o(i.main) for main
    entry9b.o(.ARM.Collect$$$$0000000C) refers to main.o(i.main) for main
    uldiv.o(.text) refers to llushr.o(.text) for __aeabi_llsr
    uldiv.o(.text) refers to llshl.o(.text) for __aeabi_llsl
    dadd.o(.text) refers to llshl.o(.text) for __aeabi_llsl
    dadd.o(.text) refers to llsshr.o(.text) for __aeabi_lasr
    dadd.o(.text) refers to depilogue.o(.text) for _double_epilogue
    dmul.o(.text) refers to depilogue.o(.text) for _double_epilogue
    ddiv.o(.text) refers to depilogue.o(.text) for _double_round
    dfixul.o(.text) refers to llushr.o(.text) for __aeabi_llsr
    dfixul.o(.text) refers to llshl.o(.text) for __aeabi_llsl
    init.o(.text) refers to entry5.o(.ARM.Collect$$$$00000004) for __main_after_scatterload
    depilogue.o(.text) refers to depilogue.o(i.__ARM_clz) for __ARM_clz
    depilogue.o(.text) refers to llshl.o(.text) for __aeabi_llsl
    depilogue.o(.text) refers to llushr.o(.text) for __aeabi_llsr


==============================================================================

Removing Unused input sections from the image.

    Removing system_stm32f0xx.o(.rev16_text), (4 bytes).
    Removing system_stm32f0xx.o(.revsh_text), (4 bytes).
    Removing startup_stm32f070x6.o(HEAP), (512 bytes).
    Removing stm32f0xx_misc.o(.rev16_text), (4 bytes).
    Removing stm32f0xx_misc.o(.revsh_text), (4 bytes).
    Removing stm32f0xx_misc.o(i.NVIC_SystemLPConfig), (28 bytes).
    Removing stm32f0xx_misc.o(i.SysTick_CLKSourceConfig), (28 bytes).
    Removing main.o(.rev16_text), (4 bytes).
    Removing main.o(.revsh_text), (4 bytes).
    Removing stm32f0xx_it.o(.rev16_text), (4 bytes).
    Removing stm32f0xx_it.o(.revsh_text), (4 bytes).
    Removing bsp_driver.o(.rev16_text), (4 bytes).
    Removing bsp_driver.o(.revsh_text), (4 bytes).
    Removing bsp_driver.o(i.flash_write_word), (96 bytes).
    Removing bsp_driver.o(i.watchDog_init), (40 bytes).
    Removing app.o(.rev16_text), (4 bytes).
    Removing app.o(.revsh_text), (4 bytes).
    Removing ir_ctrl.o(.rev16_text), (4 bytes).
    Removing ir_ctrl.o(.revsh_text), (4 bytes).
    Removing ir_ctrl.o(i.ir_state_init), (124 bytes).
    Removing ringbuffer.o(.rev16_text), (4 bytes).
    Removing ringbuffer.o(.revsh_text), (4 bytes).
    Removing ymodem.o(.rev16_text), (4 bytes).
    Removing ymodem.o(.revsh_text), (4 bytes).
    Removing stm32f0xx_tim.o(.rev16_text), (4 bytes).
    Removing stm32f0xx_tim.o(.revsh_text), (4 bytes).
    Removing stm32f0xx_tim.o(i.TI1_Config), (40 bytes).
    Removing stm32f0xx_tim.o(i.TI2_Config), (48 bytes).
    Removing stm32f0xx_tim.o(i.TI3_Config), (52 bytes).
    Removing stm32f0xx_tim.o(i.TI4_Config), (60 bytes).
    Removing stm32f0xx_tim.o(i.TIM_ARRPreloadConfig), (22 bytes).
    Removing stm32f0xx_tim.o(i.TIM_BDTRConfig), (34 bytes).
    Removing stm32f0xx_tim.o(i.TIM_BDTRStructInit), (18 bytes).
    Removing stm32f0xx_tim.o(i.TIM_CCPreloadControl), (24 bytes).
    Removing stm32f0xx_tim.o(i.TIM_CCxCmd), (22 bytes).
    Removing stm32f0xx_tim.o(i.TIM_CCxNCmd), (22 bytes).
    Removing stm32f0xx_tim.o(i.TIM_ClearFlag), (6 bytes).
    Removing stm32f0xx_tim.o(i.TIM_ClearITPendingBit), (6 bytes).
    Removing stm32f0xx_tim.o(i.TIM_ClearOC1Ref), (12 bytes).
    Removing stm32f0xx_tim.o(i.TIM_ClearOC2Ref), (14 bytes).
    Removing stm32f0xx_tim.o(i.TIM_ClearOC3Ref), (12 bytes).
    Removing stm32f0xx_tim.o(i.TIM_ClearOC4Ref), (14 bytes).
    Removing stm32f0xx_tim.o(i.TIM_Cmd), (24 bytes).
    Removing stm32f0xx_tim.o(i.TIM_CounterModeConfig), (12 bytes).
    Removing stm32f0xx_tim.o(i.TIM_CtrlPWMOutputs), (28 bytes).
    Removing stm32f0xx_tim.o(i.TIM_DMACmd), (20 bytes).
    Removing stm32f0xx_tim.o(i.TIM_DMAConfig), (8 bytes).
    Removing stm32f0xx_tim.o(i.TIM_DeInit), (264 bytes).
    Removing stm32f0xx_tim.o(i.TIM_ETRClockMode1Config), (30 bytes).
    Removing stm32f0xx_tim.o(i.TIM_ETRClockMode2Config), (22 bytes).
    Removing stm32f0xx_tim.o(i.TIM_ETRConfig), (18 bytes).
    Removing stm32f0xx_tim.o(i.TIM_EncoderInterfaceConfig), (48 bytes).
    Removing stm32f0xx_tim.o(i.TIM_ForcedOC1Config), (12 bytes).
    Removing stm32f0xx_tim.o(i.TIM_ForcedOC2Config), (20 bytes).
    Removing stm32f0xx_tim.o(i.TIM_ForcedOC3Config), (12 bytes).
    Removing stm32f0xx_tim.o(i.TIM_ForcedOC4Config), (20 bytes).
    Removing stm32f0xx_tim.o(i.TIM_GenerateEvent), (4 bytes).
    Removing stm32f0xx_tim.o(i.TIM_GetCapture1), (4 bytes).
    Removing stm32f0xx_tim.o(i.TIM_GetCapture2), (4 bytes).
    Removing stm32f0xx_tim.o(i.TIM_GetCapture3), (4 bytes).
    Removing stm32f0xx_tim.o(i.TIM_GetCapture4), (4 bytes).
    Removing stm32f0xx_tim.o(i.TIM_GetCounter), (4 bytes).
    Removing stm32f0xx_tim.o(i.TIM_GetFlagStatus), (14 bytes).
    Removing stm32f0xx_tim.o(i.TIM_GetITStatus), (24 bytes).
    Removing stm32f0xx_tim.o(i.TIM_GetPrescaler), (4 bytes).
    Removing stm32f0xx_tim.o(i.TIM_ICInit), (90 bytes).
    Removing stm32f0xx_tim.o(i.TIM_ICStructInit), (16 bytes).
    Removing stm32f0xx_tim.o(i.TIM_ITConfig), (20 bytes).
    Removing stm32f0xx_tim.o(i.TIM_ITRxExternalClockConfig), (20 bytes).
    Removing stm32f0xx_tim.o(i.TIM_InternalClockConfig), (10 bytes).
    Removing stm32f0xx_tim.o(i.TIM_OC1FastConfig), (12 bytes).
    Removing stm32f0xx_tim.o(i.TIM_OC1Init), (132 bytes).
    Removing stm32f0xx_tim.o(i.TIM_OC1NPolarityConfig), (12 bytes).
    Removing stm32f0xx_tim.o(i.TIM_OC1PolarityConfig), (12 bytes).
    Removing stm32f0xx_tim.o(i.TIM_OC1PreloadConfig), (12 bytes).
    Removing stm32f0xx_tim.o(i.TIM_OC2FastConfig), (20 bytes).
    Removing stm32f0xx_tim.o(i.TIM_OC2Init), (152 bytes).
    Removing stm32f0xx_tim.o(i.TIM_OC2NPolarityConfig), (14 bytes).
    Removing stm32f0xx_tim.o(i.TIM_OC2PolarityConfig), (14 bytes).
    Removing stm32f0xx_tim.o(i.TIM_OC2PreloadConfig), (20 bytes).
    Removing stm32f0xx_tim.o(i.TIM_OC3FastConfig), (12 bytes).
    Removing stm32f0xx_tim.o(i.TIM_OC3Init), (144 bytes).
    Removing stm32f0xx_tim.o(i.TIM_OC3NPolarityConfig), (20 bytes).
    Removing stm32f0xx_tim.o(i.TIM_OC3PolarityConfig), (20 bytes).
    Removing stm32f0xx_tim.o(i.TIM_OC3PreloadConfig), (12 bytes).
    Removing stm32f0xx_tim.o(i.TIM_OC4FastConfig), (20 bytes).
    Removing stm32f0xx_tim.o(i.TIM_OC4Init), (108 bytes).
    Removing stm32f0xx_tim.o(i.TIM_OC4PolarityConfig), (20 bytes).
    Removing stm32f0xx_tim.o(i.TIM_OC4PreloadConfig), (20 bytes).
    Removing stm32f0xx_tim.o(i.TIM_OCStructInit), (20 bytes).
    Removing stm32f0xx_tim.o(i.TIM_PWMIConfig), (106 bytes).
    Removing stm32f0xx_tim.o(i.TIM_PrescalerConfig), (6 bytes).
    Removing stm32f0xx_tim.o(i.TIM_RemapConfig), (6 bytes).
    Removing stm32f0xx_tim.o(i.TIM_SelectCCDMA), (22 bytes).
    Removing stm32f0xx_tim.o(i.TIM_SelectCOM), (22 bytes).
    Removing stm32f0xx_tim.o(i.TIM_SelectHallSensor), (22 bytes).
    Removing stm32f0xx_tim.o(i.TIM_SelectInputTrigger), (12 bytes).
    Removing stm32f0xx_tim.o(i.TIM_SelectMasterSlaveMode), (16 bytes).
    Removing stm32f0xx_tim.o(i.TIM_SelectOCREFClear), (16 bytes).
    Removing stm32f0xx_tim.o(i.TIM_SelectOCxM), (74 bytes).
    Removing stm32f0xx_tim.o(i.TIM_SelectOnePulseMode), (16 bytes).
    Removing stm32f0xx_tim.o(i.TIM_SelectOutputTrigger), (16 bytes).
    Removing stm32f0xx_tim.o(i.TIM_SelectSlaveMode), (16 bytes).
    Removing stm32f0xx_tim.o(i.TIM_SetAutoreload), (4 bytes).
    Removing stm32f0xx_tim.o(i.TIM_SetClockDivision), (20 bytes).
    Removing stm32f0xx_tim.o(i.TIM_SetCompare1), (4 bytes).
    Removing stm32f0xx_tim.o(i.TIM_SetCompare2), (4 bytes).
    Removing stm32f0xx_tim.o(i.TIM_SetCompare3), (4 bytes).
    Removing stm32f0xx_tim.o(i.TIM_SetCompare4), (4 bytes).
    Removing stm32f0xx_tim.o(i.TIM_SetCounter), (4 bytes).
    Removing stm32f0xx_tim.o(i.TIM_SetIC1Prescaler), (16 bytes).
    Removing stm32f0xx_tim.o(i.TIM_SetIC2Prescaler), (24 bytes).
    Removing stm32f0xx_tim.o(i.TIM_SetIC3Prescaler), (16 bytes).
    Removing stm32f0xx_tim.o(i.TIM_SetIC4Prescaler), (24 bytes).
    Removing stm32f0xx_tim.o(i.TIM_TIxExternalClockConfig), (48 bytes).
    Removing stm32f0xx_tim.o(i.TIM_TimeBaseInit), (116 bytes).
    Removing stm32f0xx_tim.o(i.TIM_TimeBaseStructInit), (18 bytes).
    Removing stm32f0xx_tim.o(i.TIM_UpdateDisableConfig), (22 bytes).
    Removing stm32f0xx_tim.o(i.TIM_UpdateRequestConfig), (22 bytes).
    Removing stm32f0xx_rcc.o(.rev16_text), (4 bytes).
    Removing stm32f0xx_rcc.o(.revsh_text), (4 bytes).
    Removing stm32f0xx_rcc.o(i.RCC_ADCCLKConfig), (44 bytes).
    Removing stm32f0xx_rcc.o(i.RCC_AHBPeriphResetCmd), (28 bytes).
    Removing stm32f0xx_rcc.o(i.RCC_APB1PeriphResetCmd), (28 bytes).
    Removing stm32f0xx_rcc.o(i.RCC_APB2PeriphResetCmd), (28 bytes).
    Removing stm32f0xx_rcc.o(i.RCC_AdjustHSI14CalibrationValue), (20 bytes).
    Removing stm32f0xx_rcc.o(i.RCC_AdjustHSICalibrationValue), (20 bytes).
    Removing stm32f0xx_rcc.o(i.RCC_BackupResetCmd), (32 bytes).
    Removing stm32f0xx_rcc.o(i.RCC_CECCLKConfig), (24 bytes).
    Removing stm32f0xx_rcc.o(i.RCC_ClearFlag), (20 bytes).
    Removing stm32f0xx_rcc.o(i.RCC_ClearITPendingBit), (12 bytes).
    Removing stm32f0xx_rcc.o(i.RCC_ClockSecuritySystemCmd), (32 bytes).
    Removing stm32f0xx_rcc.o(i.RCC_DeInit), (92 bytes).
    Removing stm32f0xx_rcc.o(i.RCC_GetClocksFreq), (404 bytes).
    Removing stm32f0xx_rcc.o(i.RCC_GetFlagStatus), (56 bytes).
    Removing stm32f0xx_rcc.o(i.RCC_GetITStatus), (20 bytes).
    Removing stm32f0xx_rcc.o(i.RCC_GetSYSCLKSource), (16 bytes).
    Removing stm32f0xx_rcc.o(i.RCC_HCLKConfig), (20 bytes).
    Removing stm32f0xx_rcc.o(i.RCC_HSEConfig), (16 bytes).
    Removing stm32f0xx_rcc.o(i.RCC_HSI14ADCRequestCmd), (28 bytes).
    Removing stm32f0xx_rcc.o(i.RCC_HSI14Cmd), (32 bytes).
    Removing stm32f0xx_rcc.o(i.RCC_HSI48Cmd), (32 bytes).
    Removing stm32f0xx_rcc.o(i.RCC_HSICmd), (32 bytes).
    Removing stm32f0xx_rcc.o(i.RCC_I2CCLKConfig), (24 bytes).
    Removing stm32f0xx_rcc.o(i.RCC_ITConfig), (28 bytes).
    Removing stm32f0xx_rcc.o(i.RCC_LSEConfig), (32 bytes).
    Removing stm32f0xx_rcc.o(i.RCC_LSEDriveConfig), (24 bytes).
    Removing stm32f0xx_rcc.o(i.RCC_LSICmd), (32 bytes).
    Removing stm32f0xx_rcc.o(i.RCC_MCOConfig), (24 bytes).
    Removing stm32f0xx_rcc.o(i.RCC_PCLKConfig), (20 bytes).
    Removing stm32f0xx_rcc.o(i.RCC_PLLCmd), (32 bytes).
    Removing stm32f0xx_rcc.o(i.RCC_PLLConfig), (28 bytes).
    Removing stm32f0xx_rcc.o(i.RCC_PREDIV1Config), (20 bytes).
    Removing stm32f0xx_rcc.o(i.RCC_RTCCLKCmd), (32 bytes).
    Removing stm32f0xx_rcc.o(i.RCC_RTCCLKConfig), (16 bytes).
    Removing stm32f0xx_rcc.o(i.RCC_SYSCLKConfig), (20 bytes).
    Removing stm32f0xx_rcc.o(i.RCC_USARTCLKConfig), (56 bytes).
    Removing stm32f0xx_rcc.o(i.RCC_USBCLKConfig), (24 bytes).
    Removing stm32f0xx_rcc.o(i.RCC_WaitForHSEStartUp), (50 bytes).
    Removing stm32f0xx_rcc.o(.data), (16 bytes).
    Removing stm32f0xx_gpio.o(.rev16_text), (4 bytes).
    Removing stm32f0xx_gpio.o(.revsh_text), (4 bytes).
    Removing stm32f0xx_gpio.o(i.GPIO_DeInit), (180 bytes).
    Removing stm32f0xx_gpio.o(i.GPIO_PinLockConfig), (28 bytes).
    Removing stm32f0xx_gpio.o(i.GPIO_ReadInputData), (4 bytes).
    Removing stm32f0xx_gpio.o(i.GPIO_ReadInputDataBit), (14 bytes).
    Removing stm32f0xx_gpio.o(i.GPIO_ReadOutputData), (4 bytes).
    Removing stm32f0xx_gpio.o(i.GPIO_ReadOutputDataBit), (14 bytes).
    Removing stm32f0xx_gpio.o(i.GPIO_StructInit), (24 bytes).
    Removing stm32f0xx_gpio.o(i.GPIO_Write), (4 bytes).
    Removing stm32f0xx_gpio.o(i.GPIO_WriteBit), (12 bytes).
    Removing stm32f0xx_iwdg.o(.rev16_text), (4 bytes).
    Removing stm32f0xx_iwdg.o(.revsh_text), (4 bytes).
    Removing stm32f0xx_iwdg.o(i.IWDG_Enable), (16 bytes).
    Removing stm32f0xx_iwdg.o(i.IWDG_GetFlagStatus), (20 bytes).
    Removing stm32f0xx_iwdg.o(i.IWDG_SetPrescaler), (12 bytes).
    Removing stm32f0xx_iwdg.o(i.IWDG_SetReload), (12 bytes).
    Removing stm32f0xx_iwdg.o(i.IWDG_SetWindowValue), (12 bytes).
    Removing stm32f0xx_iwdg.o(i.IWDG_WriteAccessCmd), (12 bytes).
    Removing stm32f0xx_syscfg.o(.rev16_text), (4 bytes).
    Removing stm32f0xx_syscfg.o(.revsh_text), (4 bytes).
    Removing stm32f0xx_syscfg.o(i.SYSCFG_BreakConfig), (16 bytes).
    Removing stm32f0xx_syscfg.o(i.SYSCFG_ClearFlag), (16 bytes).
    Removing stm32f0xx_syscfg.o(i.SYSCFG_DMAChannelRemapConfig), (28 bytes).
    Removing stm32f0xx_syscfg.o(i.SYSCFG_DeInit), (36 bytes).
    Removing stm32f0xx_syscfg.o(i.SYSCFG_EXTILineConfig), (40 bytes).
    Removing stm32f0xx_syscfg.o(i.SYSCFG_GetFlagStatus), (20 bytes).
    Removing stm32f0xx_syscfg.o(i.SYSCFG_GetPendingIT), (24 bytes).
    Removing stm32f0xx_syscfg.o(i.SYSCFG_I2CFastModePlusConfig), (28 bytes).
    Removing stm32f0xx_syscfg.o(i.SYSCFG_IRDAEnvSelection), (24 bytes).
    Removing stm32f0xx_syscfg.o(i.SYSCFG_MemoryRemapConfig), (20 bytes).
    Removing stm32f0xx_usart.o(.rev16_text), (4 bytes).
    Removing stm32f0xx_usart.o(.revsh_text), (4 bytes).
    Removing stm32f0xx_usart.o(i.USART_AddressDetectionConfig), (16 bytes).
    Removing stm32f0xx_usart.o(i.USART_AutoBaudRateCmd), (24 bytes).
    Removing stm32f0xx_usart.o(i.USART_AutoBaudRateConfig), (18 bytes).
    Removing stm32f0xx_usart.o(i.USART_ClearFlag), (4 bytes).
    Removing stm32f0xx_usart.o(i.USART_ClearITPendingBit), (10 bytes).
    Removing stm32f0xx_usart.o(i.USART_ClockInit), (30 bytes).
    Removing stm32f0xx_usart.o(i.USART_ClockStructInit), (12 bytes).
    Removing stm32f0xx_usart.o(i.USART_Cmd), (24 bytes).
    Removing stm32f0xx_usart.o(i.USART_DECmd), (24 bytes).
    Removing stm32f0xx_usart.o(i.USART_DEPolarityConfig), (18 bytes).
    Removing stm32f0xx_usart.o(i.USART_DMACmd), (20 bytes).
    Removing stm32f0xx_usart.o(i.USART_DMAReceptionErrorConfig), (18 bytes).
    Removing stm32f0xx_usart.o(i.USART_DataInvCmd), (24 bytes).
    Removing stm32f0xx_usart.o(i.USART_DeInit), (236 bytes).
    Removing stm32f0xx_usart.o(i.USART_DirectionModeCmd), (20 bytes).
    Removing stm32f0xx_usart.o(i.USART_GetITStatus), (60 bytes).
    Removing stm32f0xx_usart.o(i.USART_HalfDuplexCmd), (22 bytes).
    Removing stm32f0xx_usart.o(i.USART_ITConfig), (46 bytes).
    Removing stm32f0xx_usart.o(i.USART_Init), (176 bytes).
    Removing stm32f0xx_usart.o(i.USART_InvPinCmd), (20 bytes).
    Removing stm32f0xx_usart.o(i.USART_IrDACmd), (22 bytes).
    Removing stm32f0xx_usart.o(i.USART_IrDAConfig), (16 bytes).
    Removing stm32f0xx_usart.o(i.USART_LINBreakDetectLengthConfig), (16 bytes).
    Removing stm32f0xx_usart.o(i.USART_LINCmd), (24 bytes).
    Removing stm32f0xx_usart.o(i.USART_MSBFirstCmd), (24 bytes).
    Removing stm32f0xx_usart.o(i.USART_MuteModeCmd), (24 bytes).
    Removing stm32f0xx_usart.o(i.USART_MuteModeWakeUpConfig), (18 bytes).
    Removing stm32f0xx_usart.o(i.USART_OneBitMethodCmd), (24 bytes).
    Removing stm32f0xx_usart.o(i.USART_OverSampling8Cmd), (24 bytes).
    Removing stm32f0xx_usart.o(i.USART_OverrunDetectionConfig), (18 bytes).
    Removing stm32f0xx_usart.o(i.USART_ReceiveData), (8 bytes).
    Removing stm32f0xx_usart.o(i.USART_ReceiverTimeOutCmd), (24 bytes).
    Removing stm32f0xx_usart.o(i.USART_RequestCmd), (20 bytes).
    Removing stm32f0xx_usart.o(i.USART_STOPModeCmd), (22 bytes).
    Removing stm32f0xx_usart.o(i.USART_SWAPPinCmd), (24 bytes).
    Removing stm32f0xx_usart.o(i.USART_SetAddress), (18 bytes).
    Removing stm32f0xx_usart.o(i.USART_SetAutoRetryCount), (20 bytes).
    Removing stm32f0xx_usart.o(i.USART_SetBlockLength), (18 bytes).
    Removing stm32f0xx_usart.o(i.USART_SetDEAssertionTime), (20 bytes).
    Removing stm32f0xx_usart.o(i.USART_SetDEDeassertionTime), (20 bytes).
    Removing stm32f0xx_usart.o(i.USART_SetGuardTime), (16 bytes).
    Removing stm32f0xx_usart.o(i.USART_SetPrescaler), (16 bytes).
    Removing stm32f0xx_usart.o(i.USART_SetReceiverTimeOut), (16 bytes).
    Removing stm32f0xx_usart.o(i.USART_SmartCardCmd), (22 bytes).
    Removing stm32f0xx_usart.o(i.USART_SmartCardNACKCmd), (22 bytes).
    Removing stm32f0xx_usart.o(i.USART_StopModeWakeUpSourceConfig), (18 bytes).
    Removing stm32f0xx_usart.o(i.USART_StructInit), (22 bytes).
    Removing stm32f0xx_flash.o(.rev16_text), (4 bytes).
    Removing stm32f0xx_flash.o(.revsh_text), (4 bytes).
    Removing stm32f0xx_flash.o(i.FLASH_EraseAllPages), (52 bytes).
    Removing stm32f0xx_flash.o(i.FLASH_GetFlagStatus), (20 bytes).
    Removing stm32f0xx_flash.o(i.FLASH_GetPrefetchBufferStatus), (20 bytes).
    Removing stm32f0xx_flash.o(i.FLASH_ITConfig), (28 bytes).
    Removing stm32f0xx_flash.o(i.FLASH_OB_BOOT0Config), (64 bytes).
    Removing stm32f0xx_flash.o(i.FLASH_OB_BOOT0SWConfig), (64 bytes).
    Removing stm32f0xx_flash.o(i.FLASH_OB_BOOTConfig), (64 bytes).
    Removing stm32f0xx_flash.o(i.FLASH_OB_EnableWRP), (140 bytes).
    Removing stm32f0xx_flash.o(i.FLASH_OB_Erase), (116 bytes).
    Removing stm32f0xx_flash.o(i.FLASH_OB_GetRDP), (20 bytes).
    Removing stm32f0xx_flash.o(i.FLASH_OB_GetUser), (16 bytes).
    Removing stm32f0xx_flash.o(i.FLASH_OB_GetWRP), (12 bytes).
    Removing stm32f0xx_flash.o(i.FLASH_OB_Launch), (20 bytes).
    Removing stm32f0xx_flash.o(i.FLASH_OB_Lock), (16 bytes).
    Removing stm32f0xx_flash.o(i.FLASH_OB_ProgramData), (56 bytes).
    Removing stm32f0xx_flash.o(i.FLASH_OB_RDPConfig), (104 bytes).
    Removing stm32f0xx_flash.o(i.FLASH_OB_SRAMParityConfig), (64 bytes).
    Removing stm32f0xx_flash.o(i.FLASH_OB_Unlock), (32 bytes).
    Removing stm32f0xx_flash.o(i.FLASH_OB_UserConfig), (72 bytes).
    Removing stm32f0xx_flash.o(i.FLASH_OB_VDDAConfig), (64 bytes).
    Removing stm32f0xx_flash.o(i.FLASH_OB_WriteUser), (60 bytes).
    Removing stm32f0xx_flash.o(i.FLASH_PrefetchBufferCmd), (28 bytes).
    Removing stm32f0xx_flash.o(i.FLASH_SetLatency), (20 bytes).
    Removing modbus_core.o(.rev16_text), (4 bytes).
    Removing modbus_core.o(.revsh_text), (4 bytes).
    Removing modbus_hook.o(.rev16_text), (4 bytes).
    Removing modbus_hook.o(.revsh_text), (4 bytes).
    Removing modbus_user.o(.rev16_text), (4 bytes).
    Removing modbus_user.o(.revsh_text), (4 bytes).
    Removing dadd.o(.text), (360 bytes).
    Removing dmul.o(.text), (208 bytes).
    Removing ddiv.o(.text), (240 bytes).
    Removing dfixul.o(.text), (64 bytes).
    Removing cdrcmple.o(.text), (40 bytes).
    Removing depilogue.o(.text), (190 bytes).
    Removing depilogue.o(i.__ARM_clz), (46 bytes).

278 unused section(s) (total 9434 bytes) removed from the image.

==============================================================================

Image Symbol Table

    Local Symbols

    Symbol Name                              Value     Ov Type        Size  Object(Section)

    ../Src/main.c                            0x00000000   Number         0  main.o ABSOLUTE
    ../Src/stm32f0xx_it.c                    0x00000000   Number         0  stm32f0xx_it.o ABSOLUTE
    ../Src/system_stm32f0xx.c                0x00000000   Number         0  system_stm32f0xx.o ABSOLUTE
    ../clib/microlib/division.c              0x00000000   Number         0  idiv.o ABSOLUTE
    ../clib/microlib/division.c              0x00000000   Number         0  uidiv.o ABSOLUTE
    ../clib/microlib/division.c              0x00000000   Number         0  uldiv.o ABSOLUTE
    ../clib/microlib/init/entry.s            0x00000000   Number         0  entry8b.o ABSOLUTE
    ../clib/microlib/init/entry.s            0x00000000   Number         0  entry12a.o ABSOLUTE
    ../clib/microlib/init/entry.s            0x00000000   Number         0  entry9a.o ABSOLUTE
    ../clib/microlib/init/entry.s            0x00000000   Number         0  entry7a.o ABSOLUTE
    ../clib/microlib/init/entry.s            0x00000000   Number         0  entry9b.o ABSOLUTE
    ../clib/microlib/init/entry.s            0x00000000   Number         0  entry7b.o ABSOLUTE
    ../clib/microlib/init/entry.s            0x00000000   Number         0  entry5.o ABSOLUTE
    ../clib/microlib/init/entry.s            0x00000000   Number         0  entry2.o ABSOLUTE
    ../clib/microlib/init/entry.s            0x00000000   Number         0  entry.o ABSOLUTE
    ../clib/microlib/init/entry.s            0x00000000   Number         0  entry10b.o ABSOLUTE
    ../clib/microlib/init/entry.s            0x00000000   Number         0  entry11a.o ABSOLUTE
    ../clib/microlib/init/entry.s            0x00000000   Number         0  entry10a.o ABSOLUTE
    ../clib/microlib/init/entry.s            0x00000000   Number         0  entry8a.o ABSOLUTE
    ../clib/microlib/init/entry.s            0x00000000   Number         0  entry11b.o ABSOLUTE
    ../clib/microlib/init/entry.s            0x00000000   Number         0  entry12b.o ABSOLUTE
    ../clib/microlib/longlong.c              0x00000000   Number         0  llsshr.o ABSOLUTE
    ../clib/microlib/longlong.c              0x00000000   Number         0  llushr.o ABSOLUTE
    ../clib/microlib/longlong.c              0x00000000   Number         0  llshl.o ABSOLUTE
    ../clib/microlib/printf/printf.c         0x00000000   Number         0  printf7.o ABSOLUTE
    ../clib/microlib/printf/printf.c         0x00000000   Number         0  printf6.o ABSOLUTE
    ../clib/microlib/printf/printf.c         0x00000000   Number         0  printf5.o ABSOLUTE
    ../clib/microlib/printf/printf.c         0x00000000   Number         0  printf4.o ABSOLUTE
    ../clib/microlib/printf/printf.c         0x00000000   Number         0  printf1.o ABSOLUTE
    ../clib/microlib/printf/printf.c         0x00000000   Number         0  printfb.o ABSOLUTE
    ../clib/microlib/printf/printf.c         0x00000000   Number         0  printf0.o ABSOLUTE
    ../clib/microlib/printf/printf.c         0x00000000   Number         0  printf3.o ABSOLUTE
    ../clib/microlib/printf/printf.c         0x00000000   Number         0  printf8.o ABSOLUTE
    ../clib/microlib/printf/printf.c         0x00000000   Number         0  printfa.o ABSOLUTE
    ../clib/microlib/printf/printf.c         0x00000000   Number         0  printf2.o ABSOLUTE
    ../clib/microlib/printf/stubs.s          0x00000000   Number         0  stubs.o ABSOLUTE
    ../clib/microlib/stdio/streams.c         0x00000000   Number         0  stdout.o ABSOLUTE
    ../clib/microlib/string/memcmp.c         0x00000000   Number         0  memcmp.o ABSOLUTE
    ../clib/microlib/string/memcpy.c         0x00000000   Number         0  memcpyb.o ABSOLUTE
    ../clib/microlib/string/memcpy.c         0x00000000   Number         0  memcpya.o ABSOLUTE
    ../clib/microlib/string/memset.c         0x00000000   Number         0  memseta.o ABSOLUTE
    ../clib/microlib/stubs.s                 0x00000000   Number         0  iusefp.o ABSOLUTE
    ../fplib/microlib/fpadd.c                0x00000000   Number         0  dadd.o ABSOLUTE
    ../fplib/microlib/fpdiv.c                0x00000000   Number         0  ddiv.o ABSOLUTE
    ../fplib/microlib/fpepilogue.c           0x00000000   Number         0  depilogue.o ABSOLUTE
    ../fplib/microlib/fpfix.c                0x00000000   Number         0  dfixul.o ABSOLUTE
    ../fplib/microlib/fpmul.c                0x00000000   Number         0  dmul.o ABSOLUTE
    ..\Drivers\src\stm32f0xx_flash.c         0x00000000   Number         0  stm32f0xx_flash.o ABSOLUTE
    ..\Drivers\src\stm32f0xx_gpio.c          0x00000000   Number         0  stm32f0xx_gpio.o ABSOLUTE
    ..\Drivers\src\stm32f0xx_iwdg.c          0x00000000   Number         0  stm32f0xx_iwdg.o ABSOLUTE
    ..\Drivers\src\stm32f0xx_rcc.c           0x00000000   Number         0  stm32f0xx_rcc.o ABSOLUTE
    ..\Drivers\src\stm32f0xx_syscfg.c        0x00000000   Number         0  stm32f0xx_syscfg.o ABSOLUTE
    ..\Drivers\src\stm32f0xx_tim.c           0x00000000   Number         0  stm32f0xx_tim.o ABSOLUTE
    ..\Drivers\src\stm32f0xx_usart.c         0x00000000   Number         0  stm32f0xx_usart.o ABSOLUTE
    ..\Src\main.c                            0x00000000   Number         0  main.o ABSOLUTE
    ..\Src\stm32f0xx_it.c                    0x00000000   Number         0  stm32f0xx_it.o ABSOLUTE
    ..\Src\stm32f0xx_misc.c                  0x00000000   Number         0  stm32f0xx_misc.o ABSOLUTE
    ..\Src\system_stm32f0xx.c                0x00000000   Number         0  system_stm32f0xx.o ABSOLUTE
    ..\\Drivers\\src\\stm32f0xx_flash.c      0x00000000   Number         0  stm32f0xx_flash.o ABSOLUTE
    ..\\Drivers\\src\\stm32f0xx_gpio.c       0x00000000   Number         0  stm32f0xx_gpio.o ABSOLUTE
    ..\\Drivers\\src\\stm32f0xx_iwdg.c       0x00000000   Number         0  stm32f0xx_iwdg.o ABSOLUTE
    ..\\Drivers\\src\\stm32f0xx_rcc.c        0x00000000   Number         0  stm32f0xx_rcc.o ABSOLUTE
    ..\\Drivers\\src\\stm32f0xx_syscfg.c     0x00000000   Number         0  stm32f0xx_syscfg.o ABSOLUTE
    ..\\Drivers\\src\\stm32f0xx_tim.c        0x00000000   Number         0  stm32f0xx_tim.o ABSOLUTE
    ..\\Drivers\\src\\stm32f0xx_usart.c      0x00000000   Number         0  stm32f0xx_usart.o ABSOLUTE
    ..\\Src\\stm32f0xx_misc.c                0x00000000   Number         0  stm32f0xx_misc.o ABSOLUTE
    ..\\modbus\\Modbus_Core.c                0x00000000   Number         0  modbus_core.o ABSOLUTE
    ..\\modbus\\Modbus_User.c                0x00000000   Number         0  modbus_user.o ABSOLUTE
    ..\\modbus\\Modbus_hook.c                0x00000000   Number         0  modbus_hook.o ABSOLUTE
    ..\\user\\app.c                          0x00000000   Number         0  app.o ABSOLUTE
    ..\\user\\bsp_driver.c                   0x00000000   Number         0  bsp_driver.o ABSOLUTE
    ..\\user\\ir_ctrl.c                      0x00000000   Number         0  ir_ctrl.o ABSOLUTE
    ..\\user\\ringbuffer.c                   0x00000000   Number         0  ringbuffer.o ABSOLUTE
    ..\\user\\ymodem.c                       0x00000000   Number         0  ymodem.o ABSOLUTE
    ..\modbus\Modbus_CRC.c                   0x00000000   Number         0  modbus_crc.o ABSOLUTE
    ..\modbus\Modbus_Core.c                  0x00000000   Number         0  modbus_core.o ABSOLUTE
    ..\modbus\Modbus_User.c                  0x00000000   Number         0  modbus_user.o ABSOLUTE
    ..\modbus\Modbus_hook.c                  0x00000000   Number         0  modbus_hook.o ABSOLUTE
    ..\user\app.c                            0x00000000   Number         0  app.o ABSOLUTE
    ..\user\bsp_driver.c                     0x00000000   Number         0  bsp_driver.o ABSOLUTE
    ..\user\ir_ctrl.c                        0x00000000   Number         0  ir_ctrl.o ABSOLUTE
    ..\user\ringbuffer.c                     0x00000000   Number         0  ringbuffer.o ABSOLUTE
    ..\user\ymodem.c                         0x00000000   Number         0  ymodem.o ABSOLUTE
    cdrcmple.s                               0x00000000   Number         0  cdrcmple.o ABSOLUTE
    dc.s                                     0x00000000   Number         0  dc.o ABSOLUTE
    handlers.s                               0x00000000   Number         0  handlers.o ABSOLUTE
    init.s                                   0x00000000   Number         0  init.o ABSOLUTE
    startup_stm32f070x6.s                    0x00000000   Number         0  startup_stm32f070x6.o ABSOLUTE
    RESET                                    0x08000000   Section      192  startup_stm32f070x6.o(RESET)
    .ARM.Collect$$$$00000000                 0x080000c0   Section        0  entry.o(.ARM.Collect$$$$00000000)
    .ARM.Collect$$$$00000001                 0x080000c0   Section        4  entry2.o(.ARM.Collect$$$$00000001)
    .ARM.Collect$$$$00000004                 0x080000c4   Section        4  entry5.o(.ARM.Collect$$$$00000004)
    .ARM.Collect$$$$00000008                 0x080000c8   Section        0  entry7b.o(.ARM.Collect$$$$00000008)
    .ARM.Collect$$$$0000000A                 0x080000c8   Section        0  entry8b.o(.ARM.Collect$$$$0000000A)
    .ARM.Collect$$$$0000000B                 0x080000c8   Section        8  entry9a.o(.ARM.Collect$$$$0000000B)
    .ARM.Collect$$$$0000000E                 0x080000d0   Section        4  entry12b.o(.ARM.Collect$$$$0000000E)
    .ARM.Collect$$$$0000000F                 0x080000d4   Section        0  entry10a.o(.ARM.Collect$$$$0000000F)
    .ARM.Collect$$$$00000011                 0x080000d4   Section        0  entry11a.o(.ARM.Collect$$$$00000011)
    .ARM.Collect$$$$00002712                 0x080000d4   Section        4  entry2.o(.ARM.Collect$$$$00002712)
    __lit__00000000                          0x080000d4   Data           4  entry2.o(.ARM.Collect$$$$00002712)
    .text                                    0x080000d8   Section       88  startup_stm32f070x6.o(.text)
    .text                                    0x08000130   Section        0  uidiv.o(.text)
    .text                                    0x0800015c   Section        0  idiv.o(.text)
    .text                                    0x08000184   Section        0  memcpya.o(.text)
    .text                                    0x080001a8   Section        0  memseta.o(.text)
    .text                                    0x080001cc   Section        0  memcmp.o(.text)
    .text                                    0x080001e6   Section        0  uldiv.o(.text)
    .text                                    0x08000248   Section       36  init.o(.text)
    .text                                    0x0800026c   Section        0  llshl.o(.text)
    .text                                    0x0800028c   Section        0  llushr.o(.text)
    i.FLASH_ClearFlag                        0x080002b0   Section        0  stm32f0xx_flash.o(i.FLASH_ClearFlag)
    i.FLASH_ErasePage                        0x080002bc   Section        0  stm32f0xx_flash.o(i.FLASH_ErasePage)
    i.FLASH_GetStatus                        0x080002f4   Section        0  stm32f0xx_flash.o(i.FLASH_GetStatus)
    i.FLASH_Lock                             0x0800031c   Section        0  stm32f0xx_flash.o(i.FLASH_Lock)
    i.FLASH_ProgramHalfWord                  0x0800032c   Section        0  stm32f0xx_flash.o(i.FLASH_ProgramHalfWord)
    i.FLASH_ProgramWord                      0x08000360   Section        0  stm32f0xx_flash.o(i.FLASH_ProgramWord)
    i.FLASH_Unlock                           0x080003b8   Section        0  stm32f0xx_flash.o(i.FLASH_Unlock)
    i.FLASH_WaitForLastOperation             0x080003d8   Section        0  stm32f0xx_flash.o(i.FLASH_WaitForLastOperation)
    i.FlashDataRead                          0x080003f8   Section        0  bsp_driver.o(i.FlashDataRead)
    i.FlashDataSave                          0x08000530   Section        0  bsp_driver.o(i.FlashDataSave)
    i.GPIO_Init                              0x08000608   Section        0  stm32f0xx_gpio.o(i.GPIO_Init)
    i.GPIO_PinAFConfig                       0x08000678   Section        0  stm32f0xx_gpio.o(i.GPIO_PinAFConfig)
    i.GPIO_ResetBits                         0x08000698   Section        0  stm32f0xx_gpio.o(i.GPIO_ResetBits)
    i.GPIO_SetBits                           0x0800069c   Section        0  stm32f0xx_gpio.o(i.GPIO_SetBits)
    i.IWDG_ReloadCounter                     0x080006a0   Section        0  stm32f0xx_iwdg.o(i.IWDG_ReloadCounter)
    i.IapCheck                               0x080006b0   Section        0  main.o(i.IapCheck)
    IapCheck                                 0x080006b1   Thumb Code   202  main.o(i.IapCheck)
    i.IapPacketCheck                         0x0800082c   Section        0  app.o(i.IapPacketCheck)
    IapPacketCheck                           0x0800082d   Thumb Code   154  app.o(i.IapPacketCheck)
    i.LedCtrl                                0x080008dc   Section        0  app.o(i.LedCtrl)
    LedCtrl                                  0x080008dd   Thumb Code    50  app.o(i.LedCtrl)
    i.MBS_CoreAnalyze                        0x08000914   Section        0  modbus_core.o(i.MBS_CoreAnalyze)
    i.MBS_CorePoll                           0x08000968   Section        0  modbus_core.o(i.MBS_CorePoll)
    i.MBS_Function01H                        0x0800099c   Section        0  modbus_hook.o(i.MBS_Function01H)
    i.MBS_Function03H                        0x08000a88   Section        0  modbus_hook.o(i.MBS_Function03H)
    i.MBS_Function05H                        0x08000b14   Section        0  modbus_hook.o(i.MBS_Function05H)
    i.MBS_Function06H                        0x08000bc4   Section        0  modbus_hook.o(i.MBS_Function06H)
    i.MBS_Function0FH                        0x08000c74   Section        0  modbus_hook.o(i.MBS_Function0FH)
    i.MBS_Function10H                        0x08000cf0   Section        0  modbus_hook.o(i.MBS_Function10H)
    i.MBS_MappingCoilInit                    0x08000d50   Section        0  modbus_user.o(i.MBS_MappingCoilInit)
    i.MBS_MappingHoldRegInit                 0x08000d56   Section        0  modbus_user.o(i.MBS_MappingHoldRegInit)
    i.MBS_MappingInit                        0x08000d5c   Section        0  modbus_user.o(i.MBS_MappingInit)
    i.MBS_MemReadCoilState                   0x08000e08   Section        0  modbus_user.o(i.MBS_MemReadCoilState)
    i.MBS_MemReadHoldRegValue                0x08000e30   Section        0  modbus_user.o(i.MBS_MemReadHoldRegValue)
    i.MBS_MemWriteCoilState                  0x08000e80   Section        0  modbus_user.o(i.MBS_MemWriteCoilState)
    i.MBS_MemWriteCoilsState                 0x08000eb8   Section        0  modbus_user.o(i.MBS_MemWriteCoilsState)
    i.MBS_MemWriteHoldRegValue               0x08000f00   Section        0  modbus_user.o(i.MBS_MemWriteHoldRegValue)
    i.MBS_PhysicalSendBuff                   0x08000f54   Section        0  modbus_core.o(i.MBS_PhysicalSendBuff)
    i.MBS_PortSendAck                        0x08000f5c   Section        0  modbus_core.o(i.MBS_PortSendAck)
    i.MBS_PortSendWithCRC                    0x08000fa8   Section        0  modbus_core.o(i.MBS_PortSendWithCRC)
    i.MbsDataSave                            0x08000fcc   Section        0  app.o(i.MbsDataSave)
    MbsDataSave                              0x08000fcd   Thumb Code    92  app.o(i.MbsDataSave)
    i.NVIC_Init                              0x08001034   Section        0  stm32f0xx_misc.o(i.NVIC_Init)
    i.NVIC_SystemReset                       0x08001084   Section        0  app.o(i.NVIC_SystemReset)
    NVIC_SystemReset                         0x08001085   Thumb Code    16  app.o(i.NVIC_SystemReset)
    i.RCC_AHBPeriphClockCmd                  0x0800109c   Section        0  stm32f0xx_rcc.o(i.RCC_AHBPeriphClockCmd)
    i.RCC_APB1PeriphClockCmd                 0x080010b8   Section        0  stm32f0xx_rcc.o(i.RCC_APB1PeriphClockCmd)
    i.RCC_APB2PeriphClockCmd                 0x080010d4   Section        0  stm32f0xx_rcc.o(i.RCC_APB2PeriphClockCmd)
    i.SetSysClock                            0x080010f0   Section        0  system_stm32f0xx.o(i.SetSysClock)
    SetSysClock                              0x080010f1   Thumb Code   212  system_stm32f0xx.o(i.SetSysClock)
    i.SysMonitor                             0x080011cc   Section        0  app.o(i.SysMonitor)
    SysMonitor                               0x080011cd   Thumb Code    58  app.o(i.SysMonitor)
    i.SysTick_Handler                        0x08001214   Section        0  stm32f0xx_it.o(i.SysTick_Handler)
    i.SystemCoreClockUpdate                  0x08001270   Section        0  system_stm32f0xx.o(i.SystemCoreClockUpdate)
    i.SystemInit                             0x080012ec   Section        0  system_stm32f0xx.o(i.SystemInit)
    i.Task1_uart_ir                          0x0800134c   Section        0  app.o(i.Task1_uart_ir)
    Task1_uart_ir                            0x0800134d   Thumb Code   168  app.o(i.Task1_uart_ir)
    i.Task2_uart_rs485                       0x08001444   Section        0  app.o(i.Task2_uart_rs485)
    Task2_uart_rs485                         0x08001445   Thumb Code   162  app.o(i.Task2_uart_rs485)
    i.Task3_period_process                   0x08001538   Section        0  app.o(i.Task3_period_process)
    Task3_period_process                     0x08001539   Thumb Code    84  app.o(i.Task3_period_process)
    i.USART1_IRQHandler                      0x0800158c   Section        0  stm32f0xx_it.o(i.USART1_IRQHandler)
    i.USART2_IRQHandler                      0x08001604   Section        0  stm32f0xx_it.o(i.USART2_IRQHandler)
    i.USART_GetFlagStatus                    0x0800167c   Section        0  stm32f0xx_usart.o(i.USART_GetFlagStatus)
    i.USART_SendData                         0x0800168a   Section        0  stm32f0xx_usart.o(i.USART_SendData)
    i.UartBleSendData                        0x08001694   Section        0  bsp_driver.o(i.UartBleSendData)
    i.UartMbsSendData                        0x080016c0   Section        0  bsp_driver.o(i.UartMbsSendData)
    i.UpdateCRC16                            0x08001714   Section        0  ymodem.o(i.UpdateCRC16)
    UpdateCRC16                              0x08001715   Thumb Code    30  ymodem.o(i.UpdateCRC16)
    i.YmodemCRC                              0x08001738   Section        0  ymodem.o(i.YmodemCRC)
    YmodemCRC                                0x08001739   Thumb Code    40  ymodem.o(i.YmodemCRC)
    i.Ymodem_timeout_process                 0x08001760   Section        0  app.o(i.Ymodem_timeout_process)
    Ymodem_timeout_process                   0x08001761   Thumb Code    92  app.o(i.Ymodem_timeout_process)
    i.__0printf$8                            0x080017c0   Section        0  printf8.o(i.__0printf$8)
    i.__ARM_common_switch8                   0x080017e0   Section        0  ymodem.o(i.__ARM_common_switch8)
    i.__scatterload_copy                     0x080017fa   Section       14  handlers.o(i.__scatterload_copy)
    i.__scatterload_null                     0x08001808   Section        2  handlers.o(i.__scatterload_null)
    i.__scatterload_zeroinit                 0x0800180a   Section       14  handlers.o(i.__scatterload_zeroinit)
    i._printf_core                           0x08001818   Section        0  printf8.o(i._printf_core)
    _printf_core                             0x08001819   Thumb Code  1020  printf8.o(i._printf_core)
    i._printf_post_padding                   0x08001c40   Section        0  printf8.o(i._printf_post_padding)
    _printf_post_padding                     0x08001c41   Thumb Code    32  printf8.o(i._printf_post_padding)
    i._printf_pre_padding                    0x08001c60   Section        0  printf8.o(i._printf_pre_padding)
    _printf_pre_padding                      0x08001c61   Thumb Code    44  printf8.o(i._printf_pre_padding)
    i.delay_ms                               0x08001c8c   Section        0  stm32f0xx_it.o(i.delay_ms)
    i.flash_erase                            0x08001cb4   Section        0  bsp_driver.o(i.flash_erase)
    i.flash_program_bytes                    0x08001d64   Section        0  bsp_driver.o(i.flash_program_bytes)
    i.flash_write                            0x08001e08   Section        0  bsp_driver.o(i.flash_write)
    i.flash_write_halfword                   0x08001e7c   Section        0  bsp_driver.o(i.flash_write_halfword)
    i.fputc                                  0x08001edc   Section        0  stm32f0xx_it.o(i.fputc)
    i.gpio_init                              0x08001f00   Section        0  bsp_driver.o(i.gpio_init)
    i.ir_cmd_ack_process                     0x08001fa4   Section        0  ir_ctrl.o(i.ir_cmd_ack_process)
    i.ir_cmd_send                            0x08002124   Section        0  ir_ctrl.o(i.ir_cmd_send)
    i.jumpToApplication                      0x08002148   Section        0  bsp_driver.o(i.jumpToApplication)
    i.main                                   0x0800216c   Section        0  main.o(i.main)
    i.mb_crc16                               0x080021b8   Section        0  modbus_crc.o(i.mb_crc16)
    i.mbs_data_process                       0x080021e8   Section        0  app.o(i.mbs_data_process)
    mbs_data_process                         0x080021e9   Thumb Code   144  app.o(i.mbs_data_process)
    i.millis                                 0x08002280   Section        0  stm32f0xx_it.o(i.millis)
    i.read_buffer                            0x0800228c   Section        0  ringbuffer.o(i.read_buffer)
    i.system_run                             0x080022c0   Section        0  app.o(i.system_run)
    i.uart_init                              0x080022f0   Section        0  bsp_driver.o(i.uart_init)
    i.uart_ir_send                           0x08002340   Section        0  ir_ctrl.o(i.uart_ir_send)
    uart_ir_send                             0x08002341   Thumb Code     8  ir_ctrl.o(i.uart_ir_send)
    i.write_buffer                           0x08002348   Section        0  ringbuffer.o(i.write_buffer)
    i.ymodem_init                            0x080023b4   Section        0  ymodem.o(i.ymodem_init)
    i.ymodem_packet_analysis                 0x080023cc   Section        0  ymodem.o(i.ymodem_packet_analysis)
    .constdata                               0x080025c4   Section      512  modbus_crc.o(.constdata)
    .data                                    0x200000c0   Section       20  system_stm32f0xx.o(.data)
    .data                                    0x200000d4   Section        8  stm32f0xx_it.o(.data)
    .data                                    0x200000dc   Section        8  bsp_driver.o(.data)
    .data                                    0x200000e4   Section       44  app.o(.data)
    uart_ir                                  0x200000e4   Data           8  app.o(.data)
    uart_rs485                               0x200000ec   Data           8  app.o(.data)
    period_process                           0x200000f4   Data           8  app.o(.data)
    IrCmdErrCount                            0x200000fc   Data           1  app.o(.data)
    upFrame                                  0x200000fd   Data           8  app.o(.data)
    count                                    0x20000105   Data           1  app.o(.data)
    mbs_timeout                              0x20000108   Data           4  app.o(.data)
    count                                    0x2000010c   Data           4  app.o(.data)
    .data                                    0x20000110   Section        1  ir_ctrl.o(.data)
    IsSupportSix                             0x20000110   Data           1  ir_ctrl.o(.data)
    .data                                    0x20000114   Section        8  ringbuffer.o(.data)
    .data                                    0x2000011c   Section        1  modbus_core.o(.data)
    .data                                    0x20000120   Section       24  modbus_user.o(.data)
    .data                                    0x20000138   Section        4  stdout.o(.data)
    .bss                                     0x2000013c   Section      259  bsp_driver.o(.bss)
    .bss                                     0x2000023f   Section      259  bsp_driver.o(.bss)
    .bss                                     0x20000342   Section       10  ir_ctrl.o(.bss)
    .bss                                     0x2000034c   Section       80  ringbuffer.o(.bss)
    .bss                                     0x2000039c   Section       60  ymodem.o(.bss)
    .bss                                     0x200003d8   Section      132  modbus_core.o(.bss)
    .bss                                     0x2000045c   Section       76  modbus_user.o(.bss)
    STACK                                    0x200004a8   Section     1024  startup_stm32f070x6.o(STACK)

    Global Symbols

    Symbol Name                              Value     Ov Type        Size  Object(Section)

    BuildAttributes$$THM_ISAv3M$S$PE$A:L22$X:L11$S22$IEEE1$IW$USESV6$~STKCKD$USESV7$~SHL$OSPACE$ROPI$EBA8$MICROLIB$REQ8$PRES8$EABIv2 0x00000000   Number         0  anon$$obj.o ABSOLUTE
    __ARM_use_no_argv                        0x00000000   Number         0  main.o ABSOLUTE
    _printf_a                                0x00000000   Number         0  stubs.o ABSOLUTE
    _printf_c                                0x00000000   Number         0  stubs.o ABSOLUTE
    _printf_charcount                        0x00000000   Number         0  stubs.o ABSOLUTE
    _printf_d                                0x00000000   Number         0  stubs.o ABSOLUTE
    _printf_e                                0x00000000   Number         0  stubs.o ABSOLUTE
    _printf_f                                0x00000000   Number         0  stubs.o ABSOLUTE
    _printf_flags                            0x00000000   Number         0  stubs.o ABSOLUTE
    _printf_fp_dec                           0x00000000   Number         0  stubs.o ABSOLUTE
    _printf_fp_hex                           0x00000000   Number         0  stubs.o ABSOLUTE
    _printf_g                                0x00000000   Number         0  stubs.o ABSOLUTE
    _printf_i                                0x00000000   Number         0  stubs.o ABSOLUTE
    _printf_int_dec                          0x00000000   Number         0  stubs.o ABSOLUTE
    _printf_l                                0x00000000   Number         0  stubs.o ABSOLUTE
    _printf_lc                               0x00000000   Number         0  stubs.o ABSOLUTE
    _printf_ll                               0x00000000   Number         0  stubs.o ABSOLUTE
    _printf_lld                              0x00000000   Number         0  stubs.o ABSOLUTE
    _printf_lli                              0x00000000   Number         0  stubs.o ABSOLUTE
    _printf_llo                              0x00000000   Number         0  stubs.o ABSOLUTE
    _printf_llu                              0x00000000   Number         0  stubs.o ABSOLUTE
    _printf_llx                              0x00000000   Number         0  stubs.o ABSOLUTE
    _printf_longlong_dec                     0x00000000   Number         0  stubs.o ABSOLUTE
    _printf_longlong_hex                     0x00000000   Number         0  stubs.o ABSOLUTE
    _printf_longlong_oct                     0x00000000   Number         0  stubs.o ABSOLUTE
    _printf_ls                               0x00000000   Number         0  stubs.o ABSOLUTE
    _printf_mbtowc                           0x00000000   Number         0  stubs.o ABSOLUTE
    _printf_n                                0x00000000   Number         0  stubs.o ABSOLUTE
    _printf_o                                0x00000000   Number         0  stubs.o ABSOLUTE
    _printf_p                                0x00000000   Number         0  stubs.o ABSOLUTE
    _printf_percent                          0x00000000   Number         0  stubs.o ABSOLUTE
    _printf_pre_padding                      0x00000000   Number         0  stubs.o ABSOLUTE
    _printf_return_value                     0x00000000   Number         0  stubs.o ABSOLUTE
    _printf_s                                0x00000000   Number         0  stubs.o ABSOLUTE
    _printf_sizespec                         0x00000000   Number         0  stubs.o ABSOLUTE
    _printf_str                              0x00000000   Number         0  stubs.o ABSOLUTE
    _printf_truncate_signed                  0x00000000   Number         0  stubs.o ABSOLUTE
    _printf_truncate_unsigned                0x00000000   Number         0  stubs.o ABSOLUTE
    _printf_u                                0x00000000   Number         0  stubs.o ABSOLUTE
    _printf_wc                               0x00000000   Number         0  stubs.o ABSOLUTE
    _printf_wctomb                           0x00000000   Number         0  stubs.o ABSOLUTE
    _printf_widthprec                        0x00000000   Number         0  stubs.o ABSOLUTE
    _printf_x                                0x00000000   Number         0  stubs.o ABSOLUTE
    __arm_fini_                               - Undefined Weak Reference
    __cpp_initialize__aeabi_                  - Undefined Weak Reference
    __cxa_finalize                            - Undefined Weak Reference
    __decompress                              - Undefined Weak Reference
    _clock_init                               - Undefined Weak Reference
    _microlib_exit                            - Undefined Weak Reference
    __Vectors_Size                           0x000000c0   Number         0  startup_stm32f070x6.o ABSOLUTE
    __Vectors                                0x08000000   Data           4  startup_stm32f070x6.o(RESET)
    __Vectors_End                            0x080000c0   Data           0  startup_stm32f070x6.o(RESET)
    __main                                   0x080000c1   Thumb Code     0  entry.o(.ARM.Collect$$$$00000000)
    _main_stk                                0x080000c1   Thumb Code     0  entry2.o(.ARM.Collect$$$$00000001)
    _main_scatterload                        0x080000c5   Thumb Code     0  entry5.o(.ARM.Collect$$$$00000004)
    __main_after_scatterload                 0x080000c9   Thumb Code     0  entry5.o(.ARM.Collect$$$$00000004)
    _main_clock                              0x080000c9   Thumb Code     0  entry7b.o(.ARM.Collect$$$$00000008)
    _main_cpp_init                           0x080000c9   Thumb Code     0  entry8b.o(.ARM.Collect$$$$0000000A)
    _main_init                               0x080000c9   Thumb Code     0  entry9a.o(.ARM.Collect$$$$0000000B)
    __rt_lib_shutdown_fini                   0x080000d1   Thumb Code     0  entry12b.o(.ARM.Collect$$$$0000000E)
    __rt_final_cpp                           0x080000d5   Thumb Code     0  entry10a.o(.ARM.Collect$$$$0000000F)
    __rt_final_exit                          0x080000d5   Thumb Code     0  entry11a.o(.ARM.Collect$$$$00000011)
    Reset_Handler                            0x080000d9   Thumb Code    38  startup_stm32f070x6.o(.text)
    NMI_Handler                              0x080000ff   Thumb Code     2  startup_stm32f070x6.o(.text)
    HardFault_Handler                        0x08000101   Thumb Code     2  startup_stm32f070x6.o(.text)
    SVC_Handler                              0x08000103   Thumb Code     2  startup_stm32f070x6.o(.text)
    PendSV_Handler                           0x08000105   Thumb Code     2  startup_stm32f070x6.o(.text)
    ADC1_IRQHandler                          0x08000109   Thumb Code     0  startup_stm32f070x6.o(.text)
    DMA1_Channel1_IRQHandler                 0x08000109   Thumb Code     0  startup_stm32f070x6.o(.text)
    DMA1_Channel2_3_IRQHandler               0x08000109   Thumb Code     0  startup_stm32f070x6.o(.text)
    DMA1_Channel4_5_IRQHandler               0x08000109   Thumb Code     0  startup_stm32f070x6.o(.text)
    EXTI0_1_IRQHandler                       0x08000109   Thumb Code     0  startup_stm32f070x6.o(.text)
    EXTI2_3_IRQHandler                       0x08000109   Thumb Code     0  startup_stm32f070x6.o(.text)
    EXTI4_15_IRQHandler                      0x08000109   Thumb Code     0  startup_stm32f070x6.o(.text)
    FLASH_IRQHandler                         0x08000109   Thumb Code     0  startup_stm32f070x6.o(.text)
    I2C1_IRQHandler                          0x08000109   Thumb Code     0  startup_stm32f070x6.o(.text)
    RCC_IRQHandler                           0x08000109   Thumb Code     0  startup_stm32f070x6.o(.text)
    RTC_IRQHandler                           0x08000109   Thumb Code     0  startup_stm32f070x6.o(.text)
    SPI1_IRQHandler                          0x08000109   Thumb Code     0  startup_stm32f070x6.o(.text)
    TIM14_IRQHandler                         0x08000109   Thumb Code     0  startup_stm32f070x6.o(.text)
    TIM16_IRQHandler                         0x08000109   Thumb Code     0  startup_stm32f070x6.o(.text)
    TIM17_IRQHandler                         0x08000109   Thumb Code     0  startup_stm32f070x6.o(.text)
    TIM1_BRK_UP_TRG_COM_IRQHandler           0x08000109   Thumb Code     0  startup_stm32f070x6.o(.text)
    TIM1_CC_IRQHandler                       0x08000109   Thumb Code     0  startup_stm32f070x6.o(.text)
    TIM3_IRQHandler                          0x08000109   Thumb Code     0  startup_stm32f070x6.o(.text)
    USB_IRQHandler                           0x08000109   Thumb Code     0  startup_stm32f070x6.o(.text)
    WWDG_IRQHandler                          0x08000109   Thumb Code     0  startup_stm32f070x6.o(.text)
    __aeabi_uidiv                            0x08000131   Thumb Code     0  uidiv.o(.text)
    __aeabi_uidivmod                         0x08000131   Thumb Code    44  uidiv.o(.text)
    __aeabi_idiv                             0x0800015d   Thumb Code     0  idiv.o(.text)
    __aeabi_idivmod                          0x0800015d   Thumb Code    40  idiv.o(.text)
    __aeabi_memcpy                           0x08000185   Thumb Code    36  memcpya.o(.text)
    __aeabi_memcpy4                          0x08000185   Thumb Code     0  memcpya.o(.text)
    __aeabi_memcpy8                          0x08000185   Thumb Code     0  memcpya.o(.text)
    __aeabi_memset                           0x080001a9   Thumb Code    14  memseta.o(.text)
    __aeabi_memset4                          0x080001a9   Thumb Code     0  memseta.o(.text)
    __aeabi_memset8                          0x080001a9   Thumb Code     0  memseta.o(.text)
    __aeabi_memclr                           0x080001b7   Thumb Code     4  memseta.o(.text)
    __aeabi_memclr4                          0x080001b7   Thumb Code     0  memseta.o(.text)
    __aeabi_memclr8                          0x080001b7   Thumb Code     0  memseta.o(.text)
    _memset$wrapper                          0x080001bb   Thumb Code    18  memseta.o(.text)
    memcmp                                   0x080001cd   Thumb Code    26  memcmp.o(.text)
    __aeabi_uldivmod                         0x080001e7   Thumb Code    96  uldiv.o(.text)
    __scatterload                            0x08000249   Thumb Code    28  init.o(.text)
    __scatterload_rt2                        0x08000249   Thumb Code     0  init.o(.text)
    __aeabi_llsl                             0x0800026d   Thumb Code    32  llshl.o(.text)
    _ll_shift_l                              0x0800026d   Thumb Code     0  llshl.o(.text)
    __aeabi_llsr                             0x0800028d   Thumb Code    34  llushr.o(.text)
    _ll_ushift_r                             0x0800028d   Thumb Code     0  llushr.o(.text)
    FLASH_ClearFlag                          0x080002b1   Thumb Code     6  stm32f0xx_flash.o(i.FLASH_ClearFlag)
    FLASH_ErasePage                          0x080002bd   Thumb Code    52  stm32f0xx_flash.o(i.FLASH_ErasePage)
    FLASH_GetStatus                          0x080002f5   Thumb Code    34  stm32f0xx_flash.o(i.FLASH_GetStatus)
    FLASH_Lock                               0x0800031d   Thumb Code    12  stm32f0xx_flash.o(i.FLASH_Lock)
    FLASH_ProgramHalfWord                    0x0800032d   Thumb Code    48  stm32f0xx_flash.o(i.FLASH_ProgramHalfWord)
    FLASH_ProgramWord                        0x08000361   Thumb Code    82  stm32f0xx_flash.o(i.FLASH_ProgramWord)
    FLASH_Unlock                             0x080003b9   Thumb Code    18  stm32f0xx_flash.o(i.FLASH_Unlock)
    FLASH_WaitForLastOperation               0x080003d9   Thumb Code    32  stm32f0xx_flash.o(i.FLASH_WaitForLastOperation)
    FlashDataRead                            0x080003f9   Thumb Code   278  bsp_driver.o(i.FlashDataRead)
    FlashDataSave                            0x08000531   Thumb Code   196  bsp_driver.o(i.FlashDataSave)
    GPIO_Init                                0x08000609   Thumb Code   112  stm32f0xx_gpio.o(i.GPIO_Init)
    GPIO_PinAFConfig                         0x08000679   Thumb Code    32  stm32f0xx_gpio.o(i.GPIO_PinAFConfig)
    GPIO_ResetBits                           0x08000699   Thumb Code     4  stm32f0xx_gpio.o(i.GPIO_ResetBits)
    GPIO_SetBits                             0x0800069d   Thumb Code     4  stm32f0xx_gpio.o(i.GPIO_SetBits)
    IWDG_ReloadCounter                       0x080006a1   Thumb Code     8  stm32f0xx_iwdg.o(i.IWDG_ReloadCounter)
    MBS_CoreAnalyze                          0x08000915   Thumb Code    78  modbus_core.o(i.MBS_CoreAnalyze)
    MBS_CorePoll                             0x08000969   Thumb Code    42  modbus_core.o(i.MBS_CorePoll)
    MBS_Function01H                          0x0800099d   Thumb Code   226  modbus_hook.o(i.MBS_Function01H)
    MBS_Function03H                          0x08000a89   Thumb Code   132  modbus_hook.o(i.MBS_Function03H)
    MBS_Function05H                          0x08000b15   Thumb Code   160  modbus_hook.o(i.MBS_Function05H)
    MBS_Function06H                          0x08000bc5   Thumb Code   148  modbus_hook.o(i.MBS_Function06H)
    MBS_Function0FH                          0x08000c75   Thumb Code   116  modbus_hook.o(i.MBS_Function0FH)
    MBS_Function10H                          0x08000cf1   Thumb Code    88  modbus_hook.o(i.MBS_Function10H)
    MBS_MappingCoilInit                      0x08000d51   Thumb Code     6  modbus_user.o(i.MBS_MappingCoilInit)
    MBS_MappingHoldRegInit                   0x08000d57   Thumb Code     6  modbus_user.o(i.MBS_MappingHoldRegInit)
    MBS_MappingInit                          0x08000d5d   Thumb Code   146  modbus_user.o(i.MBS_MappingInit)
    MBS_MemReadCoilState                     0x08000e09   Thumb Code    36  modbus_user.o(i.MBS_MemReadCoilState)
    MBS_MemReadHoldRegValue                  0x08000e31   Thumb Code    76  modbus_user.o(i.MBS_MemReadHoldRegValue)
    MBS_MemWriteCoilState                    0x08000e81   Thumb Code    52  modbus_user.o(i.MBS_MemWriteCoilState)
    MBS_MemWriteCoilsState                   0x08000eb9   Thumb Code    66  modbus_user.o(i.MBS_MemWriteCoilsState)
    MBS_MemWriteHoldRegValue                 0x08000f01   Thumb Code    78  modbus_user.o(i.MBS_MemWriteHoldRegValue)
    MBS_PhysicalSendBuff                     0x08000f55   Thumb Code     8  modbus_core.o(i.MBS_PhysicalSendBuff)
    MBS_PortSendAck                          0x08000f5d   Thumb Code    70  modbus_core.o(i.MBS_PortSendAck)
    MBS_PortSendWithCRC                      0x08000fa9   Thumb Code    36  modbus_core.o(i.MBS_PortSendWithCRC)
    NVIC_Init                                0x08001035   Thumb Code    72  stm32f0xx_misc.o(i.NVIC_Init)
    RCC_AHBPeriphClockCmd                    0x0800109d   Thumb Code    22  stm32f0xx_rcc.o(i.RCC_AHBPeriphClockCmd)
    RCC_APB1PeriphClockCmd                   0x080010b9   Thumb Code    22  stm32f0xx_rcc.o(i.RCC_APB1PeriphClockCmd)
    RCC_APB2PeriphClockCmd                   0x080010d5   Thumb Code    22  stm32f0xx_rcc.o(i.RCC_APB2PeriphClockCmd)
    SysTick_Handler                          0x08001215   Thumb Code    80  stm32f0xx_it.o(i.SysTick_Handler)
    SystemCoreClockUpdate                    0x08001271   Thumb Code   106  system_stm32f0xx.o(i.SystemCoreClockUpdate)
    SystemInit                               0x080012ed   Thumb Code    84  system_stm32f0xx.o(i.SystemInit)
    USART1_IRQHandler                        0x0800158d   Thumb Code   106  stm32f0xx_it.o(i.USART1_IRQHandler)
    USART2_IRQHandler                        0x08001605   Thumb Code   106  stm32f0xx_it.o(i.USART2_IRQHandler)
    USART_GetFlagStatus                      0x0800167d   Thumb Code    14  stm32f0xx_usart.o(i.USART_GetFlagStatus)
    USART_SendData                           0x0800168b   Thumb Code     8  stm32f0xx_usart.o(i.USART_SendData)
    UartBleSendData                          0x08001695   Thumb Code    40  bsp_driver.o(i.UartBleSendData)
    UartMbsSendData                          0x080016c1   Thumb Code    78  bsp_driver.o(i.UartMbsSendData)
    __0printf$8                              0x080017c1   Thumb Code    24  printf8.o(i.__0printf$8)
    __1printf$8                              0x080017c1   Thumb Code     0  printf8.o(i.__0printf$8)
    __2printf                                0x080017c1   Thumb Code     0  printf8.o(i.__0printf$8)
    __ARM_common_switch8                     0x080017e1   Thumb Code    26  ymodem.o(i.__ARM_common_switch8)
    __scatterload_copy                       0x080017fb   Thumb Code    14  handlers.o(i.__scatterload_copy)
    __scatterload_null                       0x08001809   Thumb Code     2  handlers.o(i.__scatterload_null)
    __scatterload_zeroinit                   0x0800180b   Thumb Code    14  handlers.o(i.__scatterload_zeroinit)
    delay_ms                                 0x08001c8d   Thumb Code    30  stm32f0xx_it.o(i.delay_ms)
    flash_erase                              0x08001cb5   Thumb Code   100  bsp_driver.o(i.flash_erase)
    flash_program_bytes                      0x08001d65   Thumb Code   124  bsp_driver.o(i.flash_program_bytes)
    flash_write                              0x08001e09   Thumb Code    74  bsp_driver.o(i.flash_write)
    flash_write_halfword                     0x08001e7d   Thumb Code    56  bsp_driver.o(i.flash_write_halfword)
    fputc                                    0x08001edd   Thumb Code    32  stm32f0xx_it.o(i.fputc)
    gpio_init                                0x08001f01   Thumb Code   154  bsp_driver.o(i.gpio_init)
    ir_cmd_ack_process                       0x08001fa5   Thumb Code   252  ir_ctrl.o(i.ir_cmd_ack_process)
    ir_cmd_send                              0x08002125   Thumb Code    36  ir_ctrl.o(i.ir_cmd_send)
    jumpToApplication                        0x08002149   Thumb Code    30  bsp_driver.o(i.jumpToApplication)
    main                                     0x0800216d   Thumb Code    62  main.o(i.main)
    mb_crc16                                 0x080021b9   Thumb Code    42  modbus_crc.o(i.mb_crc16)
    millis                                   0x08002281   Thumb Code     6  stm32f0xx_it.o(i.millis)
    read_buffer                              0x0800228d   Thumb Code    46  ringbuffer.o(i.read_buffer)
    system_run                               0x080022c1   Thumb Code    36  app.o(i.system_run)
    uart_init                                0x080022f1   Thumb Code    68  bsp_driver.o(i.uart_init)
    write_buffer                             0x08002349   Thumb Code    58  ringbuffer.o(i.write_buffer)
    ymodem_init                              0x080023b5   Thumb Code    18  ymodem.o(i.ymodem_init)
    ymodem_packet_analysis                   0x080023cd   Thumb Code   496  ymodem.o(i.ymodem_packet_analysis)
    TblCRCHi                                 0x080025c4   Data         256  modbus_crc.o(.constdata)
    TblCRCLo                                 0x080026c4   Data         256  modbus_crc.o(.constdata)
    Region$$Table$$Base                      0x080027c4   Number         0  anon$$obj.o(Region$$Table)
    Region$$Table$$Limit                     0x080027e4   Number         0  anon$$obj.o(Region$$Table)
    SystemCoreClock                          0x200000c0   Data           4  system_stm32f0xx.o(.data)
    AHBPrescTable                            0x200000c4   Data          16  system_stm32f0xx.o(.data)
    sys_ms                                   0x200000d4   Data           4  stm32f0xx_it.o(.data)
    TimingDelay                              0x200000d8   Data           4  stm32f0xx_it.o(.data)
    offset1                                  0x200000dc   Data           4  bsp_driver.o(.data)
    offset2                                  0x200000e0   Data           4  bsp_driver.o(.data)
    ring_buffer                              0x20000114   Data           8  ringbuffer.o(.data)
    mbs_has_data                             0x2000011c   Data           1  modbus_core.o(.data)
    mbsCoil                                  0x20000120   Data          12  modbus_user.o(.data)
    mbsHoldReg                               0x2000012c   Data          12  modbus_user.o(.data)
    __stdout                                 0x20000138   Data           4  stdout.o(.data)
    uart_ir_state                            0x2000013c   Data         259  bsp_driver.o(.bss)
    uart_rs485_state                         0x2000023f   Data         259  bsp_driver.o(.bss)
    IR_state                                 0x20000342   Data          10  ir_ctrl.o(.bss)
    data                                     0x2000034c   Data          80  ringbuffer.o(.bss)
    ymodem_session                           0x2000039c   Data          60  ymodem.o(.bss)
    MBS_Buf                                  0x200003d8   Data         132  modbus_core.o(.bss)
    mbsCoilValue                             0x2000045c   Data          32  modbus_user.o(.bss)
    mbsHoldRegValue                          0x2000047c   Data          44  modbus_user.o(.bss)
    __initial_sp                             0x200008a8   Data           0  startup_stm32f070x6.o(STACK)



==============================================================================

Memory Map of the image

  Image Entry point : 0x080000c1

  Load Region LR_IROM1 (Base: 0x08000000, Size: 0x00002860, Max: 0x00004000, ABSOLUTE)

    Execution Region ER_IROM1 (Exec base: 0x08000000, Load base: 0x08000000, Size: 0x000027e4, Max: 0x00004000, ABSOLUTE)

    Exec Addr    Load Addr    Size         Type   Attr      Idx    E Section Name        Object

    0x08000000   0x08000000   0x000000c0   Data   RO          130    RESET               startup_stm32f070x6.o
    0x080000c0   0x080000c0   0x00000000   Code   RO         2366  * .ARM.Collect$$$$00000000  mc_p.l(entry.o)
    0x080000c0   0x080000c0   0x00000004   Code   RO         2642    .ARM.Collect$$$$00000001  mc_p.l(entry2.o)
    0x080000c4   0x080000c4   0x00000004   Code   RO         2645    .ARM.Collect$$$$00000004  mc_p.l(entry5.o)
    0x080000c8   0x080000c8   0x00000000   Code   RO         2647    .ARM.Collect$$$$00000008  mc_p.l(entry7b.o)
    0x080000c8   0x080000c8   0x00000000   Code   RO         2649    .ARM.Collect$$$$0000000A  mc_p.l(entry8b.o)
    0x080000c8   0x080000c8   0x00000008   Code   RO         2650    .ARM.Collect$$$$0000000B  mc_p.l(entry9a.o)
    0x080000d0   0x080000d0   0x00000004   Code   RO         2657    .ARM.Collect$$$$0000000E  mc_p.l(entry12b.o)
    0x080000d4   0x080000d4   0x00000000   Code   RO         2652    .ARM.Collect$$$$0000000F  mc_p.l(entry10a.o)
    0x080000d4   0x080000d4   0x00000000   Code   RO         2654    .ARM.Collect$$$$00000011  mc_p.l(entry11a.o)
    0x080000d4   0x080000d4   0x00000004   Code   RO         2643    .ARM.Collect$$$$00002712  mc_p.l(entry2.o)
    0x080000d8   0x080000d8   0x00000058   Code   RO          131    .text               startup_stm32f070x6.o
    0x08000130   0x08000130   0x0000002c   Code   RO         2369    .text               mc_p.l(uidiv.o)
    0x0800015c   0x0800015c   0x00000028   Code   RO         2371    .text               mc_p.l(idiv.o)
    0x08000184   0x08000184   0x00000024   Code   RO         2373    .text               mc_p.l(memcpya.o)
    0x080001a8   0x080001a8   0x00000024   Code   RO         2375    .text               mc_p.l(memseta.o)
    0x080001cc   0x080001cc   0x0000001a   Code   RO         2377    .text               mc_p.l(memcmp.o)
    0x080001e6   0x080001e6   0x00000060   Code   RO         2659    .text               mc_p.l(uldiv.o)
    0x08000246   0x08000246   0x00000002   PAD
    0x08000248   0x08000248   0x00000024   Code   RO         2672    .text               mc_p.l(init.o)
    0x0800026c   0x0800026c   0x00000020   Code   RO         2674    .text               mc_p.l(llshl.o)
    0x0800028c   0x0800028c   0x00000022   Code   RO         2676    .text               mc_p.l(llushr.o)
    0x080002ae   0x080002ae   0x00000002   PAD
    0x080002b0   0x080002b0   0x0000000c   Code   RO         1977    i.FLASH_ClearFlag   stm32f0xx_flash.o
    0x080002bc   0x080002bc   0x00000038   Code   RO         1979    i.FLASH_ErasePage   stm32f0xx_flash.o
    0x080002f4   0x080002f4   0x00000028   Code   RO         1982    i.FLASH_GetStatus   stm32f0xx_flash.o
    0x0800031c   0x0800031c   0x00000010   Code   RO         1984    i.FLASH_Lock        stm32f0xx_flash.o
    0x0800032c   0x0800032c   0x00000034   Code   RO         2003    i.FLASH_ProgramHalfWord  stm32f0xx_flash.o
    0x08000360   0x08000360   0x00000058   Code   RO         2004    i.FLASH_ProgramWord  stm32f0xx_flash.o
    0x080003b8   0x080003b8   0x00000020   Code   RO         2006    i.FLASH_Unlock      stm32f0xx_flash.o
    0x080003d8   0x080003d8   0x00000020   Code   RO         2007    i.FLASH_WaitForLastOperation  stm32f0xx_flash.o
    0x080003f8   0x080003f8   0x00000138   Code   RO          318    i.FlashDataRead     bsp_driver.o
    0x08000530   0x08000530   0x000000d8   Code   RO          319    i.FlashDataSave     bsp_driver.o
    0x08000608   0x08000608   0x00000070   Code   RO         1448    i.GPIO_Init         stm32f0xx_gpio.o
    0x08000678   0x08000678   0x00000020   Code   RO         1449    i.GPIO_PinAFConfig  stm32f0xx_gpio.o
    0x08000698   0x08000698   0x00000004   Code   RO         1455    i.GPIO_ResetBits    stm32f0xx_gpio.o
    0x0800069c   0x0800069c   0x00000004   Code   RO         1456    i.GPIO_SetBits      stm32f0xx_gpio.o
    0x080006a0   0x080006a0   0x00000010   Code   RO         1541    i.IWDG_ReloadCounter  stm32f0xx_iwdg.o
    0x080006b0   0x080006b0   0x0000017c   Code   RO          173    i.IapCheck          main.o
    0x0800082c   0x0800082c   0x000000b0   Code   RO          421    i.IapPacketCheck    app.o
    0x080008dc   0x080008dc   0x00000038   Code   RO          422    i.LedCtrl           app.o
    0x08000914   0x08000914   0x00000054   Code   RO         2177    i.MBS_CoreAnalyze   modbus_core.o
    0x08000968   0x08000968   0x00000034   Code   RO         2178    i.MBS_CorePoll      modbus_core.o
    0x0800099c   0x0800099c   0x000000ec   Code   RO         2244    i.MBS_Function01H   modbus_hook.o
    0x08000a88   0x08000a88   0x0000008c   Code   RO         2245    i.MBS_Function03H   modbus_hook.o
    0x08000b14   0x08000b14   0x000000b0   Code   RO         2246    i.MBS_Function05H   modbus_hook.o
    0x08000bc4   0x08000bc4   0x000000b0   Code   RO         2247    i.MBS_Function06H   modbus_hook.o
    0x08000c74   0x08000c74   0x0000007c   Code   RO         2248    i.MBS_Function0FH   modbus_hook.o
    0x08000cf0   0x08000cf0   0x00000060   Code   RO         2249    i.MBS_Function10H   modbus_hook.o
    0x08000d50   0x08000d50   0x00000006   Code   RO         2298    i.MBS_MappingCoilInit  modbus_user.o
    0x08000d56   0x08000d56   0x00000006   Code   RO         2299    i.MBS_MappingHoldRegInit  modbus_user.o
    0x08000d5c   0x08000d5c   0x000000ac   Code   RO         2300    i.MBS_MappingInit   modbus_user.o
    0x08000e08   0x08000e08   0x00000028   Code   RO         2301    i.MBS_MemReadCoilState  modbus_user.o
    0x08000e30   0x08000e30   0x00000050   Code   RO         2302    i.MBS_MemReadHoldRegValue  modbus_user.o
    0x08000e80   0x08000e80   0x00000038   Code   RO         2303    i.MBS_MemWriteCoilState  modbus_user.o
    0x08000eb8   0x08000eb8   0x00000048   Code   RO         2304    i.MBS_MemWriteCoilsState  modbus_user.o
    0x08000f00   0x08000f00   0x00000054   Code   RO         2305    i.MBS_MemWriteHoldRegValue  modbus_user.o
    0x08000f54   0x08000f54   0x00000008   Code   RO         2179    i.MBS_PhysicalSendBuff  modbus_core.o
    0x08000f5c   0x08000f5c   0x0000004c   Code   RO         2180    i.MBS_PortSendAck   modbus_core.o
    0x08000fa8   0x08000fa8   0x00000024   Code   RO         2181    i.MBS_PortSendWithCRC  modbus_core.o
    0x08000fcc   0x08000fcc   0x00000068   Code   RO          423    i.MbsDataSave       app.o
    0x08001034   0x08001034   0x00000050   Code   RO          137    i.NVIC_Init         stm32f0xx_misc.o
    0x08001084   0x08001084   0x00000018   Code   RO          424    i.NVIC_SystemReset  app.o
    0x0800109c   0x0800109c   0x0000001c   Code   RO         1186    i.RCC_AHBPeriphClockCmd  stm32f0xx_rcc.o
    0x080010b8   0x080010b8   0x0000001c   Code   RO         1188    i.RCC_APB1PeriphClockCmd  stm32f0xx_rcc.o
    0x080010d4   0x080010d4   0x0000001c   Code   RO         1190    i.RCC_APB2PeriphClockCmd  stm32f0xx_rcc.o
    0x080010f0   0x080010f0   0x000000dc   Code   RO            3    i.SetSysClock       system_stm32f0xx.o
    0x080011cc   0x080011cc   0x00000048   Code   RO          425    i.SysMonitor        app.o
    0x08001214   0x08001214   0x0000005c   Code   RO          262    i.SysTick_Handler   stm32f0xx_it.o
    0x08001270   0x08001270   0x0000007c   Code   RO            4    i.SystemCoreClockUpdate  system_stm32f0xx.o
    0x080012ec   0x080012ec   0x00000060   Code   RO            5    i.SystemInit        system_stm32f0xx.o
    0x0800134c   0x0800134c   0x000000f8   Code   RO          426    i.Task1_uart_ir     app.o
    0x08001444   0x08001444   0x000000f4   Code   RO          427    i.Task2_uart_rs485  app.o
    0x08001538   0x08001538   0x00000054   Code   RO          428    i.Task3_period_process  app.o
    0x0800158c   0x0800158c   0x00000078   Code   RO          263    i.USART1_IRQHandler  stm32f0xx_it.o
    0x08001604   0x08001604   0x00000078   Code   RO          264    i.USART2_IRQHandler  stm32f0xx_it.o
    0x0800167c   0x0800167c   0x0000000e   Code   RO         1684    i.USART_GetFlagStatus  stm32f0xx_usart.o
    0x0800168a   0x0800168a   0x00000008   Code   RO         1705    i.USART_SendData    stm32f0xx_usart.o
    0x08001692   0x08001692   0x00000002   PAD
    0x08001694   0x08001694   0x0000002c   Code   RO          320    i.UartBleSendData   bsp_driver.o
    0x080016c0   0x080016c0   0x00000054   Code   RO          321    i.UartMbsSendData   bsp_driver.o
    0x08001714   0x08001714   0x00000024   Code   RO          573    i.UpdateCRC16       ymodem.o
    0x08001738   0x08001738   0x00000028   Code   RO          574    i.YmodemCRC         ymodem.o
    0x08001760   0x08001760   0x00000060   Code   RO          429    i.Ymodem_timeout_process  app.o
    0x080017c0   0x080017c0   0x00000020   Code   RO         2588    i.__0printf$8       mc_p.l(printf8.o)
    0x080017e0   0x080017e0   0x0000001a   Code   RO          607    i.__ARM_common_switch8  ymodem.o
    0x080017fa   0x080017fa   0x0000000e   Code   RO         2686    i.__scatterload_copy  mc_p.l(handlers.o)
    0x08001808   0x08001808   0x00000002   Code   RO         2687    i.__scatterload_null  mc_p.l(handlers.o)
    0x0800180a   0x0800180a   0x0000000e   Code   RO         2688    i.__scatterload_zeroinit  mc_p.l(handlers.o)
    0x08001818   0x08001818   0x00000428   Code   RO         2595    i._printf_core      mc_p.l(printf8.o)
    0x08001c40   0x08001c40   0x00000020   Code   RO         2596    i._printf_post_padding  mc_p.l(printf8.o)
    0x08001c60   0x08001c60   0x0000002c   Code   RO         2597    i._printf_pre_padding  mc_p.l(printf8.o)
    0x08001c8c   0x08001c8c   0x00000028   Code   RO          265    i.delay_ms          stm32f0xx_it.o
    0x08001cb4   0x08001cb4   0x000000b0   Code   RO          322    i.flash_erase       bsp_driver.o
    0x08001d64   0x08001d64   0x000000a4   Code   RO          323    i.flash_program_bytes  bsp_driver.o
    0x08001e08   0x08001e08   0x00000074   Code   RO          324    i.flash_write       bsp_driver.o
    0x08001e7c   0x08001e7c   0x00000060   Code   RO          325    i.flash_write_halfword  bsp_driver.o
    0x08001edc   0x08001edc   0x00000024   Code   RO          266    i.fputc             stm32f0xx_it.o
    0x08001f00   0x08001f00   0x000000a4   Code   RO          327    i.gpio_init         bsp_driver.o
    0x08001fa4   0x08001fa4   0x00000180   Code   RO          496    i.ir_cmd_ack_process  ir_ctrl.o
    0x08002124   0x08002124   0x00000024   Code   RO          497    i.ir_cmd_send       ir_ctrl.o
    0x08002148   0x08002148   0x00000024   Code   RO          328    i.jumpToApplication  bsp_driver.o
    0x0800216c   0x0800216c   0x0000004c   Code   RO          174    i.main              main.o
    0x080021b8   0x080021b8   0x00000030   Code   RO         2227    i.mb_crc16          modbus_crc.o
    0x080021e8   0x080021e8   0x00000098   Code   RO          430    i.mbs_data_process  app.o
    0x08002280   0x08002280   0x0000000c   Code   RO          267    i.millis            stm32f0xx_it.o
    0x0800228c   0x0800228c   0x00000034   Code   RO          540    i.read_buffer       ringbuffer.o
    0x080022c0   0x080022c0   0x00000030   Code   RO          431    i.system_run        app.o
    0x080022f0   0x080022f0   0x00000050   Code   RO          329    i.uart_init         bsp_driver.o
    0x08002340   0x08002340   0x00000008   Code   RO          499    i.uart_ir_send      ir_ctrl.o
    0x08002348   0x08002348   0x0000006c   Code   RO          541    i.write_buffer      ringbuffer.o
    0x080023b4   0x080023b4   0x00000018   Code   RO          575    i.ymodem_init       ymodem.o
    0x080023cc   0x080023cc   0x000001f8   Code   RO          576    i.ymodem_packet_analysis  ymodem.o
    0x080025c4   0x080025c4   0x00000200   Data   RO         2228    .constdata          modbus_crc.o
    0x080027c4   0x080027c4   0x00000020   Data   RO         2684    Region$$Table       anon$$obj.o


    Execution Region RW_IRAM1 (Exec base: 0x200000c0, Load base: 0x080027e4, Size: 0x000007e8, Max: 0x00001740, ABSOLUTE)

    Exec Addr    Load Addr    Size         Type   Attr      Idx    E Section Name        Object

    0x200000c0   0x080027e4   0x00000014   Data   RW            6    .data               system_stm32f0xx.o
    0x200000d4   0x080027f8   0x00000008   Data   RW          268    .data               stm32f0xx_it.o
    0x200000dc   0x08002800   0x00000008   Data   RW          333    .data               bsp_driver.o
    0x200000e4   0x08002808   0x0000002c   Data   RW          432    .data               app.o
    0x20000110   0x08002834   0x00000001   Data   RW          501    .data               ir_ctrl.o
    0x20000111   0x08002835   0x00000003   PAD
    0x20000114   0x08002838   0x00000008   Data   RW          543    .data               ringbuffer.o
    0x2000011c   0x08002840   0x00000001   Data   RW         2183    .data               modbus_core.o
    0x2000011d   0x08002841   0x00000003   PAD
    0x20000120   0x08002844   0x00000018   Data   RW         2307    .data               modbus_user.o
    0x20000138   0x0800285c   0x00000004   Data   RW         2658    .data               mc_p.l(stdout.o)
    0x2000013c        -       0x00000103   Zero   RW          331    .bss                bsp_driver.o
    0x2000023f        -       0x00000103   Zero   RW          332    .bss                bsp_driver.o
    0x20000342        -       0x0000000a   Zero   RW          500    .bss                ir_ctrl.o
    0x2000034c        -       0x00000050   Zero   RW          542    .bss                ringbuffer.o
    0x2000039c        -       0x0000003c   Zero   RW          577    .bss                ymodem.o
    0x200003d8        -       0x00000084   Zero   RW         2182    .bss                modbus_core.o
    0x2000045c        -       0x0000004c   Zero   RW         2306    .bss                modbus_user.o
    0x200004a8        -       0x00000400   Zero   RW          128    STACK               startup_stm32f070x6.o


==============================================================================

Image component sizes


      Code (inc. data)   RO Data    RW Data    ZI Data      Debug   Object Name

      1304        248          0         44          0      11713   app.o
      1488        290          0          8        518       8950   bsp_driver.o
       428        132          0          1         10       3262   ir_ctrl.o
       456        192          0          0          0      11027   main.o
       256         22          0          1        132       4830   modbus_core.o
        48          6        512          0          0       1227   modbus_crc.o
       948         78          0          0          0       4288   modbus_hook.o
       516         50          0         24         76       7407   modbus_user.o
       160         56          0          8         80       1960   ringbuffer.o
        88         38        192          0       1024        592   startup_stm32f070x6.o
       328         44          0          0          0       4811   stm32f0xx_flash.o
       152          0          0          0          0       2607   stm32f0xx_gpio.o
       420         60          0          8          0       3283   stm32f0xx_it.o
        16          8          0          0          0        429   stm32f0xx_iwdg.o
        80          8          0          0          0        856   stm32f0xx_misc.o
        84         18          0          0          0       1642   stm32f0xx_rcc.o
        22          0          0          0          0       1727   stm32f0xx_usart.o
       440         38          0         20          0     184165   system_stm32f0xx.o
       630         30          0          0         60       4428   ymodem.o

    ----------------------------------------------------------------------
      7866       1318        736        120       1900     259204   Object Totals
         0          0         32          0          0          0   (incl. Generated)
         2          0          0          6          0          0   (incl. Padding)

    ----------------------------------------------------------------------

      Code (inc. data)   RO Data    RW Data    ZI Data      Debug   Library Member Name

         0          0          0          0          0          0   entry.o
         0          0          0          0          0          0   entry10a.o
         0          0          0          0          0          0   entry11a.o
         4          0          0          0          0          0   entry12b.o
         8          4          0          0          0          0   entry2.o
         4          0          0          0          0          0   entry5.o
         0          0          0          0          0          0   entry7b.o
         0          0          0          0          0          0   entry8b.o
         8          4          0          0          0          0   entry9a.o
        30          0          0          0          0          0   handlers.o
        40          0          0          0          0         72   idiv.o
        36          8          0          0          0         68   init.o
        32          0          0          0          0         68   llshl.o
        34          0          0          0          0         68   llushr.o
        26          0          0          0          0         72   memcmp.o
        36          0          0          0          0         60   memcpya.o
        36          0          0          0          0        100   memseta.o
      1172         52          0          0          0        324   printf8.o
         0          0          0          4          0          0   stdout.o
        44          0          0          0          0         72   uidiv.o
        96          0          0          0          0         84   uldiv.o

    ----------------------------------------------------------------------
      1610         68          0          4          0        988   Library Totals
         4          0          0          0          0          0   (incl. Padding)

    ----------------------------------------------------------------------

      Code (inc. data)   RO Data    RW Data    ZI Data      Debug   Library Name

      1606         68          0          4          0        988   mc_p.l

    ----------------------------------------------------------------------
      1610         68          0          4          0        988   Library Totals

    ----------------------------------------------------------------------

==============================================================================


      Code (inc. data)   RO Data    RW Data    ZI Data      Debug   

      9476       1386        736        124       1900     256472   Grand Totals
      9476       1386        736        124       1900     256472   ELF Image Totals
      9476       1386        736        124          0          0   ROM Totals

==============================================================================

    Total RO  Size (Code + RO Data)                10212 (   9.97kB)
    Total RW  Size (RW Data + ZI Data)              2024 (   1.98kB)
    Total ROM Size (Code + RO Data + RW Data)      10336 (  10.09kB)

==============================================================================

