Component: ARM Compiler 5.06 update 7 (build 960) Tool: armlink [4d3601]

==============================================================================

Section Cross References

    system_stm32f0xx.o(i.SystemCoreClockUpdate) refers to uidiv.o(.text) for __aeabi_uidivmod
    system_stm32f0xx.o(i.SystemCoreClockUpdate) refers to system_stm32f0xx.o(.data) for SystemCoreClock
    system_stm32f0xx.o(i.SystemInit) refers to system_stm32f0xx.o(i.SetSysClock) for SetSysClock
    startup_stm32f070x6.o(RESET) refers to startup_stm32f070x6.o(STACK) for __initial_sp
    startup_stm32f070x6.o(RESET) refers to startup_stm32f070x6.o(.text) for Reset_Handler
    startup_stm32f070x6.o(RESET) refers to stm32f0xx_it.o(i.SysTick_Handler) for SysTick_Handler
    startup_stm32f070x6.o(RESET) refers to stm32f0xx_it.o(i.USART1_IRQHandler) for USART1_IRQHandler
    startup_stm32f070x6.o(RESET) refers to stm32f0xx_it.o(i.USART2_IRQHandler) for USART2_IRQHandler
    startup_stm32f070x6.o(.text) refers to startup_stm32f070x6.o(STACK) for __initial_sp
    startup_stm32f070x6.o(.text) refers to system_stm32f0xx.o(i.SystemInit) for SystemInit
    startup_stm32f070x6.o(.text) refers to entry.o(.ARM.Collect$$$$00000000) for __main
    main.o(i.IapCheck) refers to bsp_driver.o(i.flash_write_halfword) for flash_write_halfword
    main.o(i.IapCheck) refers to bsp_driver.o(i.jumpToApplication) for jumpToApplication
    main.o(i.IapCheck) refers to ymodem.o(i.ymodem_init) for ymodem_init
    main.o(i.IapCheck) refers to bsp_driver.o(i.flash_erase) for flash_erase
    main.o(i.IapCheck) refers to stm32f0xx_it.o(i.delay_ms) for delay_ms
    main.o(i.IapCheck) refers to bsp_driver.o(i.UartMbsSendData) for UartMbsSendData
    main.o(i.IapCheck) refers to ymodem.o(.bss) for ymodem_session
    main.o(i.main) refers to system_stm32f0xx.o(i.SystemCoreClockUpdate) for SystemCoreClockUpdate
    main.o(i.main) refers to main.o(i.NVIC_SetPriority) for NVIC_SetPriority
    main.o(i.main) refers to bsp_driver.o(i.watchDog_init) for watchDog_init
    main.o(i.main) refers to bsp_driver.o(i.gpio_init) for gpio_init
    main.o(i.main) refers to bsp_driver.o(i.uart_init) for uart_init
    main.o(i.main) refers to main.o(i.IapCheck) for IapCheck
    main.o(i.main) refers to modbus_user.o(i.MBS_MappingInit) for MBS_MappingInit
    main.o(i.main) refers to bsp_driver.o(i.MbsFlashDataSyn) for MbsFlashDataSyn
    main.o(i.main) refers to memcpya.o(.text) for __aeabi_memcpy4
    main.o(i.main) refers to bsp_driver.o(i.UartBleSendData) for UartBleSendData
    main.o(i.main) refers to app.o(i.system_run) for system_run
    stm32f0xx_it.o(i.SysTick_Handler) refers to stm32f0xx_it.o(.data) for sys_ms
    stm32f0xx_it.o(i.SysTick_Handler) refers to bsp_driver.o(.bss) for uart_ble_state
    stm32f0xx_it.o(i.USART1_IRQHandler) refers to bsp_driver.o(.bss) for uart_ble_state
    stm32f0xx_it.o(i.USART2_IRQHandler) refers to bsp_driver.o(.bss) for uart_rs485_state
    stm32f0xx_it.o(i.delay_ms) refers to stm32f0xx_it.o(.data) for sys_ms
    stm32f0xx_it.o(i.fputc) refers to stm32f0xx_usart.o(i.USART_SendData) for USART_SendData
    stm32f0xx_it.o(i.fputc) refers to stm32f0xx_usart.o(i.USART_GetFlagStatus) for USART_GetFlagStatus
    stm32f0xx_it.o(i.millis) refers to stm32f0xx_it.o(.data) for sys_ms
    bsp_driver.o(i.MbsFlashDataSave) refers to bsp_driver.o(i.flash_erase) for flash_erase
    bsp_driver.o(i.MbsFlashDataSave) refers to bsp_driver.o(i.flash_write) for flash_write
    bsp_driver.o(i.MbsFlashDataSave) refers to bsp_driver.o(.data) for offset
    bsp_driver.o(i.MbsFlashDataSave) refers to modbus_user.o(.bss) for mbsCoilValue
    bsp_driver.o(i.MbsFlashDataSyn) refers to bsp_driver.o(.data) for offset
    bsp_driver.o(i.MbsFlashDataSyn) refers to modbus_user.o(.bss) for mbsCoilValue
    bsp_driver.o(i.UartMbsSendData) refers to stm32f0xx_gpio.o(i.GPIO_SetBits) for GPIO_SetBits
    bsp_driver.o(i.UartMbsSendData) refers to stm32f0xx_gpio.o(i.GPIO_ResetBits) for GPIO_ResetBits
    bsp_driver.o(i.flash_erase) refers to stm32f0xx_flash.o(i.FLASH_Unlock) for FLASH_Unlock
    bsp_driver.o(i.flash_erase) refers to stm32f0xx_flash.o(i.FLASH_ClearFlag) for FLASH_ClearFlag
    bsp_driver.o(i.flash_erase) refers to stm32f0xx_flash.o(i.FLASH_ErasePage) for FLASH_ErasePage
    bsp_driver.o(i.flash_erase) refers to stm32f0xx_flash.o(i.FLASH_Lock) for FLASH_Lock
    bsp_driver.o(i.flash_program_bytes) refers to memcpya.o(.text) for __aeabi_memcpy
    bsp_driver.o(i.flash_program_bytes) refers to stm32f0xx_flash.o(i.FLASH_Unlock) for FLASH_Unlock
    bsp_driver.o(i.flash_program_bytes) refers to stm32f0xx_flash.o(i.FLASH_ClearFlag) for FLASH_ClearFlag
    bsp_driver.o(i.flash_program_bytes) refers to stm32f0xx_flash.o(i.FLASH_ProgramWord) for FLASH_ProgramWord
    bsp_driver.o(i.flash_program_bytes) refers to stm32f0xx_flash.o(i.FLASH_Lock) for FLASH_Lock
    bsp_driver.o(i.flash_write) refers to stm32f0xx_flash.o(i.FLASH_Unlock) for FLASH_Unlock
[...]
    printf3.o(i.__0vfprintf$3) refers to stm32f0xx_it.o(i.fputc) for fputc
    printf3.o(i.__0vprintf$3) refers to printf3.o(i._printf_core) for _printf_core
    printf3.o(i.__0vprintf$3) refers to stm32f0xx_it.o(i.fputc) for fputc
    printf3.o(i.__0vprintf$3) refers to stdout.o(.data) for __stdout
    printf3.o(i.__0vsnprintf$3) refers to printf3.o(i._printf_core) for _printf_core
    printf3.o(i.__0vsnprintf$3) refers to printf3.o(i._snputc) for _snputc
    printf3.o(i.__0vsprintf$3) refers to printf3.o(i._printf_core) for _printf_core
    printf3.o(i.__0vsprintf$3) refers to printf3.o(i._sputc) for _sputc
    printf3.o(i._printf_core) refers to uidiv.o(.text) for __aeabi_uidivmod
    printf4.o(i.__0fprintf$4) refers to printf4.o(i._printf_core) for _printf_core
    printf4.o(i.__0fprintf$4) refers to stm32f0xx_it.o(i.fputc) for fputc
    printf4.o(i.__0printf$4) refers to printf4.o(i._printf_core) for _printf_core
    printf4.o(i.__0printf$4) refers to stm32f0xx_it.o(i.fputc) for fputc
    printf4.o(i.__0printf$4) refers to stdout.o(.data) for __stdout
    printf4.o(i.__0snprintf$4) refers to printf4.o(i._printf_core) for _printf_core
    printf4.o(i.__0snprintf$4) refers to printf4.o(i._snputc) for _snputc
    printf4.o(i.__0sprintf$4) refers to printf4.o(i._printf_core) for _printf_core
    printf4.o(i.__0sprintf$4) refers to printf4.o(i._sputc) for _sputc
    printf4.o(i.__0vfprintf$4) refers to printf4.o(i._printf_core) for _printf_core
    printf4.o(i.__0vfprintf$4) refers to stm32f0xx_it.o(i.fputc) for fputc
    printf4.o(i.__0vprintf$4) refers to printf4.o(i._printf_core) for _printf_core
    printf4.o(i.__0vprintf$4) refers to stm32f0xx_it.o(i.fputc) for fputc
    printf4.o(i.__0vprintf$4) refers to stdout.o(.data) for __stdout
    printf4.o(i.__0vsnprintf$4) refers to printf4.o(i._printf_core) for _printf_core
    printf4.o(i.__0vsnprintf$4) refers to printf4.o(i._snputc) for _snputc
    printf4.o(i.__0vsprintf$4) refers to printf4.o(i._printf_core) for _printf_core
    printf4.o(i.__0vsprintf$4) refers to printf4.o(i._sputc) for _sputc
    printf4.o(i._printf_core) refers to uldiv.o(.text) for __aeabi_uldivmod
    printf5.o(i.__0fprintf$5) refers to printf5.o(i._printf_core) for _printf_core
    printf5.o(i.__0fprintf$5) refers to stm32f0xx_it.o(i.fputc) for fputc
    printf5.o(i.__0printf$5) refers to printf5.o(i._printf_core) for _printf_core
    printf5.o(i.__0printf$5) refers to stm32f0xx_it.o(i.fputc) for fputc
    printf5.o(i.__0printf$5) refers to stdout.o(.data) for __stdout
    printf5.o(i.__0snprintf$5) refers to printf5.o(i._printf_core) for _printf_core
    printf5.o(i.__0snprintf$5) refers to printf5.o(i._snputc) for _snputc
    printf5.o(i.__0sprintf$5) refers to printf5.o(i._printf_core) for _printf_core
    printf5.o(i.__0sprintf$5) refers to printf5.o(i._sputc) for _sputc
    printf5.o(i.__0vfprintf$5) refers to printf5.o(i._printf_core) for _printf_core
    printf5.o(i.__0vfprintf$5) refers to stm32f0xx_it.o(i.fputc) for fputc
    printf5.o(i.__0vprintf$5) refers to printf5.o(i._printf_core) for _printf_core
    printf5.o(i.__0vprintf$5) refers to stm32f0xx_it.o(i.fputc) for fputc
    printf5.o(i.__0vprintf$5) refers to stdout.o(.data) for __stdout
    printf5.o(i.__0vsnprintf$5) refers to printf5.o(i._printf_core) for _printf_core
    printf5.o(i.__0vsnprintf$5) refers to printf5.o(i._snputc) for _snputc
    printf5.o(i.__0vsprintf$5) refers to printf5.o(i._printf_core) for _printf_core
    printf5.o(i.__0vsprintf$5) refers to printf5.o(i._sputc) for _sputc
    printf5.o(i._printf_core) refers to uldiv.o(.text) for __aeabi_uldivmod
    printf6.o(i.__0fprintf$6) refers to printf6.o(i._printf_core) for _printf_core
    printf6.o(i.__0fprintf$6) refers to stm32f0xx_it.o(i.fputc) for fputc
    printf6.o(i.__0printf$6) refers to printf6.o(i._printf_core) for _printf_core
    printf6.o(i.__0printf$6) refers to stm32f0xx_it.o(i.fputc) for fputc
    printf6.o(i.__0printf$6) refers to stdout.o(.data) for __stdout
    printf6.o(i.__0snprintf$6) refers to printf6.o(i._printf_core) for _printf_core
    printf6.o(i.__0snprintf$6) refers to printf6.o(i._snputc) for _snputc
    printf6.o(i.__0sprintf$6) refers to printf6.o(i._printf_core) for _printf_core
    printf6.o(i.__0sprintf$6) refers to printf6.o(i._sputc) for _sputc
    printf6.o(i.__0vfprintf$6) refers to printf6.o(i._printf_core) for _printf_core
    printf6.o(i.__0vfprintf$6) refers to stm32f0xx_it.o(i.fputc) for fputc
    printf6.o(i.__0vprintf$6) refers to printf6.o(i._printf_core) for _printf_core
    printf6.o(i.__0vprintf$6) refers to stm32f0xx_it.o(i.fputc) for fputc
    printf6.o(i.__0vprintf$6) refers to stdout.o(.data) for __stdout
    printf6.o(i.__0vsnprintf$6) refers to printf6.o(i._printf_core) for _printf_core
    printf6.o(i.__0vsnprintf$6) refers to printf6.o(i._snputc) for _snputc
    printf6.o(i.__0vsprintf$6) refers to printf6.o(i._printf_core) for _printf_core
    printf6.o(i.__0vsprintf$6) refers to printf6.o(i._sputc) for _sputc
    printf6.o(i._printf_core) refers to printf6.o(i._printf_pre_padding) for _printf_pre_padding
    printf6.o(i._printf_core) refers to printf6.o(i._printf_post_padding) for _printf_post_padding
    printf6.o(i._printf_core) refers to uidiv.o(.text) for __aeabi_uidivmod
    printf7.o(i.__0fprintf$7) refers to printf7.o(i._printf_core) for _printf_core
    printf7.o(i.__0fprintf$7) refers to stm32f0xx_it.o(i.fputc) for fputc
    printf7.o(i.__0printf$7) refers to printf7.o(i._printf_core) for _printf_core
    printf7.o(i.__0printf$7) refers to stm32f0xx_it.o(i.fputc) for fputc
    printf7.o(i.__0printf$7) refers to stdout.o(.data) for __stdout
    printf7.o(i.__0snprintf$7) refers to printf7.o(i._printf_core) for _printf_core
    printf7.o(i.__0snprintf$7) refers to printf7.o(i._snputc) for _snputc
    printf7.o(i.__0sprintf$7) refers to printf7.o(i._printf_core) for _printf_core
    printf7.o(i.__0sprintf$7) refers to printf7.o(i._sputc) for _sputc
    printf7.o(i.__0vfprintf$7) refers to printf7.o(i._printf_core) for _printf_core
    printf7.o(i.__0vfprintf$7) refers to stm32f0xx_it.o(i.fputc) for fputc
    printf7.o(i.__0vprintf$7) refers to printf7.o(i._printf_core) for _printf_core
    printf7.o(i.__0vprintf$7) refers to stm32f0xx_it.o(i.fputc) for fputc
    printf7.o(i.__0vprintf$7) refers to stdout.o(.data) for __stdout
    printf7.o(i.__0vsnprintf$7) refers to printf7.o(i._printf_core) for _printf_core
    printf7.o(i.__0vsnprintf$7) refers to printf7.o(i._snputc) for _snputc
    printf7.o(i.__0vsprintf$7) refers to printf7.o(i._printf_core) for _printf_core
    printf7.o(i.__0vsprintf$7) refers to printf7.o(i._sputc) for _sputc
    printf7.o(i._printf_core) refers to printf7.o(i._printf_pre_padding) for _printf_pre_padding
    printf7.o(i._printf_core) refers to printf7.o(i._printf_post_padding) for _printf_post_padding
    printf7.o(i._printf_core) refers to uldiv.o(.text) for __aeabi_uldivmod
    printf8.o(i.__0fprintf$8) refers to printf8.o(i._printf_core) for _printf_core
    printf8.o(i.__0fprintf$8) refers to stm32f0xx_it.o(i.fputc) for fputc
    printf8.o(i.__0printf$8) refers to printf8.o(i._printf_core) for _printf_core
    printf8.o(i.__0printf$8) refers to stm32f0xx_it.o(i.fputc) for fputc
    printf8.o(i.__0printf$8) refers to stdout.o(.data) for __stdout
    printf8.o(i.__0snprintf$8) refers to printf8.o(i._printf_core) for _printf_core
    printf8.o(i.__0snprintf$8) refers to printf8.o(i._snputc) for _snputc
    printf8.o(i.__0sprintf$8) refers to printf8.o(i._printf_core) for _printf_core
    printf8.o(i.__0sprintf$8) refers to printf8.o(i._sputc) for _sputc
    printf8.o(i.__0vfprintf$8) refers to printf8.o(i._printf_core) for _printf_core
    printf8.o(i.__0vfprintf$8) refers to stm32f0xx_it.o(i.fputc) for fputc
    printf8.o(i.__0vprintf$8) refers to printf8.o(i._printf_core) for _printf_core
    printf8.o(i.__0vprintf$8) refers to stm32f0xx_it.o(i.fputc) for fputc
    printf8.o(i.__0vprintf$8) refers to stdout.o(.data) for __stdout
    printf8.o(i.__0vsnprintf$8) refers to printf8.o(i._printf_core) for _printf_core
    printf8.o(i.__0vsnprintf$8) refers to printf8.o(i._snputc) for _snputc
    printf8.o(i.__0vsprintf$8) refers to printf8.o(i._printf_core) for _printf_core
    printf8.o(i.__0vsprintf$8) refers to printf8.o(i._sputc) for _sputc
    printf8.o(i._printf_core) refers to printf8.o(i._printf_pre_padding) for _printf_pre_padding
    printf8.o(i._printf_core) refers to printf8.o(i._printf_post_padding) for _printf_post_padding
    printf8.o(i._printf_core) refers to uldiv.o(.text) for __aeabi_uldivmod
    printfa.o(i.__0fprintf) refers (Special) to iusefp.o(.text) for __I$use$fp
    printfa.o(i.__0fprintf) refers to printfa.o(i._printf_core) for _printf_core
    printfa.o(i.__0fprintf) refers to stm32f0xx_it.o(i.fputc) for fputc
    printfa.o(i.__0printf) refers (Special) to iusefp.o(.text) for __I$use$fp
    printfa.o(i.__0printf) refers to printfa.o(i._printf_core) for _printf_core
    printfa.o(i.__0printf) refers to stm32f0xx_it.o(i.fputc) for fputc
    printfa.o(i.__0printf) refers to stdout.o(.data) for __stdout
    printfa.o(i.__0snprintf) refers (Special) to iusefp.o(.text) for __I$use$fp
    printfa.o(i.__0snprintf) refers to printfa.o(i._printf_core) for _printf_core
    printfa.o(i.__0snprintf) refers to printfa.o(i._snputc) for _snputc
    printfa.o(i.__0sprintf) refers (Special) to iusefp.o(.text) for __I$use$fp
    printfa.o(i.__0sprintf) refers to printfa.o(i._printf_core) for _printf_core
    printfa.o(i.__0sprintf) refers to printfa.o(i._sputc) for _sputc
    printfa.o(i.__0vfprintf) refers (Special) to iusefp.o(.text) for __I$use$fp
    printfa.o(i.__0vfprintf) refers to printfa.o(i._printf_core) for _printf_core
    printfa.o(i.__0vfprintf) refers to stm32f0xx_it.o(i.fputc) for fputc
    printfa.o(i.__0vprintf) refers (Special) to iusefp.o(.text) for __I$use$fp
    printfa.o(i.__0vprintf) refers to printfa.o(i._printf_core) for _printf_core
    printfa.o(i.__0vprintf) refers to stm32f0xx_it.o(i.fputc) for fputc
    printfa.o(i.__0vprintf) refers to stdout.o(.data) for __stdout
    printfa.o(i.__0vsnprintf) refers (Special) to iusefp.o(.text) for __I$use$fp
    printfa.o(i.__0vsnprintf) refers to printfa.o(i._printf_core) for _printf_core
    printfa.o(i.__0vsnprintf) refers to printfa.o(i._snputc) for _snputc
    printfa.o(i.__0vsprintf) refers (Special) to iusefp.o(.text) for __I$use$fp
    printfa.o(i.__0vsprintf) refers to printfa.o(i._printf_core) for _printf_core
    printfa.o(i.__0vsprintf) refers to printfa.o(i._sputc) for _sputc
    printfa.o(i._fp_digits) refers (Special) to iusefp.o(.text) for __I$use$fp
    printfa.o(i._fp_digits) refers to dmul.o(.text) for __aeabi_dmul
    printfa.o(i._fp_digits) refers to ddiv.o(.text) for __aeabi_ddiv
    printfa.o(i._fp_digits) refers to cdrcmple.o(.text) for __aeabi_cdrcmple
    printfa.o(i._fp_digits) refers to dadd.o(.text) for __aeabi_dadd
    printfa.o(i._fp_digits) refers to dfixul.o(.text) for __aeabi_d2ulz
    printfa.o(i._fp_digits) refers to uldiv.o(.text) for __aeabi_uldivmod
    printfa.o(i._printf_core) refers (Special) to iusefp.o(.text) for __I$use$fp
    printfa.o(i._printf_core) refers to printfa.o(i._printf_pre_padding) for _printf_pre_padding
    printfa.o(i._printf_core) refers to uldiv.o(.text) for __aeabi_uldivmod
    printfa.o(i._printf_core) refers to printfa.o(i._printf_post_padding) for _printf_post_padding
    printfa.o(i._printf_core) refers to printfa.o(i._fp_digits) for _fp_digits
    printfa.o(i._printf_core) refers to uidiv.o(.text) for __aeabi_uidivmod
    printfa.o(i._printf_post_padding) refers (Special) to iusefp.o(.text) for __I$use$fp
    printfa.o(i._printf_pre_padding) refers (Special) to iusefp.o(.text) for __I$use$fp
    printfa.o(i._snputc) refers (Special) to iusefp.o(.text) for __I$use$fp
    printfa.o(i._sputc) refers (Special) to iusefp.o(.text) for __I$use$fp
    strtol.o(.text) refers to ctype_o.o(.text) for __rt_ctype_table
    strtol.o(.text) refers to _strtoul.o(.text) for _strtoul
    strtol.o(.text) refers to errno.o(i.__aeabi_errno_addr) for __aeabi_errno_addr
    entry2.o(.ARM.Collect$$$$00000001) refers to entry2.o(.ARM.Collect$$$$00002712) for __lit__00000000
    entry2.o(.ARM.Collect$$$$00002712) refers to startup_stm32f070x6.o(STACK) for __initial_sp
    entry2.o(__vectab_stack_and_reset_area) refers to startup_stm32f070x6.o(STACK) for __initial_sp
    entry2.o(__vectab_stack_and_reset_area) refers to entry.o(.ARM.Collect$$$$00000000) for __main
    entry5.o(.ARM.Collect$$$$00000004) refers to init.o(.text) for __scatterload
    entry9a.o(.ARM.Collect$$$$0000000B) refers to main.o(i.main) for main
    entry9b.o(.ARM.Collect$$$$0000000C) refers to main.o(i.main) for main
    uldiv.o(.text) refers to llushr.o(.text) for __aeabi_llsr
    uldiv.o(.text) refers to llshl.o(.text) for __aeabi_llsl
    ctype_o.o(.text) refers to ctype_o.o(.constdata) for .constdata
    ctype_o.o(.constdata) refers to ctype_o.o(.constdata) for __ctype_table
    isalnum_o.o(.text) refers to ctype_o.o(.text) for __rt_ctype_table
    isalpha_o.o(.text) refers to ctype_o.o(.text) for __rt_ctype_table
    isblank_o.o(.text) refers to ctype_o.o(.constdata) for __ctype_table
    iscntrl_o.o(.text) refers to ctype_o.o(.text) for __rt_ctype_table
    isdigit_o.o(.text) refers to ctype_o.o(.text) for __rt_ctype_table
    isgraph_o.o(.text) refers to ctype_o.o(.text) for __rt_ctype_table
    islower_o.o(.text) refers to ctype_o.o(.text) for __rt_ctype_table
    isprint_o.o(.text) refers to ctype_o.o(.text) for __rt_ctype_table
    ispunct_o.o(.text) refers to ctype_o.o(.text) for __rt_ctype_table
    isspace_o.o(.text) refers to ctype_o.o(.text) for __rt_ctype_table
    isupper_o.o(.text) refers to ctype_o.o(.text) for __rt_ctype_table
    isxdigit_o.o(.text) refers to ctype_o.o(.text) for __rt_ctype_table
    errno.o(i.__aeabi_errno_addr) refers to errno.o(.data) for .data
    errno.o(i.__read_errno) refers to errno.o(.data) for .data
    errno.o(i.__set_errno) refers to errno.o(.data) for .data
    _strtoul.o(.text) refers to _chval.o(.text) for _chval
    _strtoul.o(.text) refers to errno.o(i.__aeabi_errno_addr) for __aeabi_errno_addr
    dadd.o(.text) refers to llshl.o(.text) for __aeabi_llsl
    dadd.o(.text) refers to llsshr.o(.text) for __aeabi_lasr
    dadd.o(.text) refers to depilogue.o(.text) for _double_epilogue
    dmul.o(.text) refers to depilogue.o(.text) for _double_epilogue
    ddiv.o(.text) refers to depilogue.o(.text) for _double_round
    dfixul.o(.text) refers to llushr.o(.text) for __aeabi_llsr
    dfixul.o(.text) refers to llshl.o(.text) for __aeabi_llsl
    init.o(.text) refers to entry5.o(.ARM.Collect$$$$00000004) for __main_after_scatterload
    depilogue.o(.text) refers to depilogue.o(i.__ARM_clz) for __ARM_clz
    depilogue.o(.text) refers to llshl.o(.text) for __aeabi_llsl
    depilogue.o(.text) refers to llushr.o(.text) for __aeabi_llsr


==============================================================================

Removing Unused input sections from the image.

    Removing system_stm32f0xx.o(.rev16_text), (4 bytes).
    Removing system_stm32f0xx.o(.revsh_text), (4 bytes).
    Removing startup_stm32f070x6.o(HEAP), (512 bytes).
    Removing stm32f0xx_misc.o(.rev16_text), (4 bytes).
    Removing stm32f0xx_misc.o(.revsh_text), (4 bytes).
    Removing stm32f0xx_misc.o(i.NVIC_SystemLPConfig), (32 bytes).
    Removing stm32f0xx_misc.o(i.SysTick_CLKSourceConfig), (36 bytes).
    Removing main.o(.rev16_text), (4 bytes).
    Removing main.o(.revsh_text), (4 bytes).
    Removing stm32f0xx_it.o(.rev16_text), (4 bytes).
    Removing stm32f0xx_it.o(.revsh_text), (4 bytes).
    Removing stm32f0xx_it.o(i.fputc), (36 bytes).
    Removing bsp_driver.o(.rev16_text), (4 bytes).
    Removing bsp_driver.o(.revsh_text), (4 bytes).
    Removing bsp_driver.o(i.MbsFlashDataSave), (216 bytes).
    Removing bsp_driver.o(i.flash_write), (48 bytes).
    Removing bsp_driver.o(i.flash_write_word), (30 bytes).
    Removing app.o(.rev16_text), (4 bytes).
    Removing app.o(.revsh_text), (4 bytes).
    Removing app.o(i.Task1_uart_ble), (100 bytes).
    Removing app.o(i.mbs_data_process), (708 bytes).
    Removing app.o(i.music_config), (464 bytes).
    Removing app.o(.bss), (256 bytes).
    Removing ringbuffer.o(.rev16_text), (4 bytes).
    Removing ringbuffer.o(.revsh_text), (4 bytes).
    Removing ringbuffer.o(i.read_command), (72 bytes).
    Removing ringbuffer.o(i.write_command), (88 bytes).
    Removing ringbuffer.o(.bss), (203 bytes).
    Removing ymodem.o(.rev16_text), (4 bytes).
    Removing ymodem.o(.revsh_text), (4 bytes).
    Removing ble_driver.o(.rev16_text), (4 bytes).
    Removing ble_driver.o(.revsh_text), (4 bytes).
    Removing ble_driver.o(i.ascii2int), (86 bytes).
    Removing ble_driver.o(i.executeBleCommand), (34 bytes).
    Removing ble_driver.o(i.handleCommand), (140 bytes).
    Removing ble_driver.o(i.handleIsBleMode), (116 bytes).
    Removing ble_driver.o(i.handleIsConnected), (48 bytes).
    Removing ble_driver.o(i.handleM1), (28 bytes).
    Removing ble_driver.o(i.handleM2), (28 bytes).
    Removing ble_driver.o(i.handleMK), (28 bytes).
    Removing ble_driver.o(i.handleMP), (44 bytes).
    Removing ble_driver.o(i.handleMT), (28 bytes).
    Removing ble_driver.o(i.handleOK), (2 bytes).
    Removing ble_driver.o(i.handleSearchMode), (28 bytes).
    Removing ble_driver.o(i.handleTQ), (432 bytes).
    Removing ble_driver.o(i.parseAndHandleCommand), (44 bytes).
    Removing ble_driver.o(i.writeBluetoothCommand), (12 bytes).
    Removing ble_driver.o(.bss), (72 bytes).
    Removing ble_driver.o(.conststring), (36 bytes).
    Removing ble_driver.o(.data), (89 bytes).
    Removing stm32f0xx_tim.o(.rev16_text), (4 bytes).
    Removing stm32f0xx_tim.o(.revsh_text), (4 bytes).
    Removing stm32f0xx_tim.o(i.TI1_Config), (56 bytes).
    Removing stm32f0xx_tim.o(i.TI2_Config), (76 bytes).
    Removing stm32f0xx_tim.o(i.TI3_Config), (72 bytes).
    Removing stm32f0xx_tim.o(i.TI4_Config), (80 bytes).
    Removing stm32f0xx_tim.o(i.TIM_ARRPreloadConfig), (28 bytes).
    Removing stm32f0xx_tim.o(i.TIM_BDTRConfig), (32 bytes).
    Removing stm32f0xx_tim.o(i.TIM_BDTRStructInit), (18 bytes).
    Removing stm32f0xx_tim.o(i.TIM_CCPreloadControl), (28 bytes).
    Removing stm32f0xx_tim.o(i.TIM_CCxCmd), (30 bytes).
    Removing stm32f0xx_tim.o(i.TIM_CCxNCmd), (30 bytes).
    Removing stm32f0xx_tim.o(i.TIM_ClearFlag), (6 bytes).
    Removing stm32f0xx_tim.o(i.TIM_ClearITPendingBit), (6 bytes).
    Removing stm32f0xx_tim.o(i.TIM_ClearOC1Ref), (24 bytes).
    Removing stm32f0xx_tim.o(i.TIM_ClearOC2Ref), (20 bytes).
    Removing stm32f0xx_tim.o(i.TIM_ClearOC3Ref), (24 bytes).
    Removing stm32f0xx_tim.o(i.TIM_ClearOC4Ref), (20 bytes).
    Removing stm32f0xx_tim.o(i.TIM_Cmd), (28 bytes).
    Removing stm32f0xx_tim.o(i.TIM_CounterModeConfig), (24 bytes).
    Removing stm32f0xx_tim.o(i.TIM_CtrlPWMOutputs), (34 bytes).
    Removing stm32f0xx_tim.o(i.TIM_DMACmd), (20 bytes).
    Removing stm32f0xx_tim.o(i.TIM_DMAConfig), (12 bytes).
    Removing stm32f0xx_tim.o(i.TIM_DeInit), (260 bytes).
    Removing stm32f0xx_tim.o(i.TIM_ETRClockMode1Config), (52 bytes).
    Removing stm32f0xx_tim.o(i.TIM_ETRClockMode2Config), (34 bytes).
    Removing stm32f0xx_tim.o(i.TIM_ETRConfig), (24 bytes).
    Removing stm32f0xx_tim.o(i.TIM_EncoderInterfaceConfig), (68 bytes).
    Removing stm32f0xx_tim.o(i.TIM_ForcedOC1Config), (24 bytes).
    Removing stm32f0xx_tim.o(i.TIM_ForcedOC2Config), (24 bytes).
    Removing stm32f0xx_tim.o(i.TIM_ForcedOC3Config), (24 bytes).
    Removing stm32f0xx_tim.o(i.TIM_ForcedOC4Config), (24 bytes).
    Removing stm32f0xx_tim.o(i.TIM_GenerateEvent), (4 bytes).
    Removing stm32f0xx_tim.o(i.TIM_GetCapture1), (6 bytes).
    Removing stm32f0xx_tim.o(i.TIM_GetCapture2), (6 bytes).
    Removing stm32f0xx_tim.o(i.TIM_GetCapture3), (6 bytes).
    Removing stm32f0xx_tim.o(i.TIM_GetCapture4), (6 bytes).
    Removing stm32f0xx_tim.o(i.TIM_GetCounter), (6 bytes).
    Removing stm32f0xx_tim.o(i.TIM_GetFlagStatus), (20 bytes).
    Removing stm32f0xx_tim.o(i.TIM_GetITStatus), (38 bytes).
    Removing stm32f0xx_tim.o(i.TIM_GetPrescaler), (6 bytes).
    Removing stm32f0xx_tim.o(i.TIM_ICInit), (112 bytes).
    Removing stm32f0xx_tim.o(i.TIM_ICStructInit), (18 bytes).
    Removing stm32f0xx_tim.o(i.TIM_ITConfig), (20 bytes).
    Removing stm32f0xx_tim.o(i.TIM_ITRxExternalClockConfig), (24 bytes).
    Removing stm32f0xx_tim.o(i.TIM_InternalClockConfig), (16 bytes).
    Removing stm32f0xx_tim.o(i.TIM_OC1FastConfig), (24 bytes).
    Removing stm32f0xx_tim.o(i.TIM_OC1Init), (148 bytes).
    Removing stm32f0xx_tim.o(i.TIM_OC1NPolarityConfig), (24 bytes).
    Removing stm32f0xx_tim.o(i.TIM_OC1PolarityConfig), (24 bytes).
    Removing stm32f0xx_tim.o(i.TIM_OC1PreloadConfig), (24 bytes).
    Removing stm32f0xx_tim.o(i.TIM_OC2FastConfig), (24 bytes).
    Removing stm32f0xx_tim.o(i.TIM_OC2Init), (172 bytes).
    Removing stm32f0xx_tim.o(i.TIM_OC2NPolarityConfig), (24 bytes).
    Removing stm32f0xx_tim.o(i.TIM_OC2PolarityConfig), (24 bytes).
    Removing stm32f0xx_tim.o(i.TIM_OC2PreloadConfig), (24 bytes).
    Removing stm32f0xx_tim.o(i.TIM_OC3FastConfig), (24 bytes).
    Removing stm32f0xx_tim.o(i.TIM_OC3Init), (152 bytes).
    Removing stm32f0xx_tim.o(i.TIM_OC3NPolarityConfig), (24 bytes).
    Removing stm32f0xx_tim.o(i.TIM_OC3PolarityConfig), (24 bytes).
    Removing stm32f0xx_tim.o(i.TIM_OC3PreloadConfig), (24 bytes).
    Removing stm32f0xx_tim.o(i.TIM_OC4FastConfig), (24 bytes).
    Removing stm32f0xx_tim.o(i.TIM_OC4Init), (112 bytes).
    Removing stm32f0xx_tim.o(i.TIM_OC4PolarityConfig), (24 bytes).
    Removing stm32f0xx_tim.o(i.TIM_OC4PreloadConfig), (24 bytes).
    Removing stm32f0xx_tim.o(i.TIM_OCStructInit), (20 bytes).
    Removing stm32f0xx_tim.o(i.TIM_PWMIConfig), (124 bytes).
    Removing stm32f0xx_tim.o(i.TIM_PrescalerConfig), (6 bytes).
    Removing stm32f0xx_tim.o(i.TIM_RemapConfig), (6 bytes).
    Removing stm32f0xx_tim.o(i.TIM_SelectCCDMA), (28 bytes).
    Removing stm32f0xx_tim.o(i.TIM_SelectCOM), (28 bytes).
    Removing stm32f0xx_tim.o(i.TIM_SelectHallSensor), (28 bytes).
    Removing stm32f0xx_tim.o(i.TIM_SelectInputTrigger), (24 bytes).
    Removing stm32f0xx_tim.o(i.TIM_SelectMasterSlaveMode), (20 bytes).
    Removing stm32f0xx_tim.o(i.TIM_SelectOCREFClear), (20 bytes).
    Removing stm32f0xx_tim.o(i.TIM_SelectOCxM), (82 bytes).
    Removing stm32f0xx_tim.o(i.TIM_SelectOnePulseMode), (20 bytes).
    Removing stm32f0xx_tim.o(i.TIM_SelectOutputTrigger), (20 bytes).
    Removing stm32f0xx_tim.o(i.TIM_SelectSlaveMode), (20 bytes).
    Removing stm32f0xx_tim.o(i.TIM_SetAutoreload), (4 bytes).
    Removing stm32f0xx_tim.o(i.TIM_SetClockDivision), (20 bytes).
    Removing stm32f0xx_tim.o(i.TIM_SetCompare1), (4 bytes).
    Removing stm32f0xx_tim.o(i.TIM_SetCompare2), (4 bytes).
    Removing stm32f0xx_tim.o(i.TIM_SetCompare3), (4 bytes).
    Removing stm32f0xx_tim.o(i.TIM_SetCompare4), (4 bytes).
    Removing stm32f0xx_tim.o(i.TIM_SetCounter), (4 bytes).
    Removing stm32f0xx_tim.o(i.TIM_SetIC1Prescaler), (20 bytes).
    Removing stm32f0xx_tim.o(i.TIM_SetIC2Prescaler), (24 bytes).
    Removing stm32f0xx_tim.o(i.TIM_SetIC3Prescaler), (20 bytes).
    Removing stm32f0xx_tim.o(i.TIM_SetIC4Prescaler), (24 bytes).
    Removing stm32f0xx_tim.o(i.TIM_TIxExternalClockConfig), (58 bytes).
    Removing stm32f0xx_tim.o(i.TIM_TimeBaseInit), (124 bytes).
    Removing stm32f0xx_tim.o(i.TIM_TimeBaseStructInit), (18 bytes).
    Removing stm32f0xx_tim.o(i.TIM_UpdateDisableConfig), (28 bytes).
    Removing stm32f0xx_tim.o(i.TIM_UpdateRequestConfig), (28 bytes).
    Removing stm32f0xx_rcc.o(.rev16_text), (4 bytes).
    Removing stm32f0xx_rcc.o(.revsh_text), (4 bytes).
    Removing stm32f0xx_rcc.o(i.RCC_ADCCLKConfig), (56 bytes).
    Removing stm32f0xx_rcc.o(i.RCC_AHBPeriphResetCmd), (32 bytes).
    Removing stm32f0xx_rcc.o(i.RCC_APB1PeriphResetCmd), (32 bytes).
    Removing stm32f0xx_rcc.o(i.RCC_APB2PeriphResetCmd), (32 bytes).
    Removing stm32f0xx_rcc.o(i.RCC_AdjustHSI14CalibrationValue), (32 bytes).
    Removing stm32f0xx_rcc.o(i.RCC_AdjustHSICalibrationValue), (32 bytes).
    Removing stm32f0xx_rcc.o(i.RCC_BackupResetCmd), (40 bytes).
    Removing stm32f0xx_rcc.o(i.RCC_CECCLKConfig), (28 bytes).
    Removing stm32f0xx_rcc.o(i.RCC_ClearFlag), (20 bytes).
    Removing stm32f0xx_rcc.o(i.RCC_ClearITPendingBit), (12 bytes).
    Removing stm32f0xx_rcc.o(i.RCC_ClockSecuritySystemCmd), (40 bytes).
    Removing stm32f0xx_rcc.o(i.RCC_DeInit), (120 bytes).
    Removing stm32f0xx_rcc.o(i.RCC_GetClocksFreq), (584 bytes).
    Removing stm32f0xx_rcc.o(i.RCC_GetFlagStatus), (72 bytes).
    Removing stm32f0xx_rcc.o(i.RCC_GetITStatus), (28 bytes).
    Removing stm32f0xx_rcc.o(i.RCC_GetSYSCLKSource), (16 bytes).
    Removing stm32f0xx_rcc.o(i.RCC_HCLKConfig), (32 bytes).
    Removing stm32f0xx_rcc.o(i.RCC_HSEConfig), (16 bytes).
    Removing stm32f0xx_rcc.o(i.RCC_HSI14ADCRequestCmd), (36 bytes).
    Removing stm32f0xx_rcc.o(i.RCC_HSI14Cmd), (36 bytes).
    Removing stm32f0xx_rcc.o(i.RCC_HSI48Cmd), (40 bytes).
    Removing stm32f0xx_rcc.o(i.RCC_HSICmd), (36 bytes).
    Removing stm32f0xx_rcc.o(i.RCC_I2CCLKConfig), (28 bytes).
    Removing stm32f0xx_rcc.o(i.RCC_ITConfig), (32 bytes).
    Removing stm32f0xx_rcc.o(i.RCC_LSEConfig), (40 bytes).
    Removing stm32f0xx_rcc.o(i.RCC_LSEDriveConfig), (28 bytes).
    Removing stm32f0xx_rcc.o(i.RCC_LSICmd), (36 bytes).
    Removing stm32f0xx_rcc.o(i.RCC_MCOConfig), (28 bytes).
    Removing stm32f0xx_rcc.o(i.RCC_PCLKConfig), (36 bytes).
    Removing stm32f0xx_rcc.o(i.RCC_PLLCmd), (40 bytes).
    Removing stm32f0xx_rcc.o(i.RCC_PLLConfig), (36 bytes).
    Removing stm32f0xx_rcc.o(i.RCC_PREDIV1Config), (28 bytes).
    Removing stm32f0xx_rcc.o(i.RCC_RTCCLKCmd), (40 bytes).
    Removing stm32f0xx_rcc.o(i.RCC_RTCCLKConfig), (16 bytes).
    Removing stm32f0xx_rcc.o(i.RCC_SYSCLKConfig), (28 bytes).
    Removing stm32f0xx_rcc.o(i.RCC_USARTCLKConfig), (72 bytes).
    Removing stm32f0xx_rcc.o(i.RCC_USBCLKConfig), (28 bytes).
    Removing stm32f0xx_rcc.o(i.RCC_WaitForHSEStartUp), (60 bytes).
    Removing stm32f0xx_rcc.o(.data), (16 bytes).
    Removing stm32f0xx_gpio.o(.rev16_text), (4 bytes).
    Removing stm32f0xx_gpio.o(.revsh_text), (4 bytes).
    Removing stm32f0xx_gpio.o(i.GPIO_DeInit), (176 bytes).
    Removing stm32f0xx_gpio.o(i.GPIO_PinLockConfig), (34 bytes).
    Removing stm32f0xx_gpio.o(i.GPIO_ReadInputData), (6 bytes).
    Removing stm32f0xx_gpio.o(i.GPIO_ReadInputDataBit), (20 bytes).
    Removing stm32f0xx_gpio.o(i.GPIO_ReadOutputData), (6 bytes).
    Removing stm32f0xx_gpio.o(i.GPIO_ReadOutputDataBit), (20 bytes).
    Removing stm32f0xx_gpio.o(i.GPIO_StructInit), (24 bytes).
    Removing stm32f0xx_gpio.o(i.GPIO_Write), (4 bytes).
    Removing stm32f0xx_gpio.o(i.GPIO_WriteBit), (12 bytes).
    Removing stm32f0xx_iwdg.o(.rev16_text), (4 bytes).
    Removing stm32f0xx_iwdg.o(.revsh_text), (4 bytes).
    Removing stm32f0xx_iwdg.o(i.IWDG_GetFlagStatus), (28 bytes).
    Removing stm32f0xx_iwdg.o(i.IWDG_SetWindowValue), (12 bytes).
    Removing stm32f0xx_syscfg.o(.rev16_text), (4 bytes).
    Removing stm32f0xx_syscfg.o(.revsh_text), (4 bytes).
    Removing stm32f0xx_syscfg.o(i.SYSCFG_BreakConfig), (16 bytes).
    Removing stm32f0xx_syscfg.o(i.SYSCFG_ClearFlag), (16 bytes).
    Removing stm32f0xx_syscfg.o(i.SYSCFG_DMAChannelRemapConfig), (32 bytes).
    Removing stm32f0xx_syscfg.o(i.SYSCFG_DeInit), (44 bytes).
    Removing stm32f0xx_syscfg.o(i.SYSCFG_EXTILineConfig), (64 bytes).
    Removing stm32f0xx_syscfg.o(i.SYSCFG_GetFlagStatus), (32 bytes).
    Removing stm32f0xx_syscfg.o(i.SYSCFG_GetPendingIT), (24 bytes).
    Removing stm32f0xx_syscfg.o(i.SYSCFG_I2CFastModePlusConfig), (32 bytes).
    Removing stm32f0xx_syscfg.o(i.SYSCFG_IRDAEnvSelection), (28 bytes).
    Removing stm32f0xx_syscfg.o(i.SYSCFG_MemoryRemapConfig), (28 bytes).
    Removing stm32f0xx_usart.o(.rev16_text), (4 bytes).
    Removing stm32f0xx_usart.o(.revsh_text), (4 bytes).
    Removing stm32f0xx_usart.o(i.USART_AddressDetectionConfig), (16 bytes).
    Removing stm32f0xx_usart.o(i.USART_AutoBaudRateCmd), (28 bytes).
    Removing stm32f0xx_usart.o(i.USART_AutoBaudRateConfig), (18 bytes).
    Removing stm32f0xx_usart.o(i.USART_ClearFlag), (4 bytes).
    Removing stm32f0xx_usart.o(i.USART_ClearITPendingBit), (18 bytes).
    Removing stm32f0xx_usart.o(i.USART_ClockInit), (36 bytes).
    Removing stm32f0xx_usart.o(i.USART_ClockStructInit), (12 bytes).
    Removing stm32f0xx_usart.o(i.USART_Cmd), (24 bytes).
    Removing stm32f0xx_usart.o(i.USART_DECmd), (28 bytes).
    Removing stm32f0xx_usart.o(i.USART_DEPolarityConfig), (18 bytes).
    Removing stm32f0xx_usart.o(i.USART_DMACmd), (20 bytes).
    Removing stm32f0xx_usart.o(i.USART_DMAReceptionErrorConfig), (18 bytes).
    Removing stm32f0xx_usart.o(i.USART_DataInvCmd), (28 bytes).
    Removing stm32f0xx_usart.o(i.USART_DeInit), (240 bytes).
    Removing stm32f0xx_usart.o(i.USART_DirectionModeCmd), (20 bytes).
    Removing stm32f0xx_usart.o(i.USART_GetFlagStatus), (20 bytes).
    Removing stm32f0xx_usart.o(i.USART_GetITStatus), (78 bytes).
    Removing stm32f0xx_usart.o(i.USART_HalfDuplexCmd), (24 bytes).
    Removing stm32f0xx_usart.o(i.USART_ITConfig), (66 bytes).
    Removing stm32f0xx_usart.o(i.USART_Init), (248 bytes).
    Removing stm32f0xx_usart.o(i.USART_InvPinCmd), (20 bytes).
    Removing stm32f0xx_usart.o(i.USART_IrDACmd), (24 bytes).
    Removing stm32f0xx_usart.o(i.USART_IrDAConfig), (16 bytes).
    Removing stm32f0xx_usart.o(i.USART_LINBreakDetectLengthConfig), (16 bytes).
    Removing stm32f0xx_usart.o(i.USART_LINCmd), (28 bytes).
    Removing stm32f0xx_usart.o(i.USART_MSBFirstCmd), (28 bytes).
    Removing stm32f0xx_usart.o(i.USART_MuteModeCmd), (28 bytes).
    Removing stm32f0xx_usart.o(i.USART_MuteModeWakeUpConfig), (18 bytes).
    Removing stm32f0xx_usart.o(i.USART_OneBitMethodCmd), (28 bytes).
    Removing stm32f0xx_usart.o(i.USART_OverSampling8Cmd), (28 bytes).
    Removing stm32f0xx_usart.o(i.USART_OverrunDetectionConfig), (18 bytes).
    Removing stm32f0xx_usart.o(i.USART_ReceiveData), (10 bytes).
    Removing stm32f0xx_usart.o(i.USART_ReceiverTimeOutCmd), (28 bytes).
    Removing stm32f0xx_usart.o(i.USART_RequestCmd), (20 bytes).
    Removing stm32f0xx_usart.o(i.USART_STOPModeCmd), (24 bytes).
    Removing stm32f0xx_usart.o(i.USART_SWAPPinCmd), (28 bytes).
    Removing stm32f0xx_usart.o(i.USART_SendData), (8 bytes).
    Removing stm32f0xx_usart.o(i.USART_SetAddress), (18 bytes).
    Removing stm32f0xx_usart.o(i.USART_SetAutoRetryCount), (20 bytes).
    Removing stm32f0xx_usart.o(i.USART_SetBlockLength), (18 bytes).
    Removing stm32f0xx_usart.o(i.USART_SetDEAssertionTime), (20 bytes).
    Removing stm32f0xx_usart.o(i.USART_SetDEDeassertionTime), (20 bytes).
    Removing stm32f0xx_usart.o(i.USART_SetGuardTime), (16 bytes).
    Removing stm32f0xx_usart.o(i.USART_SetPrescaler), (18 bytes).
    Removing stm32f0xx_usart.o(i.USART_SetReceiverTimeOut), (16 bytes).
    Removing stm32f0xx_usart.o(i.USART_SmartCardCmd), (24 bytes).
    Removing stm32f0xx_usart.o(i.USART_SmartCardNACKCmd), (24 bytes).
    Removing stm32f0xx_usart.o(i.USART_StopModeWakeUpSourceConfig), (18 bytes).
    Removing stm32f0xx_usart.o(i.USART_StructInit), (24 bytes).
    Removing stm32f0xx_flash.o(.rev16_text), (4 bytes).
    Removing stm32f0xx_flash.o(.revsh_text), (4 bytes).
    Removing stm32f0xx_flash.o(i.FLASH_EraseAllPages), (72 bytes).
    Removing stm32f0xx_flash.o(i.FLASH_GetFlagStatus), (28 bytes).
    Removing stm32f0xx_flash.o(i.FLASH_GetPrefetchBufferStatus), (28 bytes).
    Removing stm32f0xx_flash.o(i.FLASH_ITConfig), (32 bytes).
    Removing stm32f0xx_flash.o(i.FLASH_OB_BOOT0Config), (80 bytes).
    Removing stm32f0xx_flash.o(i.FLASH_OB_BOOT0SWConfig), (80 bytes).
    Removing stm32f0xx_flash.o(i.FLASH_OB_BOOTConfig), (80 bytes).
    Removing stm32f0xx_flash.o(i.FLASH_OB_EnableWRP), (184 bytes).
    Removing stm32f0xx_flash.o(i.FLASH_OB_Erase), (152 bytes).
    Removing stm32f0xx_flash.o(i.FLASH_OB_GetRDP), (28 bytes).
    Removing stm32f0xx_flash.o(i.FLASH_OB_GetUser), (16 bytes).
    Removing stm32f0xx_flash.o(i.FLASH_OB_GetWRP), (12 bytes).
    Removing stm32f0xx_flash.o(i.FLASH_OB_Launch), (20 bytes).
    Removing stm32f0xx_flash.o(i.FLASH_OB_Lock), (20 bytes).
    Removing stm32f0xx_flash.o(i.FLASH_OB_ProgramData), (72 bytes).
    Removing stm32f0xx_flash.o(i.FLASH_OB_RDPConfig), (144 bytes).
    Removing stm32f0xx_flash.o(i.FLASH_OB_SRAMParityConfig), (80 bytes).
    Removing stm32f0xx_flash.o(i.FLASH_OB_Unlock), (40 bytes).
    Removing stm32f0xx_flash.o(i.FLASH_OB_UserConfig), (88 bytes).
    Removing stm32f0xx_flash.o(i.FLASH_OB_VDDAConfig), (80 bytes).
    Removing stm32f0xx_flash.o(i.FLASH_OB_WriteUser), (76 bytes).
    Removing stm32f0xx_flash.o(i.FLASH_PrefetchBufferCmd), (36 bytes).
    Removing stm32f0xx_flash.o(i.FLASH_SetLatency), (28 bytes).
    Removing modbus_core.o(.rev16_text), (4 bytes).
    Removing modbus_core.o(.revsh_text), (4 bytes).
    Removing modbus_hook.o(.rev16_text), (4 bytes).
    Removing modbus_hook.o(.revsh_text), (4 bytes).
    Removing modbus_user.o(.rev16_text), (4 bytes).
    Removing modbus_user.o(.revsh_text), (4 bytes).
    Removing dadd.o(.text), (360 bytes).
    Removing dmul.o(.text), (208 bytes).
    Removing ddiv.o(.text), (240 bytes).
    Removing dfixul.o(.text), (64 bytes).
    Removing cdrcmple.o(.text), (40 bytes).
    Removing depilogue.o(.text), (190 bytes).
    Removing depilogue.o(i.__ARM_clz), (46 bytes).

302 unused section(s) (total 14332 bytes) removed from the image.

==============================================================================

Image Symbol Table

    Local Symbols

    Symbol Name                              Value     Ov Type        Size  Object(Section)

    ../Src/main.c                            0x00000000   Number         0  main.o ABSOLUTE
    ../Src/stm32f0xx_it.c                    0x00000000   Number         0  stm32f0xx_it.o ABSOLUTE
    ../Src/system_stm32f0xx.c                0x00000000   Number         0  system_stm32f0xx.o ABSOLUTE
    ../clib/microlib/ctype/ctype.c           0x00000000   Number         0  ispunct_o.o ABSOLUTE
    ../clib/microlib/ctype/ctype.c           0x00000000   Number         0  isspace_o.o ABSOLUTE
    ../clib/microlib/ctype/ctype.c           0x00000000   Number         0  isblank_o.o ABSOLUTE
    ../clib/microlib/ctype/ctype.c           0x00000000   Number         0  isalpha_o.o ABSOLUTE
    ../clib/microlib/ctype/ctype.c           0x00000000   Number         0  islower_o.o ABSOLUTE
    ../clib/microlib/ctype/ctype.c           0x00000000   Number         0  isupper_o.o ABSOLUTE
    ../clib/microlib/ctype/ctype.c           0x00000000   Number         0  isxdigit_o.o ABSOLUTE
    ../clib/microlib/ctype/ctype.c           0x00000000   Number         0  iscntrl_o.o ABSOLUTE
    ../clib/microlib/ctype/ctype.c           0x00000000   Number         0  isalnum_o.o ABSOLUTE
    ../clib/microlib/ctype/ctype.c           0x00000000   Number         0  ctype_o.o ABSOLUTE
    ../clib/microlib/ctype/ctype.c           0x00000000   Number         0  isprint_o.o ABSOLUTE
    ../clib/microlib/ctype/ctype.c           0x00000000   Number         0  isgraph_o.o ABSOLUTE
    ../clib/microlib/ctype/ctype.c           0x00000000   Number         0  isdigit_o.o ABSOLUTE
    ../clib/microlib/division.c              0x00000000   Number         0  uidiv.o ABSOLUTE
    ../clib/microlib/division.c              0x00000000   Number         0  uldiv.o ABSOLUTE
    ../clib/microlib/division.c              0x00000000   Number         0  idiv.o ABSOLUTE
    ../clib/microlib/errno.c                 0x00000000   Number         0  errno.o ABSOLUTE
    ../clib/microlib/init/entry.s            0x00000000   Number         0  entry5.o ABSOLUTE
    ../clib/microlib/init/entry.s            0x00000000   Number         0  entry7a.o ABSOLUTE
    ../clib/microlib/init/entry.s            0x00000000   Number         0  entry7b.o ABSOLUTE
    ../clib/microlib/init/entry.s            0x00000000   Number         0  entry8a.o ABSOLUTE
    ../clib/microlib/init/entry.s            0x00000000   Number         0  entry8b.o ABSOLUTE
    ../clib/microlib/init/entry.s            0x00000000   Number         0  entry9a.o ABSOLUTE
    ../clib/microlib/init/entry.s            0x00000000   Number         0  entry10a.o ABSOLUTE
    ../clib/microlib/init/entry.s            0x00000000   Number         0  entry10b.o ABSOLUTE
    ../clib/microlib/init/entry.s            0x00000000   Number         0  entry11a.o ABSOLUTE
    ../clib/microlib/init/entry.s            0x00000000   Number         0  entry11b.o ABSOLUTE
    ../clib/microlib/init/entry.s            0x00000000   Number         0  entry12a.o ABSOLUTE
    ../clib/microlib/init/entry.s            0x00000000   Number         0  entry12b.o ABSOLUTE
    ../clib/microlib/init/entry.s            0x00000000   Number         0  entry9b.o ABSOLUTE
    ../clib/microlib/init/entry.s            0x00000000   Number         0  entry2.o ABSOLUTE
    ../clib/microlib/init/entry.s            0x00000000   Number         0  entry.o ABSOLUTE
    ../clib/microlib/longlong.c              0x00000000   Number         0  llsshr.o ABSOLUTE
    ../clib/microlib/longlong.c              0x00000000   Number         0  llushr.o ABSOLUTE
    ../clib/microlib/longlong.c              0x00000000   Number         0  llshl.o ABSOLUTE
    ../clib/microlib/printf/printf.c         0x00000000   Number         0  printf4.o ABSOLUTE
    ../clib/microlib/printf/printf.c         0x00000000   Number         0  printf8.o ABSOLUTE
    ../clib/microlib/printf/printf.c         0x00000000   Number         0  printf7.o ABSOLUTE
    ../clib/microlib/printf/printf.c         0x00000000   Number         0  printf6.o ABSOLUTE
    ../clib/microlib/printf/printf.c         0x00000000   Number         0  printf5.o ABSOLUTE
    ../clib/microlib/printf/printf.c         0x00000000   Number         0  printf3.o ABSOLUTE
    ../clib/microlib/printf/printf.c         0x00000000   Number         0  printf2.o ABSOLUTE
    ../clib/microlib/printf/printf.c         0x00000000   Number         0  printfa.o ABSOLUTE
    ../clib/microlib/printf/printf.c         0x00000000   Number         0  printf1.o ABSOLUTE
    ../clib/microlib/printf/printf.c         0x00000000   Number         0  printf0.o ABSOLUTE
    ../clib/microlib/printf/printf.c         0x00000000   Number         0  printfb.o ABSOLUTE
    ../clib/microlib/printf/stubs.s          0x00000000   Number         0  stubs.o ABSOLUTE
    ../clib/microlib/stdio/streams.c         0x00000000   Number         0  stdout.o ABSOLUTE
    ../clib/microlib/string/memcmp.c         0x00000000   Number         0  memcmp.o ABSOLUTE
    ../clib/microlib/string/memcpy.c         0x00000000   Number         0  memcpya.o ABSOLUTE
    ../clib/microlib/string/memcpy.c         0x00000000   Number         0  memcpyb.o ABSOLUTE
    ../clib/microlib/string/memset.c         0x00000000   Number         0  memseta.o ABSOLUTE
    ../clib/microlib/string/strcpy.c         0x00000000   Number         0  strcpy.o ABSOLUTE
    ../clib/microlib/string/strlen.c         0x00000000   Number         0  strlen.o ABSOLUTE
    ../clib/microlib/string/strncmp.c        0x00000000   Number         0  strncmp.o ABSOLUTE
    ../clib/microlib/string/strtok.c         0x00000000   Number         0  strtok.o ABSOLUTE
    ../clib/microlib/string/strtok.c         0x00000000   Number         0  strtok_r.o ABSOLUTE
    ../clib/microlib/stubs.s                 0x00000000   Number         0  iusefp.o ABSOLUTE
    ../clib/scanf.c                          0x00000000   Number         0  _chval.o ABSOLUTE
    ../clib/scanf.c                          0x00000000   Number         0  _strtoul.o ABSOLUTE
    ../clib/scanf.c                          0x00000000   Number         0  strtol.o ABSOLUTE
    ../fplib/microlib/fpadd.c                0x00000000   Number         0  dadd.o ABSOLUTE
    ../fplib/microlib/fpdiv.c                0x00000000   Number         0  ddiv.o ABSOLUTE
    ../fplib/microlib/fpepilogue.c           0x00000000   Number         0  depilogue.o ABSOLUTE
    ../fplib/microlib/fpfix.c                0x00000000   Number         0  dfixul.o ABSOLUTE
    ../fplib/microlib/fpmul.c                0x00000000   Number         0  dmul.o ABSOLUTE
    ..\Drivers\src\stm32f0xx_flash.c         0x00000000   Number         0  stm32f0xx_flash.o ABSOLUTE
    ..\Drivers\src\stm32f0xx_gpio.c          0x00000000   Number         0  stm32f0xx_gpio.o ABSOLUTE
    ..\Drivers\src\stm32f0xx_iwdg.c          0x00000000   Number         0  stm32f0xx_iwdg.o ABSOLUTE
    ..\Drivers\src\stm32f0xx_rcc.c           0x00000000   Number         0  stm32f0xx_rcc.o ABSOLUTE
    ..\Drivers\src\stm32f0xx_syscfg.c        0x00000000   Number         0  stm32f0xx_syscfg.o ABSOLUTE
    ..\Drivers\src\stm32f0xx_tim.c           0x00000000   Number         0  stm32f0xx_tim.o ABSOLUTE
    ..\Drivers\src\stm32f0xx_usart.c         0x00000000   Number         0  stm32f0xx_usart.o ABSOLUTE
    ..\Src\main.c                            0x00000000   Number         0  main.o ABSOLUTE
    ..\Src\stm32f0xx_it.c                    0x00000000   Number         0  stm32f0xx_it.o ABSOLUTE
    ..\Src\stm32f0xx_misc.c                  0x00000000   Number         0  stm32f0xx_misc.o ABSOLUTE
    ..\Src\system_stm32f0xx.c                0x00000000   Number         0  system_stm32f0xx.o ABSOLUTE
    ..\\Drivers\\src\\stm32f0xx_flash.c      0x00000000   Number         0  stm32f0xx_flash.o ABSOLUTE
    ..\\Drivers\\src\\stm32f0xx_gpio.c       0x00000000   Number         0  stm32f0xx_gpio.o ABSOLUTE
    ..\\Drivers\\src\\stm32f0xx_iwdg.c       0x00000000   Number         0  stm32f0xx_iwdg.o ABSOLUTE
    ..\\Drivers\\src\\stm32f0xx_rcc.c        0x00000000   Number         0  stm32f0xx_rcc.o ABSOLUTE
    ..\\Drivers\\src\\stm32f0xx_syscfg.c     0x00000000   Number         0  stm32f0xx_syscfg.o ABSOLUTE
    ..\\Drivers\\src\\stm32f0xx_tim.c        0x00000000   Number         0  stm32f0xx_tim.o ABSOLUTE
    ..\\Drivers\\src\\stm32f0xx_usart.c      0x00000000   Number         0  stm32f0xx_usart.o ABSOLUTE
    ..\\Src\\stm32f0xx_misc.c                0x00000000   Number         0  stm32f0xx_misc.o ABSOLUTE
    ..\\modbus\\Modbus_Core.c                0x00000000   Number         0  modbus_core.o ABSOLUTE
    ..\\modbus\\Modbus_User.c                0x00000000   Number         0  modbus_user.o ABSOLUTE
    ..\\modbus\\Modbus_hook.c                0x00000000   Number         0  modbus_hook.o ABSOLUTE
    ..\\user\\app.c                          0x00000000   Number         0  app.o ABSOLUTE
    ..\\user\\ble_driver.c                   0x00000000   Number         0  ble_driver.o ABSOLUTE
    ..\\user\\bsp_driver.c                   0x00000000   Number         0  bsp_driver.o ABSOLUTE
    ..\\user\\ringbuffer.c                   0x00000000   Number         0  ringbuffer.o ABSOLUTE
    ..\\user\\ymodem.c                       0x00000000   Number         0  ymodem.o ABSOLUTE
    ..\modbus\Modbus_CRC.c                   0x00000000   Number         0  modbus_crc.o ABSOLUTE
    ..\modbus\Modbus_Core.c                  0x00000000   Number         0  modbus_core.o ABSOLUTE
    ..\modbus\Modbus_User.c                  0x00000000   Number         0  modbus_user.o ABSOLUTE
    ..\modbus\Modbus_hook.c                  0x00000000   Number         0  modbus_hook.o ABSOLUTE
    ..\user\app.c                            0x00000000   Number         0  app.o ABSOLUTE
    ..\user\ble_driver.c                     0x00000000   Number         0  ble_driver.o ABSOLUTE
    ..\user\bsp_driver.c                     0x00000000   Number         0  bsp_driver.o ABSOLUTE
    ..\user\ringbuffer.c                     0x00000000   Number         0  ringbuffer.o ABSOLUTE
    ..\user\ymodem.c                         0x00000000   Number         0  ymodem.o ABSOLUTE
    cdrcmple.s                               0x00000000   Number         0  cdrcmple.o ABSOLUTE
    dc.s                                     0x00000000   Number         0  dc.o ABSOLUTE
    handlers.s                               0x00000000   Number         0  handlers.o ABSOLUTE
    init.s                                   0x00000000   Number         0  init.o ABSOLUTE
    startup_stm32f070x6.s                    0x00000000   Number         0  startup_stm32f070x6.o ABSOLUTE
    RESET                                    0x08000000   Section      192  startup_stm32f070x6.o(RESET)
    .ARM.Collect$$$$00000000                 0x080000c0   Section        0  entry.o(.ARM.Collect$$$$00000000)
    .ARM.Collect$$$$00000001                 0x080000c0   Section        4  entry2.o(.ARM.Collect$$$$00000001)
    .ARM.Collect$$$$00000004                 0x080000c4   Section        4  entry5.o(.ARM.Collect$$$$00000004)
    .ARM.Collect$$$$00000008                 0x080000c8   Section        0  entry7b.o(.ARM.Collect$$$$00000008)
    .ARM.Collect$$$$0000000A                 0x080000c8   Section        0  entry8b.o(.ARM.Collect$$$$0000000A)
    .ARM.Collect$$$$0000000B                 0x080000c8   Section        8  entry9a.o(.ARM.Collect$$$$0000000B)
    .ARM.Collect$$$$0000000E                 0x080000d0   Section        4  entry12b.o(.ARM.Collect$$$$0000000E)
    .ARM.Collect$$$$0000000F                 0x080000d4   Section        0  entry10a.o(.ARM.Collect$$$$0000000F)
    .ARM.Collect$$$$00000011                 0x080000d4   Section        0  entry11a.o(.ARM.Collect$$$$00000011)
    .ARM.Collect$$$$00002712                 0x080000d4   Section        4  entry2.o(.ARM.Collect$$$$00002712)
    __lit__00000000                          0x080000d4   Data           4  entry2.o(.ARM.Collect$$$$00002712)
    .text                                    0x080000d8   Section       88  startup_stm32f070x6.o(.text)
    .text                                    0x08000130   Section        0  uidiv.o(.text)
    .text                                    0x0800015c   Section        0  idiv.o(.text)
    .text                                    0x08000184   Section        0  memcpya.o(.text)
    .text                                    0x080001a8   Section        0  memseta.o(.text)
    .text                                    0x080001cc   Section        0  memcmp.o(.text)
    .text                                    0x080001e8   Section       36  init.o(.text)
    i.FLASH_ClearFlag                        0x0800020c   Section        0  stm32f0xx_flash.o(i.FLASH_ClearFlag)
    i.FLASH_ErasePage                        0x08000218   Section        0  stm32f0xx_flash.o(i.FLASH_ErasePage)
    i.FLASH_GetStatus                        0x08000264   Section        0  stm32f0xx_flash.o(i.FLASH_GetStatus)
    i.FLASH_Lock                             0x080002a0   Section        0  stm32f0xx_flash.o(i.FLASH_Lock)
    i.FLASH_ProgramHalfWord                  0x080002b4   Section        0  stm32f0xx_flash.o(i.FLASH_ProgramHalfWord)
    i.FLASH_ProgramWord                      0x080002f8   Section        0  stm32f0xx_flash.o(i.FLASH_ProgramWord)
    i.FLASH_Unlock                           0x08000364   Section        0  stm32f0xx_flash.o(i.FLASH_Unlock)
    i.FLASH_WaitForLastOperation             0x08000388   Section        0  stm32f0xx_flash.o(i.FLASH_WaitForLastOperation)
    i.GPIO_Init                              0x080003b0   Section        0  stm32f0xx_gpio.o(i.GPIO_Init)
    i.GPIO_PinAFConfig                       0x08000440   Section        0  stm32f0xx_gpio.o(i.GPIO_PinAFConfig)
    i.GPIO_ResetBits                         0x08000484   Section        0  stm32f0xx_gpio.o(i.GPIO_ResetBits)
    i.GPIO_SetBits                           0x08000488   Section        0  stm32f0xx_gpio.o(i.GPIO_SetBits)
    i.IWDG_Enable                            0x0800048c   Section        0  stm32f0xx_iwdg.o(i.IWDG_Enable)
    i.IWDG_ReloadCounter                     0x0800049c   Section        0  stm32f0xx_iwdg.o(i.IWDG_ReloadCounter)
    i.IWDG_SetPrescaler                      0x080004ac   Section        0  stm32f0xx_iwdg.o(i.IWDG_SetPrescaler)
    i.IWDG_SetReload                         0x080004b8   Section        0  stm32f0xx_iwdg.o(i.IWDG_SetReload)
    i.IWDG_WriteAccessCmd                    0x080004c4   Section        0  stm32f0xx_iwdg.o(i.IWDG_WriteAccessCmd)
    i.IapCheck                               0x080004d0   Section        0  main.o(i.IapCheck)
    IapCheck                                 0x080004d1   Thumb Code   158  main.o(i.IapCheck)
    i.IapPacketCheck                         0x08000584   Section        0  app.o(i.IapPacketCheck)
    IapPacketCheck                           0x08000585   Thumb Code   160  app.o(i.IapPacketCheck)
    i.LedCtrl                                0x08000638   Section        0  app.o(i.LedCtrl)
    LedCtrl                                  0x08000639   Thumb Code    50  app.o(i.LedCtrl)
    i.MBS_CoreAnalyze                        0x08000670   Section        0  modbus_core.o(i.MBS_CoreAnalyze)
    i.MBS_CorePoll                           0x080006c8   Section        0  modbus_core.o(i.MBS_CorePoll)
    i.MBS_Function01H                        0x08000700   Section        0  modbus_hook.o(i.MBS_Function01H)
    i.MBS_Function03H                        0x08000868   Section        0  modbus_hook.o(i.MBS_Function03H)
    i.MBS_Function05H                        0x08000948   Section        0  modbus_hook.o(i.MBS_Function05H)
    i.MBS_Function06H                        0x080009b8   Section        0  modbus_hook.o(i.MBS_Function06H)
    i.MBS_Function0FH                        0x08000a0c   Section        0  modbus_hook.o(i.MBS_Function0FH)
    i.MBS_Function10H                        0x08000ab0   Section        0  modbus_hook.o(i.MBS_Function10H)
    i.MBS_MappingCoilInit                    0x08000b28   Section        0  modbus_user.o(i.MBS_MappingCoilInit)
    i.MBS_MappingHoldRegInit                 0x08000b2e   Section        0  modbus_user.o(i.MBS_MappingHoldRegInit)
    i.MBS_MappingInit                        0x08000b34   Section        0  modbus_user.o(i.MBS_MappingInit)
    i.MBS_MemReadCoilState                   0x08000bd8   Section        0  modbus_user.o(i.MBS_MemReadCoilState)
    i.MBS_MemReadHoldRegValue                0x08000c10   Section        0  modbus_user.o(i.MBS_MemReadHoldRegValue)
    i.MBS_MemWriteCoilState                  0x08000c74   Section        0  modbus_user.o(i.MBS_MemWriteCoilState)
    i.MBS_MemWriteCoilsState                 0x08000cb8   Section        0  modbus_user.o(i.MBS_MemWriteCoilsState)
    i.MBS_MemWriteHoldRegValue               0x08000d20   Section        0  modbus_user.o(i.MBS_MemWriteHoldRegValue)
    i.MBS_PhysicalSendBuff                   0x08000d8c   Section        0  modbus_core.o(i.MBS_PhysicalSendBuff)
    i.MBS_PortSendAck                        0x08000d9c   Section        0  modbus_core.o(i.MBS_PortSendAck)
    i.MBS_PortSendWithCRC                    0x08000df8   Section        0  modbus_core.o(i.MBS_PortSendWithCRC)
    i.MbsFlashDataSyn                        0x08000e24   Section        0  bsp_driver.o(i.MbsFlashDataSyn)
    i.NVIC_Init                              0x08000f3c   Section        0  stm32f0xx_misc.o(i.NVIC_Init)
    i.NVIC_SetPriority                       0x08000fac   Section        0  main.o(i.NVIC_SetPriority)
    NVIC_SetPriority                         0x08000fad   Thumb Code   110  main.o(i.NVIC_SetPriority)
    i.NVIC_SystemReset                       0x08001024   Section        0  app.o(i.NVIC_SystemReset)
    NVIC_SystemReset                         0x08001025   Thumb Code    18  app.o(i.NVIC_SystemReset)
    i.RCC_AHBPeriphClockCmd                  0x08001040   Section        0  stm32f0xx_rcc.o(i.RCC_AHBPeriphClockCmd)
    i.RCC_APB1PeriphClockCmd                 0x08001060   Section        0  stm32f0xx_rcc.o(i.RCC_APB1PeriphClockCmd)
    i.RCC_APB2PeriphClockCmd                 0x08001080   Section        0  stm32f0xx_rcc.o(i.RCC_APB2PeriphClockCmd)
    i.SetSysClock                            0x080010a0   Section        0  system_stm32f0xx.o(i.SetSysClock)
    SetSysClock                              0x080010a1   Thumb Code   322  system_stm32f0xx.o(i.SetSysClock)
    i.SysMonitor                             0x080011ec   Section        0  app.o(i.SysMonitor)
    SysMonitor                               0x080011ed   Thumb Code    58  app.o(i.SysMonitor)
    i.SysTick_Handler                        0x08001234   Section        0  stm32f0xx_it.o(i.SysTick_Handler)
    i.SystemCoreClockUpdate                  0x08001290   Section        0  system_stm32f0xx.o(i.SystemCoreClockUpdate)
    i.SystemInit                             0x08001340   Section        0  system_stm32f0xx.o(i.SystemInit)
    i.Task2_uart_rs485                       0x080013bc   Section        0  app.o(i.Task2_uart_rs485)
    Task2_uart_rs485                         0x080013bd   Thumb Code   102  app.o(i.Task2_uart_rs485)
    i.Task3_period_process                   0x08001430   Section        0  app.o(i.Task3_period_process)
    Task3_period_process                     0x08001431   Thumb Code    86  app.o(i.Task3_period_process)
    i.USART1_IRQHandler                      0x0800148c   Section        0  stm32f0xx_it.o(i.USART1_IRQHandler)
    i.USART2_IRQHandler                      0x08001504   Section        0  stm32f0xx_it.o(i.USART2_IRQHandler)
    i.UartBleSendData                        0x0800157c   Section        0  bsp_driver.o(i.UartBleSendData)
    i.UartMbsSendData                        0x080015a8   Section        0  bsp_driver.o(i.UartMbsSendData)
    i.UpdateCRC16                            0x080015fc   Section        0  ymodem.o(i.UpdateCRC16)
    UpdateCRC16                              0x080015fd   Thumb Code    58  ymodem.o(i.UpdateCRC16)
    i.YmodemCRC                              0x0800163c   Section        0  ymodem.o(i.YmodemCRC)
    YmodemCRC                                0x0800163d   Thumb Code    52  ymodem.o(i.YmodemCRC)
    i.Ymodem_timeout_process                 0x08001670   Section        0  app.o(i.Ymodem_timeout_process)
    Ymodem_timeout_process                   0x08001671   Thumb Code    92  app.o(i.Ymodem_timeout_process)
    i.__ARM_common_switch8                   0x080016d0   Section        0  ymodem.o(i.__ARM_common_switch8)
    i.__scatterload_copy                     0x080016ec   Section       14  handlers.o(i.__scatterload_copy)
    i.__scatterload_null                     0x080016fa   Section        2  handlers.o(i.__scatterload_null)
    i.__scatterload_zeroinit                 0x080016fc   Section       14  handlers.o(i.__scatterload_zeroinit)
    i.delay_ms                               0x0800170c   Section        0  stm32f0xx_it.o(i.delay_ms)
    i.flash_erase                            0x08001734   Section        0  bsp_driver.o(i.flash_erase)
    i.flash_program_bytes                    0x0800176c   Section        0  bsp_driver.o(i.flash_program_bytes)
    i.flash_write_halfword                   0x080017bc   Section        0  bsp_driver.o(i.flash_write_halfword)
    i.gpio_init                              0x080017dc   Section        0  bsp_driver.o(i.gpio_init)
    i.jumpToApplication                      0x08001880   Section        0  bsp_driver.o(i.jumpToApplication)
    i.main                                   0x080018a4   Section        0  main.o(i.main)
    i.mb_crc16                               0x08001928   Section        0  modbus_crc.o(i.mb_crc16)
    i.millis                                 0x08001960   Section        0  stm32f0xx_it.o(i.millis)
    i.system_run                             0x0800196c   Section        0  app.o(i.system_run)
    i.uart_init                              0x08001998   Section        0  bsp_driver.o(i.uart_init)
    i.watchDog_init                          0x080019e8   Section        0  bsp_driver.o(i.watchDog_init)
    i.ymodem_init                            0x08001a10   Section        0  ymodem.o(i.ymodem_init)
    i.ymodem_packet_analysis                 0x08001a28   Section        0  ymodem.o(i.ymodem_packet_analysis)
    .constdata                               0x08001c7c   Section      512  modbus_crc.o(.constdata)
    .data                                    0x200000c0   Section       20  system_stm32f0xx.o(.data)
    .data                                    0x200000d4   Section        8  stm32f0xx_it.o(.data)
    .data                                    0x200000dc   Section        4  bsp_driver.o(.data)
    .data                                    0x200000e0   Section       60  app.o(.data)
    uart_ir                                  0x200000e0   Data           8  app.o(.data)
    uart_rs485                               0x200000e8   Data           8  app.o(.data)
    period_process                           0x200000f0   Data           8  app.o(.data)
    count_100ms                              0x200000f8   Data           4  app.o(.data)
    upFrame                                  0x200000fc   Data           8  app.o(.data)
    Init_flag                                0x20000104   Data           1  app.o(.data)
    count_100ms                              0x20000108   Data           4  app.o(.data)
    errCount                                 0x2000010c   Data           4  app.o(.data)
    count_100ms                              0x20000110   Data           4  app.o(.data)
    count                                    0x20000114   Data           1  app.o(.data)
    mbs_timeout                              0x20000118   Data           4  app.o(.data)
    .data                                    0x2000011c   Section        1  modbus_core.o(.data)
    .data                                    0x20000120   Section       24  modbus_user.o(.data)
    .bss                                     0x20000138   Section      518  bsp_driver.o(.bss)
    .bss                                     0x20000340   Section       60  ymodem.o(.bss)
    .bss                                     0x2000037c   Section      132  modbus_core.o(.bss)
    .bss                                     0x20000400   Section      112  modbus_user.o(.bss)
    STACK                                    0x20000470   Section     1024  startup_stm32f070x6.o(STACK)

    Global Symbols

    Symbol Name                              Value     Ov Type        Size  Object(Section)

    BuildAttributes$$THM_ISAv3M$S$PE$A:L22$X:L11$S22$IEEE1$IW$USESV6$~STKCKD$USESV7$~SHL$OSPACE$ROPI$EBA8$MICROLIB$REQ8$PRES8$EABIv2 0x00000000   Number         0  anon$$obj.o ABSOLUTE
    __ARM_use_no_argv                        0x00000000   Number         0  main.o ABSOLUTE
    _printf_a                                0x00000000   Number         0  stubs.o ABSOLUTE
    _printf_c                                0x00000000   Number         0  stubs.o ABSOLUTE
    _printf_charcount                        0x00000000   Number         0  stubs.o ABSOLUTE
    _printf_d                                0x00000000   Number         0  stubs.o ABSOLUTE
    _printf_e                                0x00000000   Number         0  stubs.o ABSOLUTE
    _printf_f                                0x00000000   Number         0  stubs.o ABSOLUTE
    _printf_flags                            0x00000000   Number         0  stubs.o ABSOLUTE
    _printf_fp_dec                           0x00000000   Number         0  stubs.o ABSOLUTE
    _printf_fp_hex                           0x00000000   Number         0  stubs.o ABSOLUTE
    _printf_g                                0x00000000   Number         0  stubs.o ABSOLUTE
    _printf_i                                0x00000000   Number         0  stubs.o ABSOLUTE
    _printf_int_dec                          0x00000000   Number         0  stubs.o ABSOLUTE
    _printf_l                                0x00000000   Number         0  stubs.o ABSOLUTE
    _printf_lc                               0x00000000   Number         0  stubs.o ABSOLUTE
    _printf_ll                               0x00000000   Number         0  stubs.o ABSOLUTE
    _printf_lld                              0x00000000   Number         0  stubs.o ABSOLUTE
    _printf_lli                              0x00000000   Number         0  stubs.o ABSOLUTE
    _printf_llo                              0x00000000   Number         0  stubs.o ABSOLUTE
    _printf_llu                              0x00000000   Number         0  stubs.o ABSOLUTE
    _printf_llx                              0x00000000   Number         0  stubs.o ABSOLUTE
    _printf_longlong_dec                     0x00000000   Number         0  stubs.o ABSOLUTE
    _printf_longlong_hex                     0x00000000   Number         0  stubs.o ABSOLUTE
    _printf_longlong_oct                     0x00000000   Number         0  stubs.o ABSOLUTE
    _printf_ls                               0x00000000   Number         0  stubs.o ABSOLUTE
    _printf_mbtowc                           0x00000000   Number         0  stubs.o ABSOLUTE
    _printf_n                                0x00000000   Number         0  stubs.o ABSOLUTE
    _printf_o                                0x00000000   Number         0  stubs.o ABSOLUTE
    _printf_p                                0x00000000   Number         0  stubs.o ABSOLUTE
    _printf_percent                          0x00000000   Number         0  stubs.o ABSOLUTE
    _printf_pre_padding                      0x00000000   Number         0  stubs.o ABSOLUTE
    _printf_return_value                     0x00000000   Number         0  stubs.o ABSOLUTE
    _printf_s                                0x00000000   Number         0  stubs.o ABSOLUTE
    _printf_sizespec                         0x00000000   Number         0  stubs.o ABSOLUTE
    _printf_str                              0x00000000   Number         0  stubs.o ABSOLUTE
    _printf_truncate_signed                  0x00000000   Number         0  stubs.o ABSOLUTE
    _printf_truncate_unsigned                0x00000000   Number         0  stubs.o ABSOLUTE
    _printf_u                                0x00000000   Number         0  stubs.o ABSOLUTE
    _printf_wc                               0x00000000   Number         0  stubs.o ABSOLUTE
    _printf_wctomb                           0x00000000   Number         0  stubs.o ABSOLUTE
    _printf_widthprec                        0x00000000   Number         0  stubs.o ABSOLUTE
    _printf_x                                0x00000000   Number         0  stubs.o ABSOLUTE
    __arm_fini_                               - Undefined Weak Reference
    __cpp_initialize__aeabi_                  - Undefined Weak Reference
    __cxa_finalize                            - Undefined Weak Reference
    __decompress                              - Undefined Weak Reference
    _clock_init                               - Undefined Weak Reference
    _microlib_exit                            - Undefined Weak Reference
    __Vectors_Size                           0x000000c0   Number         0  startup_stm32f070x6.o ABSOLUTE
    __Vectors                                0x08000000   Data           4  startup_stm32f070x6.o(RESET)
    __Vectors_End                            0x080000c0   Data           0  startup_stm32f070x6.o(RESET)
    __main                                   0x080000c1   Thumb Code     0  entry.o(.ARM.Collect$$$$00000000)
    _main_stk                                0x080000c1   Thumb Code     0  entry2.o(.ARM.Collect$$$$00000001)
    _main_scatterload                        0x080000c5   Thumb Code     0  entry5.o(.ARM.Collect$$$$00000004)
    __main_after_scatterload                 0x080000c9   Thumb Code     0  entry5.o(.ARM.Collect$$$$00000004)
    _main_clock                              0x080000c9   Thumb Code     0  entry7b.o(.ARM.Collect$$$$00000008)
    _main_cpp_init                           0x080000c9   Thumb Code     0  entry8b.o(.ARM.Collect$$$$0000000A)
    _main_init                               0x080000c9   Thumb Code     0  entry9a.o(.ARM.Collect$$$$0000000B)
    __rt_lib_shutdown_fini                   0x080000d1   Thumb Code     0  entry12b.o(.ARM.Collect$$$$0000000E)
    __rt_final_cpp                           0x080000d5   Thumb Code     0  entry10a.o(.ARM.Collect$$$$0000000F)
    __rt_final_exit                          0x080000d5   Thumb Code     0  entry11a.o(.ARM.Collect$$$$00000011)
    Reset_Handler                            0x080000d9   Thumb Code    38  startup_stm32f070x6.o(.text)
    NMI_Handler                              0x080000ff   Thumb Code     2  startup_stm32f070x6.o(.text)
    HardFault_Handler                        0x08000101   Thumb Code     2  startup_stm32f070x6.o(.text)
    SVC_Handler                              0x08000103   Thumb Code     2  startup_stm32f070x6.o(.text)
    PendSV_Handler                           0x08000105   Thumb Code     2  startup_stm32f070x6.o(.text)
    ADC1_IRQHandler                          0x08000109   Thumb Code     0  startup_stm32f070x6.o(.text)
    DMA1_Channel1_IRQHandler                 0x08000109   Thumb Code     0  startup_stm32f070x6.o(.text)
    DMA1_Channel2_3_IRQHandler               0x08000109   Thumb Code     0  startup_stm32f070x6.o(.text)
    DMA1_Channel4_5_IRQHandler               0x08000109   Thumb Code     0  startup_stm32f070x6.o(.text)
    EXTI0_1_IRQHandler                       0x08000109   Thumb Code     0  startup_stm32f070x6.o(.text)
    EXTI2_3_IRQHandler                       0x08000109   Thumb Code     0  startup_stm32f070x6.o(.text)
    EXTI4_15_IRQHandler                      0x08000109   Thumb Code     0  startup_stm32f070x6.o(.text)
    FLASH_IRQHandler                         0x08000109   Thumb Code     0  startup_stm32f070x6.o(.text)
    I2C1_IRQHandler                          0x08000109   Thumb Code     0  startup_stm32f070x6.o(.text)
    RCC_IRQHandler                           0x08000109   Thumb Code     0  startup_stm32f070x6.o(.text)
    RTC_IRQHandler                           0x08000109   Thumb Code     0  startup_stm32f070x6.o(.text)
    SPI1_IRQHandler                          0x08000109   Thumb Code     0  startup_stm32f070x6.o(.text)
    TIM14_IRQHandler                         0x08000109   Thumb Code     0  startup_stm32f070x6.o(.text)
    TIM16_IRQHandler                         0x08000109   Thumb Code     0  startup_stm32f070x6.o(.text)
    TIM17_IRQHandler                         0x08000109   Thumb Code     0  startup_stm32f070x6.o(.text)
    TIM1_BRK_UP_TRG_COM_IRQHandler           0x08000109   Thumb Code     0  startup_stm32f070x6.o(.text)
    TIM1_CC_IRQHandler                       0x08000109   Thumb Code     0  startup_stm32f070x6.o(.text)
    TIM3_IRQHandler                          0x08000109   Thumb Code     0  startup_stm32f070x6.o(.text)
    USB_IRQHandler                           0x08000109   Thumb Code     0  startup_stm32f070x6.o(.text)
    WWDG_IRQHandler                          0x08000109   Thumb Code     0  startup_stm32f070x6.o(.text)
    __aeabi_uidiv                            0x08000131   Thumb Code     0  uidiv.o(.text)
    __aeabi_uidivmod                         0x08000131   Thumb Code    44  uidiv.o(.text)
    __aeabi_idiv                             0x0800015d   Thumb Code     0  idiv.o(.text)
    __aeabi_idivmod                          0x0800015d   Thumb Code    40  idiv.o(.text)
    __aeabi_memcpy                           0x08000185   Thumb Code    36  memcpya.o(.text)
    __aeabi_memcpy4                          0x08000185   Thumb Code     0  memcpya.o(.text)
    __aeabi_memcpy8                          0x08000185   Thumb Code     0  memcpya.o(.text)
    __aeabi_memset                           0x080001a9   Thumb Code    14  memseta.o(.text)
    __aeabi_memset4                          0x080001a9   Thumb Code     0  memseta.o(.text)
    __aeabi_memset8                          0x080001a9   Thumb Code     0  memseta.o(.text)
    __aeabi_memclr                           0x080001b7   Thumb Code     4  memseta.o(.text)
    __aeabi_memclr4                          0x080001b7   Thumb Code     0  memseta.o(.text)
    __aeabi_memclr8                          0x080001b7   Thumb Code     0  memseta.o(.text)
    _memset$wrapper                          0x080001bb   Thumb Code    18  memseta.o(.text)
    memcmp                                   0x080001cd   Thumb Code    26  memcmp.o(.text)
    __scatterload                            0x080001e9   Thumb Code    28  init.o(.text)
    __scatterload_rt2                        0x080001e9   Thumb Code     0  init.o(.text)
    FLASH_ClearFlag                          0x0800020d   Thumb Code     6  stm32f0xx_flash.o(i.FLASH_ClearFlag)
    FLASH_ErasePage                          0x08000219   Thumb Code    72  stm32f0xx_flash.o(i.FLASH_ErasePage)
    FLASH_GetStatus                          0x08000265   Thumb Code    54  stm32f0xx_flash.o(i.FLASH_GetStatus)
    FLASH_Lock                               0x080002a1   Thumb Code    14  stm32f0xx_flash.o(i.FLASH_Lock)
    FLASH_ProgramHalfWord                    0x080002b5   Thumb Code    62  stm32f0xx_flash.o(i.FLASH_ProgramHalfWord)
    FLASH_ProgramWord                        0x080002f9   Thumb Code   104  stm32f0xx_flash.o(i.FLASH_ProgramWord)
    FLASH_Unlock                             0x08000365   Thumb Code    24  stm32f0xx_flash.o(i.FLASH_Unlock)
    FLASH_WaitForLastOperation               0x08000389   Thumb Code    40  stm32f0xx_flash.o(i.FLASH_WaitForLastOperation)
    GPIO_Init                                0x080003b1   Thumb Code   144  stm32f0xx_gpio.o(i.GPIO_Init)
    GPIO_PinAFConfig                         0x08000441   Thumb Code    68  stm32f0xx_gpio.o(i.GPIO_PinAFConfig)
    GPIO_ResetBits                           0x08000485   Thumb Code     4  stm32f0xx_gpio.o(i.GPIO_ResetBits)
    GPIO_SetBits                             0x08000489   Thumb Code     4  stm32f0xx_gpio.o(i.GPIO_SetBits)
    IWDG_Enable                              0x0800048d   Thumb Code     8  stm32f0xx_iwdg.o(i.IWDG_Enable)
    IWDG_ReloadCounter                       0x0800049d   Thumb Code     8  stm32f0xx_iwdg.o(i.IWDG_ReloadCounter)
    IWDG_SetPrescaler                        0x080004ad   Thumb Code     6  stm32f0xx_iwdg.o(i.IWDG_SetPrescaler)
    IWDG_SetReload                           0x080004b9   Thumb Code     6  stm32f0xx_iwdg.o(i.IWDG_SetReload)
    IWDG_WriteAccessCmd                      0x080004c5   Thumb Code     6  stm32f0xx_iwdg.o(i.IWDG_WriteAccessCmd)
    MBS_CoreAnalyze                          0x08000671   Thumb Code    84  modbus_core.o(i.MBS_CoreAnalyze)
    MBS_CorePoll                             0x080006c9   Thumb Code    46  modbus_core.o(i.MBS_CorePoll)
    MBS_Function01H                          0x08000701   Thumb Code   352  modbus_hook.o(i.MBS_Function01H)
    MBS_Function03H                          0x08000869   Thumb Code   216  modbus_hook.o(i.MBS_Function03H)
    MBS_Function05H                          0x08000949   Thumb Code   104  modbus_hook.o(i.MBS_Function05H)
    MBS_Function06H                          0x080009b9   Thumb Code    76  modbus_hook.o(i.MBS_Function06H)
    MBS_Function0FH                          0x08000a0d   Thumb Code   154  modbus_hook.o(i.MBS_Function0FH)
    MBS_Function10H                          0x08000ab1   Thumb Code   110  modbus_hook.o(i.MBS_Function10H)
    MBS_MappingCoilInit                      0x08000b29   Thumb Code     6  modbus_user.o(i.MBS_MappingCoilInit)
    MBS_MappingHoldRegInit                   0x08000b2f   Thumb Code     6  modbus_user.o(i.MBS_MappingHoldRegInit)
    MBS_MappingInit                          0x08000b35   Thumb Code   130  modbus_user.o(i.MBS_MappingInit)
    MBS_MemReadCoilState                     0x08000bd9   Thumb Code    52  modbus_user.o(i.MBS_MemReadCoilState)
    MBS_MemReadHoldRegValue                  0x08000c11   Thumb Code    94  modbus_user.o(i.MBS_MemReadHoldRegValue)
    MBS_MemWriteCoilState                    0x08000c75   Thumb Code    62  modbus_user.o(i.MBS_MemWriteCoilState)
    MBS_MemWriteCoilsState                   0x08000cb9   Thumb Code   100  modbus_user.o(i.MBS_MemWriteCoilsState)
    MBS_MemWriteHoldRegValue                 0x08000d21   Thumb Code   104  modbus_user.o(i.MBS_MemWriteHoldRegValue)
    MBS_PhysicalSendBuff                     0x08000d8d   Thumb Code    16  modbus_core.o(i.MBS_PhysicalSendBuff)
    MBS_PortSendAck                          0x08000d9d   Thumb Code    86  modbus_core.o(i.MBS_PortSendAck)
    MBS_PortSendWithCRC                      0x08000df9   Thumb Code    44  modbus_core.o(i.MBS_PortSendWithCRC)
    MbsFlashDataSyn                          0x08000e25   Thumb Code   260  bsp_driver.o(i.MbsFlashDataSyn)
    NVIC_Init                                0x08000f3d   Thumb Code   106  stm32f0xx_misc.o(i.NVIC_Init)
    RCC_AHBPeriphClockCmd                    0x08001041   Thumb Code    28  stm32f0xx_rcc.o(i.RCC_AHBPeriphClockCmd)
    RCC_APB1PeriphClockCmd                   0x08001061   Thumb Code    28  stm32f0xx_rcc.o(i.RCC_APB1PeriphClockCmd)
    RCC_APB2PeriphClockCmd                   0x08001081   Thumb Code    28  stm32f0xx_rcc.o(i.RCC_APB2PeriphClockCmd)
    SysTick_Handler                          0x08001235   Thumb Code    80  stm32f0xx_it.o(i.SysTick_Handler)
    SystemCoreClockUpdate                    0x08001291   Thumb Code   154  system_stm32f0xx.o(i.SystemCoreClockUpdate)
    SystemInit                               0x08001341   Thumb Code   110  system_stm32f0xx.o(i.SystemInit)
    USART1_IRQHandler                        0x0800148d   Thumb Code   106  stm32f0xx_it.o(i.USART1_IRQHandler)
    USART2_IRQHandler                        0x08001505   Thumb Code   106  stm32f0xx_it.o(i.USART2_IRQHandler)
    UartBleSendData                          0x0800157d   Thumb Code    40  bsp_driver.o(i.UartBleSendData)
    UartMbsSendData                          0x080015a9   Thumb Code    78  bsp_driver.o(i.UartMbsSendData)
    __ARM_common_switch8                     0x080016d1   Thumb Code    28  ymodem.o(i.__ARM_common_switch8)
    __scatterload_copy                       0x080016ed   Thumb Code    14  handlers.o(i.__scatterload_copy)
    __scatterload_null                       0x080016fb   Thumb Code     2  handlers.o(i.__scatterload_null)
    __scatterload_zeroinit                   0x080016fd   Thumb Code    14  handlers.o(i.__scatterload_zeroinit)
    delay_ms                                 0x0800170d   Thumb Code    30  stm32f0xx_it.o(i.delay_ms)
    flash_erase                              0x08001735   Thumb Code    52  bsp_driver.o(i.flash_erase)
    flash_program_bytes                      0x0800176d   Thumb Code    80  bsp_driver.o(i.flash_program_bytes)
    flash_write_halfword                     0x080017bd   Thumb Code    30  bsp_driver.o(i.flash_write_halfword)
    gpio_init                                0x080017dd   Thumb Code   154  bsp_driver.o(i.gpio_init)
    jumpToApplication                        0x08001881   Thumb Code    30  bsp_driver.o(i.jumpToApplication)
    main                                     0x080018a5   Thumb Code    98  main.o(i.main)
    mb_crc16                                 0x08001929   Thumb Code    46  modbus_crc.o(i.mb_crc16)
    millis                                   0x08001961   Thumb Code     6  stm32f0xx_it.o(i.millis)
    system_run                               0x0800196d   Thumb Code    30  app.o(i.system_run)
    uart_init                                0x08001999   Thumb Code    66  bsp_driver.o(i.uart_init)
    watchDog_init                            0x080019e9   Thumb Code    30  bsp_driver.o(i.watchDog_init)
    ymodem_init                              0x08001a11   Thumb Code    18  ymodem.o(i.ymodem_init)
    ymodem_packet_analysis                   0x08001a29   Thumb Code   588  ymodem.o(i.ymodem_packet_analysis)
    TblCRCHi                                 0x08001c7c   Data         256  modbus_crc.o(.constdata)
    TblCRCLo                                 0x08001d7c   Data         256  modbus_crc.o(.constdata)
    Region$$Table$$Base                      0x08001e7c   Number         0  anon$$obj.o(Region$$Table)
    Region$$Table$$Limit                     0x08001e9c   Number         0  anon$$obj.o(Region$$Table)
    SystemCoreClock                          0x200000c0   Data           4  system_stm32f0xx.o(.data)
    AHBPrescTable                            0x200000c4   Data          16  system_stm32f0xx.o(.data)
    sys_ms                                   0x200000d4   Data           4  stm32f0xx_it.o(.data)
    TimingDelay                              0x200000d8   Data           4  stm32f0xx_it.o(.data)
    offset                                   0x200000dc   Data           4  bsp_driver.o(.data)
    mbs_has_data                             0x2000011c   Data           1  modbus_core.o(.data)
    mbsCoil                                  0x20000120   Data          12  modbus_user.o(.data)
    mbsHoldReg                               0x2000012c   Data          12  modbus_user.o(.data)
    uart_ble_state                           0x20000138   Data         259  bsp_driver.o(.bss)
    uart_rs485_state                         0x2000023b   Data         259  bsp_driver.o(.bss)
    ymodem_session                           0x20000340   Data          60  ymodem.o(.bss)
    MBS_Buf                                  0x2000037c   Data         132  modbus_core.o(.bss)
    mbsCoilValue                             0x20000400   Data          44  modbus_user.o(.bss)
    mbsHoldRegValue                          0x2000042c   Data          68  modbus_user.o(.bss)
    __initial_sp                             0x20000870   Data           0  startup_stm32f070x6.o(STACK)



==============================================================================

Memory Map of the image

  Image Entry point : 0x080000c1

  Load Region LR_IROM1 (Base: 0x08000000, Size: 0x00001f14, Max: 0x00002000, ABSOLUTE)

    Execution Region ER_IROM1 (Exec base: 0x08000000, Load base: 0x08000000, Size: 0x00001e9c, Max: 0x00002000, ABSOLUTE)

    Exec Addr    Load Addr    Size         Type   Attr      Idx    E Section Name        Object

    0x08000000   0x08000000   0x000000c0   Data   RO          130    RESET               startup_stm32f070x6.o
    0x080000c0   0x080000c0   0x00000000   Code   RO         2435  * .ARM.Collect$$$$00000000  mc_p.l(entry.o)
    0x080000c0   0x080000c0   0x00000004   Code   RO         2725    .ARM.Collect$$$$00000001  mc_p.l(entry2.o)
    0x080000c4   0x080000c4   0x00000004   Code   RO         2728    .ARM.Collect$$$$00000004  mc_p.l(entry5.o)
    0x080000c8   0x080000c8   0x00000000   Code   RO         2730    .ARM.Collect$$$$00000008  mc_p.l(entry7b.o)
    0x080000c8   0x080000c8   0x00000000   Code   RO         2732    .ARM.Collect$$$$0000000A  mc_p.l(entry8b.o)
    0x080000c8   0x080000c8   0x00000008   Code   RO         2733    .ARM.Collect$$$$0000000B  mc_p.l(entry9a.o)
    0x080000d0   0x080000d0   0x00000004   Code   RO         2740    .ARM.Collect$$$$0000000E  mc_p.l(entry12b.o)
    0x080000d4   0x080000d4   0x00000000   Code   RO         2735    .ARM.Collect$$$$0000000F  mc_p.l(entry10a.o)
    0x080000d4   0x080000d4   0x00000000   Code   RO         2737    .ARM.Collect$$$$00000011  mc_p.l(entry11a.o)
    0x080000d4   0x080000d4   0x00000004   Code   RO         2726    .ARM.Collect$$$$00002712  mc_p.l(entry2.o)
    0x080000d8   0x080000d8   0x00000058   Code   RO          131    .text               startup_stm32f070x6.o
    0x08000130   0x08000130   0x0000002c   Code   RO         2438    .text               mc_p.l(uidiv.o)
    0x0800015c   0x0800015c   0x00000028   Code   RO         2440    .text               mc_p.l(idiv.o)
    0x08000184   0x08000184   0x00000024   Code   RO         2442    .text               mc_p.l(memcpya.o)
    0x080001a8   0x080001a8   0x00000024   Code   RO         2444    .text               mc_p.l(memseta.o)
    0x080001cc   0x080001cc   0x0000001a   Code   RO         2448    .text               mc_p.l(memcmp.o)
    0x080001e6   0x080001e6   0x00000002   PAD
    0x080001e8   0x080001e8   0x00000024   Code   RO         2792    .text               mc_p.l(init.o)
    0x0800020c   0x0800020c   0x0000000c   Code   RO         2049    i.FLASH_ClearFlag   stm32f0xx_flash.o
    0x08000218   0x08000218   0x0000004c   Code   RO         2051    i.FLASH_ErasePage   stm32f0xx_flash.o
    0x08000264   0x08000264   0x0000003c   Code   RO         2054    i.FLASH_GetStatus   stm32f0xx_flash.o
    0x080002a0   0x080002a0   0x00000014   Code   RO         2056    i.FLASH_Lock        stm32f0xx_flash.o
    0x080002b4   0x080002b4   0x00000044   Code   RO         2075    i.FLASH_ProgramHalfWord  stm32f0xx_flash.o
    0x080002f8   0x080002f8   0x0000006c   Code   RO         2076    i.FLASH_ProgramWord  stm32f0xx_flash.o
    0x08000364   0x08000364   0x00000024   Code   RO         2078    i.FLASH_Unlock      stm32f0xx_flash.o
    0x08000388   0x08000388   0x00000028   Code   RO         2079    i.FLASH_WaitForLastOperation  stm32f0xx_flash.o
    0x080003b0   0x080003b0   0x00000090   Code   RO         1520    i.GPIO_Init         stm32f0xx_gpio.o
    0x08000440   0x08000440   0x00000044   Code   RO         1521    i.GPIO_PinAFConfig  stm32f0xx_gpio.o
    0x08000484   0x08000484   0x00000004   Code   RO         1527    i.GPIO_ResetBits    stm32f0xx_gpio.o
    0x08000488   0x08000488   0x00000004   Code   RO         1528    i.GPIO_SetBits      stm32f0xx_gpio.o
    0x0800048c   0x0800048c   0x00000010   Code   RO         1611    i.IWDG_Enable       stm32f0xx_iwdg.o
    0x0800049c   0x0800049c   0x00000010   Code   RO         1613    i.IWDG_ReloadCounter  stm32f0xx_iwdg.o
    0x080004ac   0x080004ac   0x0000000c   Code   RO         1614    i.IWDG_SetPrescaler  stm32f0xx_iwdg.o
    0x080004b8   0x080004b8   0x0000000c   Code   RO         1615    i.IWDG_SetReload    stm32f0xx_iwdg.o
    0x080004c4   0x080004c4   0x0000000c   Code   RO         1617    i.IWDG_WriteAccessCmd  stm32f0xx_iwdg.o
    0x080004d0   0x080004d0   0x000000b4   Code   RO          173    i.IapCheck          main.o
    0x08000584   0x08000584   0x000000b4   Code   RO          424    i.IapPacketCheck    app.o
    0x08000638   0x08000638   0x00000038   Code   RO          425    i.LedCtrl           app.o
    0x08000670   0x08000670   0x00000058   Code   RO         2249    i.MBS_CoreAnalyze   modbus_core.o
    0x080006c8   0x080006c8   0x00000038   Code   RO         2250    i.MBS_CorePoll      modbus_core.o
    0x08000700   0x08000700   0x00000168   Code   RO         2316    i.MBS_Function01H   modbus_hook.o
    0x08000868   0x08000868   0x000000e0   Code   RO         2317    i.MBS_Function03H   modbus_hook.o
    0x08000948   0x08000948   0x00000070   Code   RO         2318    i.MBS_Function05H   modbus_hook.o
    0x080009b8   0x080009b8   0x00000054   Code   RO         2319    i.MBS_Function06H   modbus_hook.o
    0x08000a0c   0x08000a0c   0x000000a4   Code   RO         2320    i.MBS_Function0FH   modbus_hook.o
    0x08000ab0   0x08000ab0   0x00000078   Code   RO         2321    i.MBS_Function10H   modbus_hook.o
    0x08000b28   0x08000b28   0x00000006   Code   RO         2367    i.MBS_MappingCoilInit  modbus_user.o
    0x08000b2e   0x08000b2e   0x00000006   Code   RO         2368    i.MBS_MappingHoldRegInit  modbus_user.o
    0x08000b34   0x08000b34   0x000000a4   Code   RO         2369    i.MBS_MappingInit   modbus_user.o
    0x08000bd8   0x08000bd8   0x00000038   Code   RO         2370    i.MBS_MemReadCoilState  modbus_user.o
    0x08000c10   0x08000c10   0x00000064   Code   RO         2371    i.MBS_MemReadHoldRegValue  modbus_user.o
    0x08000c74   0x08000c74   0x00000044   Code   RO         2372    i.MBS_MemWriteCoilState  modbus_user.o
    0x08000cb8   0x08000cb8   0x00000068   Code   RO         2373    i.MBS_MemWriteCoilsState  modbus_user.o
    0x08000d20   0x08000d20   0x0000006c   Code   RO         2374    i.MBS_MemWriteHoldRegValue  modbus_user.o
    0x08000d8c   0x08000d8c   0x00000010   Code   RO         2251    i.MBS_PhysicalSendBuff  modbus_core.o
    0x08000d9c   0x08000d9c   0x0000005c   Code   RO         2252    i.MBS_PortSendAck   modbus_core.o
    0x08000df8   0x08000df8   0x0000002c   Code   RO         2253    i.MBS_PortSendWithCRC  modbus_core.o
    0x08000e24   0x08000e24   0x00000118   Code   RO          323    i.MbsFlashDataSyn   bsp_driver.o
    0x08000f3c   0x08000f3c   0x00000070   Code   RO          137    i.NVIC_Init         stm32f0xx_misc.o
    0x08000fac   0x08000fac   0x00000078   Code   RO          174    i.NVIC_SetPriority  main.o
    0x08001024   0x08001024   0x0000001c   Code   RO          426    i.NVIC_SystemReset  app.o
    0x08001040   0x08001040   0x00000020   Code   RO         1258    i.RCC_AHBPeriphClockCmd  stm32f0xx_rcc.o
    0x08001060   0x08001060   0x00000020   Code   RO         1260    i.RCC_APB1PeriphClockCmd  stm32f0xx_rcc.o
    0x08001080   0x08001080   0x00000020   Code   RO         1262    i.RCC_APB2PeriphClockCmd  stm32f0xx_rcc.o
    0x080010a0   0x080010a0   0x0000014c   Code   RO            3    i.SetSysClock       system_stm32f0xx.o
    0x080011ec   0x080011ec   0x00000048   Code   RO          427    i.SysMonitor        app.o
    0x08001234   0x08001234   0x0000005c   Code   RO          266    i.SysTick_Handler   stm32f0xx_it.o
    0x08001290   0x08001290   0x000000b0   Code   RO            4    i.SystemCoreClockUpdate  system_stm32f0xx.o
    0x08001340   0x08001340   0x0000007c   Code   RO            5    i.SystemInit        system_stm32f0xx.o
    0x080013bc   0x080013bc   0x00000074   Code   RO          429    i.Task2_uart_rs485  app.o
    0x08001430   0x08001430   0x0000005c   Code   RO          430    i.Task3_period_process  app.o
    0x0800148c   0x0800148c   0x00000078   Code   RO          267    i.USART1_IRQHandler  stm32f0xx_it.o
    0x08001504   0x08001504   0x00000078   Code   RO          268    i.USART2_IRQHandler  stm32f0xx_it.o
    0x0800157c   0x0800157c   0x0000002c   Code   RO          324    i.UartBleSendData   bsp_driver.o
    0x080015a8   0x080015a8   0x00000054   Code   RO          325    i.UartMbsSendData   bsp_driver.o
    0x080015fc   0x080015fc   0x00000040   Code   RO          530    i.UpdateCRC16       ymodem.o
    0x0800163c   0x0800163c   0x00000034   Code   RO          531    i.YmodemCRC         ymodem.o
    0x08001670   0x08001670   0x00000060   Code   RO          431    i.Ymodem_timeout_process  app.o
    0x080016d0   0x080016d0   0x0000001c   Code   RO          564    i.__ARM_common_switch8  ymodem.o
    0x080016ec   0x080016ec   0x0000000e   Code   RO         2808    i.__scatterload_copy  mc_p.l(handlers.o)
    0x080016fa   0x080016fa   0x00000002   Code   RO         2809    i.__scatterload_null  mc_p.l(handlers.o)
    0x080016fc   0x080016fc   0x0000000e   Code   RO         2810    i.__scatterload_zeroinit  mc_p.l(handlers.o)
    0x0800170a   0x0800170a   0x00000002   PAD
    0x0800170c   0x0800170c   0x00000028   Code   RO          269    i.delay_ms          stm32f0xx_it.o
    0x08001734   0x08001734   0x00000038   Code   RO          326    i.flash_erase       bsp_driver.o
    0x0800176c   0x0800176c   0x00000050   Code   RO          327    i.flash_program_bytes  bsp_driver.o
    0x080017bc   0x080017bc   0x0000001e   Code   RO          329    i.flash_write_halfword  bsp_driver.o
    0x080017da   0x080017da   0x00000002   PAD
    0x080017dc   0x080017dc   0x000000a4   Code   RO          331    i.gpio_init         bsp_driver.o
    0x08001880   0x08001880   0x00000024   Code   RO          332    i.jumpToApplication  bsp_driver.o
    0x080018a4   0x080018a4   0x00000084   Code   RO          175    i.main              main.o
    0x08001928   0x08001928   0x00000038   Code   RO         2299    i.mb_crc16          modbus_crc.o
    0x08001960   0x08001960   0x0000000c   Code   RO          271    i.millis            stm32f0xx_it.o
    0x0800196c   0x0800196c   0x0000002c   Code   RO          434    i.system_run        app.o
    0x08001998   0x08001998   0x00000050   Code   RO          333    i.uart_init         bsp_driver.o
    0x080019e8   0x080019e8   0x00000028   Code   RO          334    i.watchDog_init     bsp_driver.o
    0x08001a10   0x08001a10   0x00000018   Code   RO          532    i.ymodem_init       ymodem.o
    0x08001a28   0x08001a28   0x00000254   Code   RO          533    i.ymodem_packet_analysis  ymodem.o
    0x08001c7c   0x08001c7c   0x00000200   Data   RO         2300    .constdata          modbus_crc.o
    0x08001e7c   0x08001e7c   0x00000020   Data   RO         2806    Region$$Table       anon$$obj.o


    Execution Region RW_IRAM1 (Exec base: 0x200000c0, Load base: 0x08001e9c, Size: 0x000007b0, Max: 0x00001740, ABSOLUTE)

    Exec Addr    Load Addr    Size         Type   Attr      Idx    E Section Name        Object

    0x200000c0   0x08001e9c   0x00000014   Data   RW            6    .data               system_stm32f0xx.o
    0x200000d4   0x08001eb0   0x00000008   Data   RW          272    .data               stm32f0xx_it.o
    0x200000dc   0x08001eb8   0x00000004   Data   RW          336    .data               bsp_driver.o
    0x200000e0   0x08001ebc   0x0000003c   Data   RW          436    .data               app.o
    0x2000011c   0x08001ef8   0x00000001   Data   RW         2255    .data               modbus_core.o
    0x2000011d   0x08001ef9   0x00000003   PAD
    0x20000120   0x08001efc   0x00000018   Data   RW         2376    .data               modbus_user.o
    0x20000138        -       0x00000206   Zero   RW          335    .bss                bsp_driver.o
    0x2000033e   0x08001f14   0x00000002   PAD
    0x20000340        -       0x0000003c   Zero   RW          534    .bss                ymodem.o
    0x2000037c        -       0x00000084   Zero   RW         2254    .bss                modbus_core.o
    0x20000400        -       0x00000070   Zero   RW         2375    .bss                modbus_user.o
    0x20000470        -       0x00000400   Zero   RW          128    STACK               startup_stm32f070x6.o


==============================================================================

Image component sizes


      Code (inc. data)   RO Data    RW Data    ZI Data      Debug   Object Name

       684         88          0         60          0      11765   app.o
       894         74          0          4        518       7982   bsp_driver.o
       432         66          0          0          0       9691   main.o
       296         20          0          1        132       4770   modbus_core.o
        56         10        512          0          0       1223   modbus_crc.o
      1064         52          0          0          0       4012   modbus_hook.o
       612         58          0         24        112       7463   modbus_user.o
        88         38        192          0       1024        592   startup_stm32f070x6.o
       420         44          0          0          0       4571   stm32f0xx_flash.o
       220          0          0          0          0       2607   stm32f0xx_gpio.o
       384         56          0          8          0       2715   stm32f0xx_it.o
        68         34          0          0          0       2250   stm32f0xx_iwdg.o
       112          6          0          0          0        784   stm32f0xx_misc.o
        96         12          0          0          0       1582   stm32f0xx_rcc.o
       632         46          0         20          0     174461   system_stm32f0xx.o
       764         30          0          0         60       4080   ymodem.o

    ----------------------------------------------------------------------
      6824        634        736        120       1848     240548   Object Totals
         0          0         32          0          0          0   (incl. Generated)
         2          0          0          3          2          0   (incl. Padding)

    ----------------------------------------------------------------------

      Code (inc. data)   RO Data    RW Data    ZI Data      Debug   Library Member Name

         0          0          0          0          0          0   entry.o
         0          0          0          0          0          0   entry10a.o
         0          0          0          0          0          0   entry11a.o
         4          0          0          0          0          0   entry12b.o
         8          4          0          0          0          0   entry2.o
         4          0          0          0          0          0   entry5.o
         0          0          0          0          0          0   entry7b.o
         0          0          0          0          0          0   entry8b.o
         8          4          0          0          0          0   entry9a.o
        30          0          0          0          0          0   handlers.o
        40          0          0          0          0         72   idiv.o
        36          8          0          0          0         68   init.o
        26          0          0          0          0         72   memcmp.o
        36          0          0          0          0         60   memcpya.o
        36          0          0          0          0        100   memseta.o
        44          0          0          0          0         72   uidiv.o

    ----------------------------------------------------------------------
       276         16          0          0          0        444   Library Totals
         4          0          0          0          0          0   (incl. Padding)

    ----------------------------------------------------------------------

      Code (inc. data)   RO Data    RW Data    ZI Data      Debug   Library Name

       272         16          0          0          0        444   mc_p.l

    ----------------------------------------------------------------------
       276         16          0          0          0        444   Library Totals

    ----------------------------------------------------------------------

==============================================================================


      Code (inc. data)   RO Data    RW Data    ZI Data      Debug   

      7100        650        736        120       1848     237888   Grand Totals
      7100        650        736        120       1848     237888   ELF Image Totals
      7100        650        736        120          0          0   ROM Totals

==============================================================================

    Total RO  Size (Code + RO Data)                 7836 (   7.65kB)
    Total RW  Size (RW Data + ZI Data)              1968 (   1.92kB)
    Total ROM Size (Code + RO Data + RW Data)       7956 (   7.77kB)

==============================================================================

